Archive member included because of file (symbol)

.\CortexM3\ARM_GCC_484\Debug\Node-Elephant-Terminal.a(cyfitter_cfg.o)
                              .\CortexM3\ARM_GCC_484\Debug\Cm3Start.o (cyfitter_cfg)
.\CortexM3\ARM_GCC_484\Debug\Node-Elephant-Terminal.a(USBUART.o)
                              .\CortexM3\ARM_GCC_484\Debug\main.o (USBUART_Start)
.\CortexM3\ARM_GCC_484\Debug\Node-Elephant-Terminal.a(USBUART_cdc.o)
                              .\CortexM3\ARM_GCC_484\Debug\uart-terminal.o (USBUART_CDC_Init)
.\CortexM3\ARM_GCC_484\Debug\Node-Elephant-Terminal.a(USBUART_drv.o)
                              .\CortexM3\ARM_GCC_484\Debug\Node-Elephant-Terminal.a(USBUART.o) (USBUART_EP)
.\CortexM3\ARM_GCC_484\Debug\Node-Elephant-Terminal.a(USBUART_episr.o)
                              .\CortexM3\ARM_GCC_484\Debug\Node-Elephant-Terminal.a(USBUART.o) (USBUART_EP_1_ISR)
.\CortexM3\ARM_GCC_484\Debug\Node-Elephant-Terminal.a(USBUART_hid.o)
                              .\CortexM3\ARM_GCC_484\Debug\Node-Elephant-Terminal.a(USBUART.o) (USBUART_hidProtocol)
.\CortexM3\ARM_GCC_484\Debug\Node-Elephant-Terminal.a(USBUART_std.o)
                              .\CortexM3\ARM_GCC_484\Debug\Node-Elephant-Terminal.a(USBUART_drv.o) (USBUART_HandleStandardRqst)
.\CortexM3\ARM_GCC_484\Debug\Node-Elephant-Terminal.a(USBUART_vnd.o)
                              .\CortexM3\ARM_GCC_484\Debug\Node-Elephant-Terminal.a(USBUART_drv.o) (USBUART_HandleVendorRqst)
.\CortexM3\ARM_GCC_484\Debug\Node-Elephant-Terminal.a(LCD.o)
                              .\CortexM3\ARM_GCC_484\Debug\main.o (LCD_Start)
.\CortexM3\ARM_GCC_484\Debug\Node-Elephant-Terminal.a(ADC_SAR.o)
                              .\CortexM3\ARM_GCC_484\Debug\main.o (ADC_SAR_Start)
.\CortexM3\ARM_GCC_484\Debug\Node-Elephant-Terminal.a(ADC_SAR_INT.o)
                              .\CortexM3\ARM_GCC_484\Debug\Node-Elephant-Terminal.a(ADC_SAR.o) (ADC_SAR_ISR)
.\CortexM3\ARM_GCC_484\Debug\Node-Elephant-Terminal.a(ADC_SAR_SAR.o)
                              .\CortexM3\ARM_GCC_484\Debug\Node-Elephant-Terminal.a(ADC_SAR.o) (ADC_SAR_SAR_shift)
.\CortexM3\ARM_GCC_484\Debug\Node-Elephant-Terminal.a(ADC_SAR_TempBuf_dma.o)
                              .\CortexM3\ARM_GCC_484\Debug\Node-Elephant-Terminal.a(ADC_SAR.o) (ADC_SAR_TempBuf_DmaInitialize)
.\CortexM3\ARM_GCC_484\Debug\Node-Elephant-Terminal.a(ADC_SAR_FinalBuf_dma.o)
                              .\CortexM3\ARM_GCC_484\Debug\Node-Elephant-Terminal.a(ADC_SAR.o) (ADC_SAR_FinalBuf_DmaInitialize)
.\CortexM3\ARM_GCC_484\Debug\Node-Elephant-Terminal.a(ADC_SAR_IRQ.o)
                              .\CortexM3\ARM_GCC_484\Debug\Node-Elephant-Terminal.a(ADC_SAR.o) (ADC_SAR_IRQ_SetVector)
.\CortexM3\ARM_GCC_484\Debug\Node-Elephant-Terminal.a(CyBootAsmGnu.o)
                              .\CortexM3\ARM_GCC_484\Debug\Node-Elephant-Terminal.a(cyfitter_cfg.o) (CyDelayCycles)
.\CortexM3\ARM_GCC_484\Debug\Node-Elephant-Terminal.a(CyDmac.o)
                              .\CortexM3\ARM_GCC_484\Debug\Cm3Start.o (CyDmacConfigure)
.\CortexM3\ARM_GCC_484\Debug\Node-Elephant-Terminal.a(CyLib.o)
                              .\CortexM3\ARM_GCC_484\Debug\Cm3Start.o (CyResetStatus)
.\CortexM3\ARM_GCC_484\Debug\Node-Elephant-Terminal.a(cyPm.o)
                              .\CortexM3\ARM_GCC_484\Debug\Node-Elephant-Terminal.a(CyLib.o) (CyPmReadStatus)
.\CortexM3\ARM_GCC_484\Debug\Node-Elephant-Terminal.a(USBUART_cls.o)
                              .\CortexM3\ARM_GCC_484\Debug\Node-Elephant-Terminal.a(USBUART_drv.o) (USBUART_DispatchClassRqst)
.\CortexM3\ARM_GCC_484\Debug\Node-Elephant-Terminal.a(USBUART_descr.o)
                              .\CortexM3\ARM_GCC_484\Debug\Node-Elephant-Terminal.a(USBUART_std.o) (USBUART_DEVICE0_DESCR)
.\CortexM3\ARM_GCC_484\Debug\Node-Elephant-Terminal.a(CyFlash.o)
                              .\CortexM3\ARM_GCC_484\Debug\Node-Elephant-Terminal.a(cyPm.o) (CyFlash_SetWaitCycles)
.\CortexM3\ARM_GCC_484\Debug\Node-Elephant-Terminal.a(CySpc.o)
                              .\CortexM3\ARM_GCC_484\Debug\Node-Elephant-Terminal.a(CyFlash.o) (CySpcStart)
c:/program files (x86)/cypress/psoc creator/3.1/psoc creator/import/gnu_cs/arm/4.8.4/bin/../lib/gcc/arm-none-eabi/4.8.4/armv7-m\libgcc.a(_arm_addsubdf3.o)
                              .\CortexM3\ARM_GCC_484\Debug\uart-terminal.o (__aeabi_f2d)
c:/program files (x86)/cypress/psoc creator/3.1/psoc creator/import/gnu_cs/arm/4.8.4/bin/../lib/gcc/arm-none-eabi/4.8.4/armv7-m\libgcc.a(_arm_addsubsf3.o)
                              .\CortexM3\ARM_GCC_484\Debug\Node-Elephant-Terminal.a(ADC_SAR_SAR.o) (__aeabi_i2f)
c:/program files (x86)/cypress/psoc creator/3.1/psoc creator/import/gnu_cs/arm/4.8.4/bin/../lib/gcc/arm-none-eabi/4.8.4/armv7-m\libgcc.a(_arm_muldivsf3.o)
                              .\CortexM3\ARM_GCC_484\Debug\Node-Elephant-Terminal.a(ADC_SAR_SAR.o) (__aeabi_fmul)
[...]
Memory Configuration

Name             Origin             Length             Attributes
rom              0x00000000         0x00040000         xr
ram              0x1fff8000         0x00010000         xrw
*default*        0x00000000         0xffffffff

Linker script and memory map

LOAD c:/program files (x86)/cypress/psoc creator/3.1/psoc creator/import/gnu_cs/arm/4.8.4/bin/../lib/gcc/arm-none-eabi/4.8.4/armv7-m/crti.o
LOAD c:/program files (x86)/cypress/psoc creator/3.1/psoc creator/import/gnu_cs/arm/4.8.4/bin/../lib/gcc/arm-none-eabi/4.8.4/armv7-m/crtbegin.o
LOAD c:/program files (x86)/cypress/psoc creator/3.1/psoc creator/import/gnu_cs/arm/4.8.4/bin/../lib/gcc/arm-none-eabi/4.8.4/../../../../arm-none-eabi/lib/armv7-m/crt0.o
START GROUP
LOAD .\CortexM3\ARM_GCC_484\Debug\main.o
LOAD .\CortexM3\ARM_GCC_484\Debug\uart-terminal.o
LOAD .\CortexM3\ARM_GCC_484\Debug\cymetadata.o
LOAD .\CortexM3\ARM_GCC_484\Debug\Cm3Start.o
LOAD .\CortexM3\ARM_GCC_484\Debug\Node-Elephant-Terminal.a
LOAD C:\Program Files (x86)\Cypress\PSoC Creator\3.1\PSoC Creator\psoc\content\cycomponentlibrary\CyComponentLibrary.cylib\CortexM3\ARM_GCC_484\Debug\CyComponentLibrary.a
END GROUP
START GROUP
LOAD c:/program files (x86)/cypress/psoc creator/3.1/psoc creator/import/gnu_cs/arm/4.8.4/bin/../lib/gcc/arm-none-eabi/4.8.4/armv7-m\libgcc.a
LOAD c:/program files (x86)/cypress/psoc creator/3.1/psoc creator/import/gnu_cs/arm/4.8.4/bin/../lib/gcc/arm-none-eabi/4.8.4/../../../../arm-none-eabi/lib/armv7-m\libg_s.a
LOAD c:/program files (x86)/cypress/psoc creator/3.1/psoc creator/import/gnu_cs/arm/4.8.4/bin/../lib/gcc/arm-none-eabi/4.8.4/../../../../arm-none-eabi/lib/armv7-m\libc_s.a
END GROUP
START GROUP
LOAD c:/program files (x86)/cypress/psoc creator/3.1/psoc creator/import/gnu_cs/arm/4.8.4/bin/../lib/gcc/arm-none-eabi/4.8.4/armv7-m\libgcc.a
LOAD c:/program files (x86)/cypress/psoc creator/3.1/psoc creator/import/gnu_cs/arm/4.8.4/bin/../lib/gcc/arm-none-eabi/4.8.4/../../../../arm-none-eabi/lib/armv7-m\libc_s.a
END GROUP
LOAD c:/program files (x86)/cypress/psoc creator/3.1/psoc creator/import/gnu_cs/arm/4.8.4/bin/../lib/gcc/arm-none-eabi/4.8.4/armv7-m/crtend.o
LOAD c:/program files (x86)/cypress/psoc creator/3.1/psoc creator/import/gnu_cs/arm/4.8.4/bin/../lib/gcc/arm-none-eabi/4.8.4/armv7-m/crtn.o
START GROUP
LOAD c:/program files (x86)/cypress/psoc creator/3.1/psoc creator/import/gnu_cs/arm/4.8.4/bin/../lib/gcc/arm-none-eabi/4.8.4/armv7-m\libgcc.a
LOAD c:/program files (x86)/cypress/psoc creator/3.1/psoc creator/import/gnu_cs/arm/4.8.4/bin/../lib/gcc/arm-none-eabi/4.8.4/../../../../arm-none-eabi/lib/armv7-m\libc.a
LOAD c:/program files (x86)/cypress/psoc creator/3.1/psoc creator/import/gnu_cs/arm/4.8.4/bin/../lib/gcc/arm-none-eabi/4.8.4/../../../../arm-none-eabi/lib/armv7-m\libnosys.a
END GROUP
                0x00000000                CY_APPL_ORIGIN = 0x0
                0x00000100                CY_FLASH_ROW_SIZE = 0x100
                0x00000020                CY_ECC_ROW_SIZE = 0x20
                0x00000000                CY_EE_IN_BTLDR = 0x0
                0x00000000                CY_APPL_LOADABLE = 0x0
                0x00000800                CY_EE_SIZE = 0x800
                0x00000001                CY_APPL_NUM = 0x1
                0x00000001                CY_APPL_MAX = 0x1
                0x00000040                CY_METADATA_SIZE = 0x40
                0x1fff8310                PROVIDE (__cy_heap_start, _end)
                0x00000001                PROVIDE (__cy_region_num, ((__cy_regions_end - __cy_regions) / 0x10))
                0x20008000                PROVIDE (__cy_stack, (ORIGIN (ram) + 0x10000))
                0x20007800                PROVIDE (__cy_heap_end, (__cy_stack - 0x800))

.cybootloader   0x00000000        0x0
 *(.cybootloader)
                0x00000000                appl1_start = CY_APPL_ORIGIN?CY_APPL_ORIGIN:ALIGN (CY_FLASH_ROW_SIZE)
                0x0001ff00                appl2_start = (appl1_start + ALIGN ((((0x40000 - appl1_start) - (0x2 * CY_FLASH_ROW_SIZE)) / 0x2), CY_FLASH_ROW_SIZE))
                0x00000000                appl_start = (CY_APPL_NUM == 0x1)?appl1_start:appl2_start
                0x00000000                ecc_offset = ((appl_start / CY_FLASH_ROW_SIZE) * CY_ECC_ROW_SIZE)
                0x00000000                ee_offset = (CY_APPL_LOADABLE && ! (CY_EE_IN_BTLDR))?((CY_EE_SIZE / CY_APPL_MAX) * (CY_APPL_NUM - 0x1)):0x0
                0x00000800                ee_size = (CY_APPL_LOADABLE && ! (CY_EE_IN_BTLDR))?(CY_EE_SIZE / CY_APPL_MAX):CY_EE_SIZE
                0x00000000                PROVIDE (CY_ECC_OFFSET, ecc_offset)

.text           0x00000000     0x69f0
 CREATE_OBJECT_SYMBOLS
                0x00000000                PROVIDE (__cy_interrupt_vector, RomVectors)
 *(.romvectors)
 .romvectors    0x00000000       0x10 .\CortexM3\ARM_GCC_484\Debug\Cm3Start.o
                0x00000000                RomVectors
                0x00000001                ASSERT ((. != __cy_interrupt_vector), No interrupt vector)
                0x00000001                ASSERT (CY_APPL_ORIGIN?(SIZEOF (.cybootloader) <= CY_APPL_ORIGIN):0x1, Wrong image location)
                0x00000010                PROVIDE (__cy_reset, Reset)
 *(.text.Reset)
 .text.Reset    0x00000010       0x18 .\CortexM3\ARM_GCC_484\Debug\Cm3Start.o
                0x00000010                Reset
                0x00000001                ASSERT ((. != __cy_reset), No reset code)
 *(.dma_init)
                0x00000001                ASSERT ((((appl_start + .) <= 0x10000) || 0x1), DMA Init must be within the first 64k of flash)
 *(.text .text.* .gnu.linkonce.t.*)
 .text          0x00000028       0x54 c:/program files (x86)/cypress/psoc creator/3.1/psoc creator/import/gnu_cs/arm/4.8.4/bin/../lib/gcc/arm-none-eabi/4.8.4/armv7-m/crtbegin.o
 .text.main     0x0000007c       0x34 .\CortexM3\ARM_GCC_484\Debug\main.o
                0x0000007c                main
 .text.terminal_echo
                0x000000b0       0xb8 .\CortexM3\ARM_GCC_484\Debug\uart-terminal.o
                0x000000b0                terminal_echo
 .text.terminal_parse
                0x00000168      0x134 .\CortexM3\ARM_GCC_484\Debug\uart-terminal.o
                0x00000168                terminal_parse
 .text.IntDefaultHandler
                0x0000029c        0x8 .\CortexM3\ARM_GCC_484\Debug\Cm3Start.o
                0x0000029c                IntDefaultHandler
 .text._sbrk    0x000002a4       0x54 .\CortexM3\ARM_GCC_484\Debug\Cm3Start.o
                0x000002a4                _sbrk
 .text.Start_c  0x000002f8       0x98 .\CortexM3\ARM_GCC_484\Debug\Cm3Start.o
                0x000002f8                Start_c
 .text.initialize_psoc
                0x00000390       0x90 .\CortexM3\ARM_GCC_484\Debug\Cm3Start.o
                0x00000390                initialize_psoc
 .text.CYMEMZERO
                0x00000420       0x1c .\CortexM3\ARM_GCC_484\Debug\Node-Elephant-Terminal.a(cyfitter_cfg.o)
 .text.CYCONFIGCPY
                0x0000043c       0x1c .\CortexM3\ARM_GCC_484\Debug\Node-Elephant-Terminal.a(cyfitter_cfg.o)
 .text.CyClockStartupError
                0x00000458        0xc .\CortexM3\ARM_GCC_484\Debug\Node-Elephant-Terminal.a(cyfitter_cfg.o)
 .text.cfg_write_bytes32
                0x00000464       0x74 .\CortexM3\ARM_GCC_484\Debug\Node-Elephant-Terminal.a(cyfitter_cfg.o)
 .text.ClockSetup
                0x000004d8      0x104 .\CortexM3\ARM_GCC_484\Debug\Node-Elephant-Terminal.a(cyfitter_cfg.o)
 .text.AnalogSetDefault
                0x000005dc       0xac .\CortexM3\ARM_GCC_484\Debug\Node-Elephant-Terminal.a(cyfitter_cfg.o)
 .text.cyfitter_cfg
                0x00000688      0x140 .\CortexM3\ARM_GCC_484\Debug\Node-Elephant-Terminal.a(cyfitter_cfg.o)
                0x00000688                cyfitter_cfg
 .text.USBUART_Start
                0x000007c8       0x38 .\CortexM3\ARM_GCC_484\Debug\Node-Elephant-Terminal.a(USBUART.o)
                0x000007c8                USBUART_Start
 .text.USBUART_Init
                0x00000800      0x18c .\CortexM3\ARM_GCC_484\Debug\Node-Elephant-Terminal.a(USBUART.o)
                0x00000800                USBUART_Init
 .text.USBUART_InitComponent
                0x0000098c       0xf4 .\CortexM3\ARM_GCC_484\Debug\Node-Elephant-Terminal.a(USBUART.o)
                0x0000098c                USBUART_InitComponent
 .text.USBUART_ReInitComponent
                0x00000a80       0x88 .\CortexM3\ARM_GCC_484\Debug\Node-Elephant-Terminal.a(USBUART.o)
                0x00000a80                USBUART_ReInitComponent
 .text.USBUART_GetConfiguration
                0x00000b08       0x18 .\CortexM3\ARM_GCC_484\Debug\Node-Elephant-Terminal.a(USBUART.o)
                0x00000b08                USBUART_GetConfiguration
 .text.USBUART_IsConfigurationChanged
                0x00000b20       0x34 .\CortexM3\ARM_GCC_484\Debug\Node-Elephant-Terminal.a(USBUART.o)
                0x00000b20                USBUART_IsConfigurationChanged
 .text.USBUART_GetEPCount
                0x00000b54       0x68 .\CortexM3\ARM_GCC_484\Debug\Node-Elephant-Terminal.a(USBUART.o)
                0x00000b54                USBUART_GetEPCount
 .text.USBUART_LoadInEP
                0x00000bbc      0x108 .\CortexM3\ARM_GCC_484\Debug\Node-Elephant-Terminal.a(USBUART.o)
                0x00000bbc                USBUART_LoadInEP
 .text.USBUART_ReadOutEP
                0x00000cc4       0x8c .\CortexM3\ARM_GCC_484\Debug\Node-Elephant-Terminal.a(USBUART.o)
                0x00000cc4                USBUART_ReadOutEP
 .text.USBUART_EnableOutEP
                0x00000d50       0x60 .\CortexM3\ARM_GCC_484\Debug\Node-Elephant-Terminal.a(USBUART.o)
                0x00000d50                USBUART_EnableOutEP
 .text.USBUART_DispatchCDCClassRqst
                0x00000db0       0xcc .\CortexM3\ARM_GCC_484\Debug\Node-Elephant-Terminal.a(USBUART_cdc.o)
                0x00000db0                USBUART_DispatchCDCClassRqst
 .text.USBUART_CDC_Init
                0x00000e7c       0x20 .\CortexM3\ARM_GCC_484\Debug\Node-Elephant-Terminal.a(USBUART_cdc.o)
                0x00000e7c                USBUART_CDC_Init
 .text.USBUART_StrLen
                0x00000e9c       0x30 .\CortexM3\ARM_GCC_484\Debug\Node-Elephant-Terminal.a(USBUART_cdc.o)
 .text.USBUART_PutString
                0x00000ecc       0xec .\CortexM3\ARM_GCC_484\Debug\Node-Elephant-Terminal.a(USBUART_cdc.o)
                0x00000ecc                USBUART_PutString
 .text.USBUART_PutChar
                0x00000fb8       0x2c .\CortexM3\ARM_GCC_484\Debug\Node-Elephant-Terminal.a(USBUART_cdc.o)
                0x00000fb8                USBUART_PutChar
 .text.USBUART_DataIsReady
                0x00000fe4       0x30 .\CortexM3\ARM_GCC_484\Debug\Node-Elephant-Terminal.a(USBUART_cdc.o)
                0x00000fe4                USBUART_DataIsReady
 .text.USBUART_CDCIsReady
                0x00001014       0x30 .\CortexM3\ARM_GCC_484\Debug\Node-Elephant-Terminal.a(USBUART_cdc.o)
                0x00001014                USBUART_CDCIsReady
 .text.USBUART_GetChar
                0x00001044       0x28 .\CortexM3\ARM_GCC_484\Debug\Node-Elephant-Terminal.a(USBUART_cdc.o)
                0x00001044                USBUART_GetChar
 .text.USBUART_EP_0_ISR
                0x0000106c       0xf8 .\CortexM3\ARM_GCC_484\Debug\Node-Elephant-Terminal.a(USBUART_drv.o)
                0x0000106c                USBUART_EP_0_ISR
 .text.USBUART_HandleSetup
                0x00001164       0x88 .\CortexM3\ARM_GCC_484\Debug\Node-Elephant-Terminal.a(USBUART_drv.o)
                0x00001164                USBUART_HandleSetup
 .text.USBUART_HandleIN
                0x000011ec       0x4c .\CortexM3\ARM_GCC_484\Debug\Node-Elephant-Terminal.a(USBUART_drv.o)
                0x000011ec                USBUART_HandleIN
 .text.USBUART_HandleOUT
                0x00001238       0x58 .\CortexM3\ARM_GCC_484\Debug\Node-Elephant-Terminal.a(USBUART_drv.o)
                0x00001238                USBUART_HandleOUT
 .text.USBUART_LoadEP0
                0x00001290       0xd4 .\CortexM3\ARM_GCC_484\Debug\Node-Elephant-Terminal.a(USBUART_drv.o)
                0x00001290                USBUART_LoadEP0
 .text.USBUART_InitControlRead
                0x00001364       0x70 .\CortexM3\ARM_GCC_484\Debug\Node-Elephant-Terminal.a(USBUART_drv.o)
                0x00001364                USBUART_InitControlRead
 .text.USBUART_InitZeroLengthControlTransfer
                0x000013d4       0x44 .\CortexM3\ARM_GCC_484\Debug\Node-Elephant-Terminal.a(USBUART_drv.o)
                0x000013d4                USBUART_InitZeroLengthControlTransfer
 .text.USBUART_ControlReadDataStage
                0x00001418        0xc .\CortexM3\ARM_GCC_484\Debug\Node-Elephant-Terminal.a(USBUART_drv.o)
                0x00001418                USBUART_ControlReadDataStage
 .text.USBUART_ControlReadStatusStage
                0x00001424       0x40 .\CortexM3\ARM_GCC_484\Debug\Node-Elephant-Terminal.a(USBUART_drv.o)
                0x00001424                USBUART_ControlReadStatusStage
 .text.USBUART_InitControlWrite
                0x00001464       0x68 .\CortexM3\ARM_GCC_484\Debug\Node-Elephant-Terminal.a(USBUART_drv.o)
                0x00001464                USBUART_InitControlWrite
 .text.USBUART_ControlWriteDataStage
                0x000014cc       0xb8 .\CortexM3\ARM_GCC_484\Debug\Node-Elephant-Terminal.a(USBUART_drv.o)
                0x000014cc                USBUART_ControlWriteDataStage
 .text.USBUART_ControlWriteStatusStage
                0x00001584       0x20 .\CortexM3\ARM_GCC_484\Debug\Node-Elephant-Terminal.a(USBUART_drv.o)
                0x00001584                USBUART_ControlWriteStatusStage
 .text.USBUART_InitNoDataControlTransfer
                0x000015a4       0x38 .\CortexM3\ARM_GCC_484\Debug\Node-Elephant-Terminal.a(USBUART_drv.o)
                0x000015a4                USBUART_InitNoDataControlTransfer
 .text.USBUART_NoDataControlStatusStage
                0x000015dc       0x48 .\CortexM3\ARM_GCC_484\Debug\Node-Elephant-Terminal.a(USBUART_drv.o)
                0x000015dc                USBUART_NoDataControlStatusStage
 .text.USBUART_UpdateStatusBlock
                0x00001624       0x40 .\CortexM3\ARM_GCC_484\Debug\Node-Elephant-Terminal.a(USBUART_drv.o)
                0x00001624                USBUART_UpdateStatusBlock
 .text.USBUART_InitializeStatusBlock
                0x00001664       0x34 .\CortexM3\ARM_GCC_484\Debug\Node-Elephant-Terminal.a(USBUART_drv.o)
                0x00001664                USBUART_InitializeStatusBlock
 .text.USBUART_EP_1_ISR
                0x00001698       0x54 .\CortexM3\ARM_GCC_484\Debug\Node-Elephant-Terminal.a(USBUART_episr.o)
                0x00001698                USBUART_EP_1_ISR
 .text.USBUART_EP_2_ISR
                0x000016ec       0x54 .\CortexM3\ARM_GCC_484\Debug\Node-Elephant-Terminal.a(USBUART_episr.o)
                0x000016ec                USBUART_EP_2_ISR
 .text.USBUART_EP_3_ISR
                0x00001740       0x5c .\CortexM3\ARM_GCC_484\Debug\Node-Elephant-Terminal.a(USBUART_episr.o)
                0x00001740                USBUART_EP_3_ISR
 .text.USBUART_SOF_ISR
                0x0000179c        0xc .\CortexM3\ARM_GCC_484\Debug\Node-Elephant-Terminal.a(USBUART_episr.o)
                0x0000179c                USBUART_SOF_ISR
 .text.USBUART_BUS_RESET_ISR
                0x000017a8        0xc .\CortexM3\ARM_GCC_484\Debug\Node-Elephant-Terminal.a(USBUART_episr.o)
                0x000017a8                USBUART_BUS_RESET_ISR
 .text.USBUART_DispatchHIDClassRqst
                0x000017b4      0x1ec .\CortexM3\ARM_GCC_484\Debug\Node-Elephant-Terminal.a(USBUART_hid.o)
                0x000017b4                USBUART_DispatchHIDClassRqst
 .text.USBUART_FindHidClassDecriptor
                0x000019a0       0x7c .\CortexM3\ARM_GCC_484\Debug\Node-Elephant-Terminal.a(USBUART_hid.o)
                0x000019a0                USBUART_FindHidClassDecriptor
 .text.USBUART_FindReportDescriptor
                0x00001a1c       0x8c .\CortexM3\ARM_GCC_484\Debug\Node-Elephant-Terminal.a(USBUART_hid.o)
                0x00001a1c                USBUART_FindReportDescriptor
 .text.USBUART_FindReport
                0x00001aa8       0xd0 .\CortexM3\ARM_GCC_484\Debug\Node-Elephant-Terminal.a(USBUART_hid.o)
                0x00001aa8                USBUART_FindReport
 .text.USBUART_HandleStandardRqst
                0x00001b78      0x4a0 .\CortexM3\ARM_GCC_484\Debug\Node-Elephant-Terminal.a(USBUART_std.o)
                0x00001b78                USBUART_HandleStandardRqst
 .text.USBUART_ReadDieID
                0x00002018       0x90 .\CortexM3\ARM_GCC_484\Debug\Node-Elephant-Terminal.a(USBUART_std.o)
                0x00002018                USBUART_ReadDieID
 .text.USBUART_ConfigReg
                0x000020a8      0x180 .\CortexM3\ARM_GCC_484\Debug\Node-Elephant-Terminal.a(USBUART_std.o)
                0x000020a8                USBUART_ConfigReg
 .text.USBUART_Config
                0x00002228      0x344 .\CortexM3\ARM_GCC_484\Debug\Node-Elephant-Terminal.a(USBUART_std.o)
                0x00002228                USBUART_Config
 .text.USBUART_ConfigAltChanged
                0x0000256c      0x274 .\CortexM3\ARM_GCC_484\Debug\Node-Elephant-Terminal.a(USBUART_std.o)
                0x0000256c                USBUART_ConfigAltChanged
 .text.USBUART_GetConfigTablePtr
                0x000027e0       0x54 .\CortexM3\ARM_GCC_484\Debug\Node-Elephant-Terminal.a(USBUART_std.o)
                0x000027e0                USBUART_GetConfigTablePtr
 .text.USBUART_GetDeviceTablePtr
                0x00002834       0x24 .\CortexM3\ARM_GCC_484\Debug\Node-Elephant-Terminal.a(USBUART_std.o)
                0x00002834                USBUART_GetDeviceTablePtr
 .text.USBUART_GetInterfaceClassTablePtr
                0x00002858       0x4c .\CortexM3\ARM_GCC_484\Debug\Node-Elephant-Terminal.a(USBUART_std.o)
                0x00002858                USBUART_GetInterfaceClassTablePtr
 .text.USBUART_SetEndpointHalt
                0x000028a4       0xe0 .\CortexM3\ARM_GCC_484\Debug\Node-Elephant-Terminal.a(USBUART_std.o)
                0x000028a4                USBUART_SetEndpointHalt
 .text.USBUART_ClearEndpointHalt
                0x00002984      0x144 .\CortexM3\ARM_GCC_484\Debug\Node-Elephant-Terminal.a(USBUART_std.o)
                0x00002984                USBUART_ClearEndpointHalt
 .text.USBUART_ValidateAlternateSetting
                0x00002ac8       0x78 .\CortexM3\ARM_GCC_484\Debug\Node-Elephant-Terminal.a(USBUART_std.o)
                0x00002ac8                USBUART_ValidateAlternateSetting
 .text.USBUART_HandleVendorRqst
                0x00002b40       0x58 .\CortexM3\ARM_GCC_484\Debug\Node-Elephant-Terminal.a(USBUART_vnd.o)
                0x00002b40                USBUART_HandleVendorRqst
 .text.LCD_Init
                0x00002b98       0x6c .\CortexM3\ARM_GCC_484\Debug\Node-Elephant-Terminal.a(LCD.o)
                0x00002b98                LCD_Init
 .text.LCD_Enable
                0x00002c04       0x18 .\CortexM3\ARM_GCC_484\Debug\Node-Elephant-Terminal.a(LCD.o)
                0x00002c04                LCD_Enable
 .text.LCD_Start
                0x00002c1c       0x20 .\CortexM3\ARM_GCC_484\Debug\Node-Elephant-Terminal.a(LCD.o)
                0x00002c1c                LCD_Start
 .text.LCD_Position
                0x00002c3c       0x6c .\CortexM3\ARM_GCC_484\Debug\Node-Elephant-Terminal.a(LCD.o)
                0x00002c3c                LCD_Position
 .text.LCD_PrintString
                0x00002ca8       0x38 .\CortexM3\ARM_GCC_484\Debug\Node-Elephant-Terminal.a(LCD.o)
                0x00002ca8                LCD_PrintString
 .text.LCD_WriteData
                0x00002ce0       0x34 .\CortexM3\ARM_GCC_484\Debug\Node-Elephant-Terminal.a(LCD.o)
                0x00002ce0                LCD_WriteData
 .text.LCD_WriteControl
                0x00002d14       0x34 .\CortexM3\ARM_GCC_484\Debug\Node-Elephant-Terminal.a(LCD.o)
                0x00002d14                LCD_WriteControl
 .text.LCD_IsReady
                0x00002d48      0x178 .\CortexM3\ARM_GCC_484\Debug\Node-Elephant-Terminal.a(LCD.o)
                0x00002d48                LCD_IsReady
 .text.LCD_WrDatNib
                0x00002ec0       0x7c .\CortexM3\ARM_GCC_484\Debug\Node-Elephant-Terminal.a(LCD.o)
 .text.LCD_WrCntrlNib
                0x00002f3c       0x64 .\CortexM3\ARM_GCC_484\Debug\Node-Elephant-Terminal.a(LCD.o)
 .text.ADC_SAR_Init
                0x00002fa0       0x50 .\CortexM3\ARM_GCC_484\Debug\Node-Elephant-Terminal.a(ADC_SAR.o)
                0x00002fa0                ADC_SAR_Init
 .text.ADC_SAR_Enable
                0x00002ff0      0x13c .\CortexM3\ARM_GCC_484\Debug\Node-Elephant-Terminal.a(ADC_SAR.o)
                0x00002ff0                ADC_SAR_Enable
 .text.ADC_SAR_Start
                0x0000312c       0x2c .\CortexM3\ARM_GCC_484\Debug\Node-Elephant-Terminal.a(ADC_SAR.o)
                0x0000312c                ADC_SAR_Start
 .text.ADC_SAR_StartConvert
                0x00003158        0xc .\CortexM3\ARM_GCC_484\Debug\Node-Elephant-Terminal.a(ADC_SAR.o)
                0x00003158                ADC_SAR_StartConvert
 .text.ADC_SAR_IsEndConversion
                0x00003164       0x30 .\CortexM3\ARM_GCC_484\Debug\Node-Elephant-Terminal.a(ADC_SAR.o)
                0x00003164                ADC_SAR_IsEndConversion
 .text.ADC_SAR_GetResult16
                0x00003194       0x3c .\CortexM3\ARM_GCC_484\Debug\Node-Elephant-Terminal.a(ADC_SAR.o)
                0x00003194                ADC_SAR_GetResult16
 .text.ADC_SAR_CountsTo_Volts
                0x000031d0       0x20 .\CortexM3\ARM_GCC_484\Debug\Node-Elephant-Terminal.a(ADC_SAR.o)
                0x000031d0                ADC_SAR_CountsTo_Volts
 .text.ADC_SAR_ISR
                0x000031f0        0xc .\CortexM3\ARM_GCC_484\Debug\Node-Elephant-Terminal.a(ADC_SAR_INT.o)
                0x000031f0                ADC_SAR_ISR
 .text.ADC_SAR_SAR_Start
                0x000031fc       0x20 .\CortexM3\ARM_GCC_484\Debug\Node-Elephant-Terminal.a(ADC_SAR_SAR.o)
                0x000031fc                ADC_SAR_SAR_Start
 .text.ADC_SAR_SAR_Init
                0x0000321c       0x2c .\CortexM3\ARM_GCC_484\Debug\Node-Elephant-Terminal.a(ADC_SAR_SAR.o)
                0x0000321c                ADC_SAR_SAR_Init
 .text.ADC_SAR_SAR_Enable
                0x00003248       0xc0 .\CortexM3\ARM_GCC_484\Debug\Node-Elephant-Terminal.a(ADC_SAR_SAR.o)
                0x00003248                ADC_SAR_SAR_Enable
 .text.ADC_SAR_SAR_SetResolution
                0x00003308       0x50 .\CortexM3\ARM_GCC_484\Debug\Node-Elephant-Terminal.a(ADC_SAR_SAR.o)
                0x00003308                ADC_SAR_SAR_SetResolution
 .text.ADC_SAR_SAR_StartConvert
                0x00003358       0x20 .\CortexM3\ARM_GCC_484\Debug\Node-Elephant-Terminal.a(ADC_SAR_SAR.o)
                0x00003358                ADC_SAR_SAR_StartConvert
 .text.ADC_SAR_SAR_CalcGain
                0x00003378       0x80 .\CortexM3\ARM_GCC_484\Debug\Node-Elephant-Terminal.a(ADC_SAR_SAR.o)
 .text.ADC_SAR_SAR_CountsTo_Volts
                0x000033f8       0x84 .\CortexM3\ARM_GCC_484\Debug\Node-Elephant-Terminal.a(ADC_SAR_SAR.o)
                0x000033f8                ADC_SAR_SAR_CountsTo_Volts
 .text.ADC_SAR_TempBuf_DmaInitialize
                0x0000347c       0x60 .\CortexM3\ARM_GCC_484\Debug\Node-Elephant-Terminal.a(ADC_SAR_TempBuf_dma.o)
                0x0000347c                ADC_SAR_TempBuf_DmaInitialize
 .text.ADC_SAR_FinalBuf_DmaInitialize
                0x000034dc       0x60 .\CortexM3\ARM_GCC_484\Debug\Node-Elephant-Terminal.a(ADC_SAR_FinalBuf_dma.o)
                0x000034dc                ADC_SAR_FinalBuf_DmaInitialize
 .text.ADC_SAR_IRQ_SetVector
                0x0000353c       0x24 .\CortexM3\ARM_GCC_484\Debug\Node-Elephant-Terminal.a(ADC_SAR_IRQ.o)
                0x0000353c                ADC_SAR_IRQ_SetVector
 .text.ADC_SAR_IRQ_SetPriority
                0x00003560       0x24 .\CortexM3\ARM_GCC_484\Debug\Node-Elephant-Terminal.a(ADC_SAR_IRQ.o)
                0x00003560                ADC_SAR_IRQ_SetPriority
 *fill*         0x00003584        0x4 
 .text          0x00003588       0x28 .\CortexM3\ARM_GCC_484\Debug\Node-Elephant-Terminal.a(CyBootAsmGnu.o)
                0x00003588                CyDelayCycles
                0x0000359c                CyEnterCriticalSection
                0x000035a4                CyExitCriticalSection
 .text.CyDmacConfigure
                0x000035b0       0x5c .\CortexM3\ARM_GCC_484\Debug\Node-Elephant-Terminal.a(CyDmac.o)
                0x000035b0                CyDmacConfigure
 .text.CyDmaChEnable
                0x0000360c       0x8c .\CortexM3\ARM_GCC_484\Debug\Node-Elephant-Terminal.a(CyDmac.o)
                0x0000360c                CyDmaChEnable
 .text.CyDmaClearPendingDrq
                0x00003698       0x64 .\CortexM3\ARM_GCC_484\Debug\Node-Elephant-Terminal.a(CyDmac.o)
                0x00003698                CyDmaClearPendingDrq
 .text.CyDmaChPriority
                0x000036fc       0x5c .\CortexM3\ARM_GCC_484\Debug\Node-Elephant-Terminal.a(CyDmac.o)
                0x000036fc                CyDmaChPriority
 .text.CyDmaChSetExtendedAddress
                0x00003758       0x7c .\CortexM3\ARM_GCC_484\Debug\Node-Elephant-Terminal.a(CyDmac.o)
                0x00003758                CyDmaChSetExtendedAddress
 .text.CyDmaChSetInitialTd
                0x000037d4       0x3c .\CortexM3\ARM_GCC_484\Debug\Node-Elephant-Terminal.a(CyDmac.o)
                0x000037d4                CyDmaChSetInitialTd
 .text.CyDmaChSetConfiguration
                0x00003810       0x90 .\CortexM3\ARM_GCC_484\Debug\Node-Elephant-Terminal.a(CyDmac.o)
                0x00003810                CyDmaChSetConfiguration
 .text.CyDmaTdAllocate
                0x000038a0       0x5c .\CortexM3\ARM_GCC_484\Debug\Node-Elephant-Terminal.a(CyDmac.o)
                0x000038a0                CyDmaTdAllocate
 .text.CyDmaTdSetConfiguration
                0x000038fc       0x70 .\CortexM3\ARM_GCC_484\Debug\Node-Elephant-Terminal.a(CyDmac.o)
                0x000038fc                CyDmaTdSetConfiguration
 .text.CyDmaTdSetAddress
                0x0000396c       0x5c .\CortexM3\ARM_GCC_484\Debug\Node-Elephant-Terminal.a(CyDmac.o)
                0x0000396c                CyDmaTdSetAddress
 .text.CyHalt   0x000039c8       0x18 .\CortexM3\ARM_GCC_484\Debug\Node-Elephant-Terminal.a(CyLib.o)
                0x000039c8                CyHalt
 .text.CyDelay  0x000039e0       0x44 .\CortexM3\ARM_GCC_484\Debug\Node-Elephant-Terminal.a(CyLib.o)
                0x000039e0                CyDelay
 .text.CyDelayUs
                0x00003a24       0x24 .\CortexM3\ARM_GCC_484\Debug\Node-Elephant-Terminal.a(CyLib.o)
                0x00003a24                CyDelayUs
 .text.CyIntSetVector
                0x00003a48       0x50 .\CortexM3\ARM_GCC_484\Debug\Node-Elephant-Terminal.a(CyLib.o)
                0x00003a48                CyIntSetVector
 .text.CyIntSetPriority
                0x00003a98       0x44 .\CortexM3\ARM_GCC_484\Debug\Node-Elephant-Terminal.a(CyLib.o)
                0x00003a98                CyIntSetPriority
 .text.USBUART_DispatchClassRqst
                0x00003adc       0x90 .\CortexM3\ARM_GCC_484\Debug\Node-Elephant-Terminal.a(USBUART_cls.o)
                0x00003adc                USBUART_DispatchClassRqst
 .text          0x00003b6c      0x370 c:/program files (x86)/cypress/psoc creator/3.1/psoc creator/import/gnu_cs/arm/4.8.4/bin/../lib/gcc/arm-none-eabi/4.8.4/armv7-m\libgcc.a(_arm_addsubdf3.o)
                0x00003b6c                __aeabi_drsub
                0x00003b74                __aeabi_dsub
                0x00003b74                __subdf3
                0x00003b78                __aeabi_dadd
                0x00003b78                __adddf3
                0x00003df0                __floatunsidf
                0x00003df0                __aeabi_ui2d
                0x00003e10                __floatsidf
                0x00003e10                __aeabi_i2d
                0x00003e34                __aeabi_f2d
                0x00003e34                __extendsfdf2
                0x00003e70                __floatundidf
                0x00003e70                __aeabi_ul2d
                0x00003e80                __floatdidf
                0x00003e80                __aeabi_l2d
 .text          0x00003edc      0x21c c:/program files (x86)/cypress/psoc creator/3.1/psoc creator/import/gnu_cs/arm/4.8.4/bin/../lib/gcc/arm-none-eabi/4.8.4/armv7-m\libgcc.a(_arm_addsubsf3.o)
                0x00003edc                __aeabi_frsub
                0x00003ee4                __subsf3
                0x00003ee4                __aeabi_fsub
                0x00003ee8                __aeabi_fadd
                0x00003ee8                __addsf3
                0x00004048                __aeabi_ui2f
                0x00004048                __floatunsisf
                0x00004050                __aeabi_i2f
                0x00004050                __floatsisf
                0x0000406c                __aeabi_ul2f
                0x0000406c                __floatundisf
                0x0000407c                __aeabi_l2f
                0x0000407c                __floatdisf
 .text          0x000040f8      0x2a0 c:/program files (x86)/cypress/psoc creator/3.1/psoc creator/import/gnu_cs/arm/4.8.4/bin/../lib/gcc/arm-none-eabi/4.8.4/armv7-m\libgcc.a(_arm_muldivsf3.o)
                0x000040f8                __mulsf3
                0x000040f8                __aeabi_fmul
                0x00004260                __aeabi_fdiv
                0x00004260                __divsf3
 .text.__errno  0x00004398        0xc c:/program files (x86)/cypress/psoc creator/3.1/psoc creator/import/gnu_cs/arm/4.8.4/bin/../lib/gcc/arm-none-eabi/4.8.4/../../../../arm-none-eabi/lib/armv7-m\libg_s.a(lib_a-errno.o)
                0x00004398                __errno
 .text.__libc_init_array
                0x000043a4       0x4c c:/program files (x86)/cypress/psoc creator/3.1/psoc creator/import/gnu_cs/arm/4.8.4/bin/../lib/gcc/arm-none-eabi/4.8.4/../../../../arm-none-eabi/lib/armv7-m\libg_s.a(lib_a-init.o)
                0x000043a4                __libc_init_array
 .text.memcpy   0x000043f0       0x12 c:/program files (x86)/cypress/psoc creator/3.1/psoc creator/import/gnu_cs/arm/4.8.4/bin/../lib/gcc/arm-none-eabi/4.8.4/../../../../arm-none-eabi/lib/armv7-m\libg_s.a(lib_a-memcpy-stub.o)
                0x000043f0                memcpy
 .text.memset   0x00004402       0x10 c:/program files (x86)/cypress/psoc creator/3.1/psoc creator/import/gnu_cs/arm/4.8.4/bin/../lib/gcc/arm-none-eabi/4.8.4/../../../../arm-none-eabi/lib/armv7-m\libg_s.a(lib_a-memset.o)
                0x00004402                memset
 *fill*         0x00004412        0x2 
 .text.sprintf  0x00004414       0x48 c:/program files (x86)/cypress/psoc creator/3.1/psoc creator/import/gnu_cs/arm/4.8.4/bin/../lib/gcc/arm-none-eabi/4.8.4/../../../../arm-none-eabi/lib/armv7-m\libg_s.a(lib_a-sprintf.o)
                0x00004414                siprintf
                0x00004414                sprintf
 .text.strcasecmp
                0x0000445c       0x3c c:/program files (x86)/cypress/psoc creator/3.1/psoc creator/import/gnu_cs/arm/4.8.4/bin/../lib/gcc/arm-none-eabi/4.8.4/../../../../arm-none-eabi/lib/armv7-m\libg_s.a(lib_a-strcasecmp.o)
                0x0000445c                strcasecmp
 .text.__ssputs_r
                0x00004498       0xb8 c:/program files (x86)/cypress/psoc creator/3.1/psoc creator/import/gnu_cs/arm/4.8.4/bin/../lib/gcc/arm-none-eabi/4.8.4/../../../../arm-none-eabi/lib/armv7-m\libg_s.a(lib_a-svfprintf.o)
                0x00004498                __ssputs_r
 .text._svfprintf_r
                0x00004550      0x1d8 c:/program files (x86)/cypress/psoc creator/3.1/psoc creator/import/gnu_cs/arm/4.8.4/bin/../lib/gcc/arm-none-eabi/4.8.4/../../../../arm-none-eabi/lib/armv7-m\libg_s.a(lib_a-svfprintf.o)
                0x00004550                _svfiprintf_r
                0x00004550                _svfprintf_r
 .text.__cvt    0x00004728       0xc0 c:/program files (x86)/cypress/psoc creator/3.1/psoc creator/import/gnu_cs/arm/4.8.4/bin/../lib/gcc/arm-none-eabi/4.8.4/../../../../arm-none-eabi/lib/armv7-m\libg_s.a(lib_a-vfprintf_float.o)
                0x00004728                __cvt
 .text.__exponent
                0x000047e8       0x68 c:/program files (x86)/cypress/psoc creator/3.1/psoc creator/import/gnu_cs/arm/4.8.4/bin/../lib/gcc/arm-none-eabi/4.8.4/../../../../arm-none-eabi/lib/armv7-m\libg_s.a(lib_a-vfprintf_float.o)
                0x000047e8                __exponent
 .text._printf_float
                0x00004850      0x41c c:/program files (x86)/cypress/psoc creator/3.1/psoc creator/import/gnu_cs/arm/4.8.4/bin/../lib/gcc/arm-none-eabi/4.8.4/../../../../arm-none-eabi/lib/armv7-m\libg_s.a(lib_a-vfprintf_float.o)
                0x00004850                _printf_float
 .text._printf_common
                0x00004c6c       0xe4 c:/program files (x86)/cypress/psoc creator/3.1/psoc creator/import/gnu_cs/arm/4.8.4/bin/../lib/gcc/arm-none-eabi/4.8.4/../../../../arm-none-eabi/lib/armv7-m\libg_s.a(lib_a-vfprintf_i.o)
                0x00004c6c                _printf_common
 .text._printf_i
                0x00004d50      0x228 c:/program files (x86)/cypress/psoc creator/3.1/psoc creator/import/gnu_cs/arm/4.8.4/bin/../lib/gcc/arm-none-eabi/4.8.4/../../../../arm-none-eabi/lib/armv7-m\libg_s.a(lib_a-vfprintf_i.o)
                0x00004d50                _printf_i
 .text.quorem   0x00004f78      0x11e c:/program files (x86)/cypress/psoc creator/3.1/psoc creator/import/gnu_cs/arm/4.8.4/bin/../lib/gcc/arm-none-eabi/4.8.4/../../../../arm-none-eabi/lib/armv7-m\libg_s.a(lib_a-dtoa.o)
 *fill*         0x00005096        0x2 
 .text._dtoa_r  0x00005098      0xb80 c:/program files (x86)/cypress/psoc creator/3.1/psoc creator/import/gnu_cs/arm/4.8.4/bin/../lib/gcc/arm-none-eabi/4.8.4/../../../../arm-none-eabi/lib/armv7-m\libg_s.a(lib_a-dtoa.o)
                0x00005098                _dtoa_r
 .text._localeconv_r
                0x00005c18        0x8 c:/program files (x86)/cypress/psoc creator/3.1/psoc creator/import/gnu_cs/arm/4.8.4/bin/../lib/gcc/arm-none-eabi/4.8.4/../../../../arm-none-eabi/lib/armv7-m\libg_s.a(lib_a-locale.o)
                0x00005c18                _localeconv_r
 .text.malloc   0x00005c20       0x10 c:/program files (x86)/cypress/psoc creator/3.1/psoc creator/import/gnu_cs/arm/4.8.4/bin/../lib/gcc/arm-none-eabi/4.8.4/../../../../arm-none-eabi/lib/armv7-m\libg_s.a(lib_a-malloc.o)
                0x00005c20                malloc
 .text.memchr   0x00005c30       0x1c c:/program files (x86)/cypress/psoc creator/3.1/psoc creator/import/gnu_cs/arm/4.8.4/bin/../lib/gcc/arm-none-eabi/4.8.4/../../../../arm-none-eabi/lib/armv7-m\libg_s.a(lib_a-memchr-stub.o)
                0x00005c30                memchr
 .text.memmove  0x00005c4c       0x36 c:/program files (x86)/cypress/psoc creator/3.1/psoc creator/import/gnu_cs/arm/4.8.4/bin/../lib/gcc/arm-none-eabi/4.8.4/../../../../arm-none-eabi/lib/armv7-m\libg_s.a(lib_a-memmove.o)
                0x00005c4c                memmove
 .text._Balloc  0x00005c82       0x6a c:/program files (x86)/cypress/psoc creator/3.1/psoc creator/import/gnu_cs/arm/4.8.4/bin/../lib/gcc/arm-none-eabi/4.8.4/../../../../arm-none-eabi/lib/armv7-m\libg_s.a(lib_a-mprec.o)
                0x00005c82                _Balloc
 .text._Bfree   0x00005cec       0x2e c:/program files (x86)/cypress/psoc creator/3.1/psoc creator/import/gnu_cs/arm/4.8.4/bin/../lib/gcc/arm-none-eabi/4.8.4/../../../../arm-none-eabi/lib/armv7-m\libg_s.a(lib_a-mprec.o)
                0x00005cec                _Bfree
 .text.__multadd
                0x00005d1a       0x74 c:/program files (x86)/cypress/psoc creator/3.1/psoc creator/import/gnu_cs/arm/4.8.4/bin/../lib/gcc/arm-none-eabi/4.8.4/../../../../arm-none-eabi/lib/armv7-m\libg_s.a(lib_a-mprec.o)
                0x00005d1a                __multadd
 .text.__hi0bits
                0x00005d8e       0x40 c:/program files (x86)/cypress/psoc creator/3.1/psoc creator/import/gnu_cs/arm/4.8.4/bin/../lib/gcc/arm-none-eabi/4.8.4/../../../../arm-none-eabi/lib/armv7-m\libg_s.a(lib_a-mprec.o)
                0x00005d8e                __hi0bits
 .text.__lo0bits
                0x00005dce       0x5a c:/program files (x86)/cypress/psoc creator/3.1/psoc creator/import/gnu_cs/arm/4.8.4/bin/../lib/gcc/arm-none-eabi/4.8.4/../../../../arm-none-eabi/lib/armv7-m\libg_s.a(lib_a-mprec.o)
                0x00005dce                __lo0bits
 .text.__i2b    0x00005e28       0x12 c:/program files (x86)/cypress/psoc creator/3.1/psoc creator/import/gnu_cs/arm/4.8.4/bin/../lib/gcc/arm-none-eabi/4.8.4/../../../../arm-none-eabi/lib/armv7-m\libg_s.a(lib_a-mprec.o)
                0x00005e28                __i2b
 .text.__multiply
                0x00005e3a      0x130 c:/program files (x86)/cypress/psoc creator/3.1/psoc creator/import/gnu_cs/arm/4.8.4/bin/../lib/gcc/arm-none-eabi/4.8.4/../../../../arm-none-eabi/lib/armv7-m\libg_s.a(lib_a-mprec.o)
                0x00005e3a                __multiply
 *fill*         0x00005f6a        0x2 
 .text.__pow5mult
                0x00005f6c       0x9c c:/program files (x86)/cypress/psoc creator/3.1/psoc creator/import/gnu_cs/arm/4.8.4/bin/../lib/gcc/arm-none-eabi/4.8.4/../../../../arm-none-eabi/lib/armv7-m\libg_s.a(lib_a-mprec.o)
                0x00005f6c                __pow5mult
 .text.__lshift
                0x00006008       0xa6 c:/program files (x86)/cypress/psoc creator/3.1/psoc creator/import/gnu_cs/arm/4.8.4/bin/../lib/gcc/arm-none-eabi/4.8.4/../../../../arm-none-eabi/lib/armv7-m\libg_s.a(lib_a-mprec.o)
                0x00006008                __lshift
 .text.__mcmp   0x000060ae       0x3a c:/program files (x86)/cypress/psoc creator/3.1/psoc creator/import/gnu_cs/arm/4.8.4/bin/../lib/gcc/arm-none-eabi/4.8.4/../../../../arm-none-eabi/lib/armv7-m\libg_s.a(lib_a-mprec.o)
                0x000060ae                __mcmp
 .text.__mdiff  0x000060e8       0xbe c:/program files (x86)/cypress/psoc creator/3.1/psoc creator/import/gnu_cs/arm/4.8.4/bin/../lib/gcc/arm-none-eabi/4.8.4/../../../../arm-none-eabi/lib/armv7-m\libg_s.a(lib_a-mprec.o)
                0x000060e8                __mdiff
 .text.__d2b    0x000061a6       0xa4 c:/program files (x86)/cypress/psoc creator/3.1/psoc creator/import/gnu_cs/arm/4.8.4/bin/../lib/gcc/arm-none-eabi/4.8.4/../../../../arm-none-eabi/lib/armv7-m\libg_s.a(lib_a-mprec.o)
                0x000061a6                __d2b
 .text._calloc_r
                0x0000624a       0x1c c:/program files (x86)/cypress/psoc creator/3.1/psoc creator/import/gnu_cs/arm/4.8.4/bin/../lib/gcc/arm-none-eabi/4.8.4/../../../../arm-none-eabi/lib/armv7-m\libg_s.a(lib_a-nano-callocr.o)
                0x0000624a                _calloc_r
 *fill*         0x00006266        0x2 
 .text._free_r  0x00006268       0x88 c:/program files (x86)/cypress/psoc creator/3.1/psoc creator/import/gnu_cs/arm/4.8.4/bin/../lib/gcc/arm-none-eabi/4.8.4/../../../../arm-none-eabi/lib/armv7-m\libg_s.a(lib_a-nano-freer.o)
                0x00006268                _free_r
 .text._malloc_r
                0x000062f0       0xa8 c:/program files (x86)/cypress/psoc creator/3.1/psoc creator/import/gnu_cs/arm/4.8.4/bin/../lib/gcc/arm-none-eabi/4.8.4/../../../../arm-none-eabi/lib/armv7-m\libg_s.a(lib_a-nano-mallocr.o)
                0x000062f0                _malloc_r
 .text._realloc_r
                0x00006398       0x4c c:/program files (x86)/cypress/psoc creator/3.1/psoc creator/import/gnu_cs/arm/4.8.4/bin/../lib/gcc/arm-none-eabi/4.8.4/../../../../arm-none-eabi/lib/armv7-m\libg_s.a(lib_a-nano-reallocr.o)
                0x00006398                _realloc_r
 .text.__fpclassifyd
                0x000063e4       0x44 c:/program files (x86)/cypress/psoc creator/3.1/psoc creator/import/gnu_cs/arm/4.8.4/bin/../lib/gcc/arm-none-eabi/4.8.4/../../../../arm-none-eabi/lib/armv7-m\libg_s.a(lib_a-s_fpclassify.o)
                0x000063e4                __fpclassifyd
 .text._sbrk_r  0x00006428       0x20 c:/program files (x86)/cypress/psoc creator/3.1/psoc creator/import/gnu_cs/arm/4.8.4/bin/../lib/gcc/arm-none-eabi/4.8.4/../../../../arm-none-eabi/lib/armv7-m\libg_s.a(lib_a-sbrkr.o)
                0x00006428                _sbrk_r
 .text.strlen   0x00006448       0x10 c:/program files (x86)/cypress/psoc creator/3.1/psoc creator/import/gnu_cs/arm/4.8.4/bin/../lib/gcc/arm-none-eabi/4.8.4/../../../../arm-none-eabi/lib/armv7-m\libg_s.a(lib_a-strlen.o)
                0x00006448                strlen
 .text._malloc_usable_size_r
                0x00006458       0x12 c:/program files (x86)/cypress/psoc creator/3.1/psoc creator/import/gnu_cs/arm/4.8.4/bin/../lib/gcc/arm-none-eabi/4.8.4/../../../../arm-none-eabi/lib/armv7-m\libg_s.a(lib_a-nano-msizer.o)
                0x00006458                _malloc_usable_size_r
 *fill*         0x0000646a        0x2 
 .text          0x0000646c      0x424 c:/program files (x86)/cypress/psoc creator/3.1/psoc creator/import/gnu_cs/arm/4.8.4/bin/../lib/gcc/arm-none-eabi/4.8.4/armv7-m\libgcc.a(_arm_muldivdf3.o)
                0x0000646c                __aeabi_dmul
                0x0000646c                __muldf3
                0x000066c0                __divdf3
                0x000066c0                __aeabi_ddiv
 .text          0x00006890      0x110 c:/program files (x86)/cypress/psoc creator/3.1/psoc creator/import/gnu_cs/arm/4.8.4/bin/../lib/gcc/arm-none-eabi/4.8.4/armv7-m\libgcc.a(_arm_cmpdf2.o)
                0x00006890                __gtdf2
                0x00006890                __gedf2
                0x00006898                __ltdf2
                0x00006898                __ledf2
                0x000068a0                __nedf2
                0x000068a0                __eqdf2
                0x000068a0                __cmpdf2
                0x0000691c                __aeabi_cdrcmple
                0x0000692c                __aeabi_cdcmpeq
                0x0000692c                __aeabi_cdcmple
                0x0000693c                __aeabi_dcmpeq
                0x00006950                __aeabi_dcmplt
                0x00006964                __aeabi_dcmple
                0x00006978                __aeabi_dcmpge
                0x0000698c                __aeabi_dcmpgt
 .text          0x000069a0       0x50 c:/program files (x86)/cypress/psoc creator/3.1/psoc creator/import/gnu_cs/arm/4.8.4/bin/../lib/gcc/arm-none-eabi/4.8.4/armv7-m\libgcc.a(_arm_fixdfsi.o)
                0x000069a0                __aeabi_d2iz
                0x000069a0                __fixdfsi
 *(.plt)
 *(.gnu.warning)
 *(.glue_7t)
 .glue_7t       0x00000000        0x0 linker stubs
 *(.glue_7)
 .glue_7        0x00000000        0x0 linker stubs
 *(.vfp11_veneer)
 .vfp11_veneer  0x00000000        0x0 linker stubs
 *(.bootloader)
 *(.ARM.extab* .gnu.linkonce.armextab.*)
 *(.gcc_except_table)

.v4_bx          0x000069f0        0x0
 .v4_bx         0x00000000        0x0 linker stubs

.iplt           0x000069f0        0x0
 .iplt          0x00000000        0x0 c:/program files (x86)/cypress/psoc creator/3.1/psoc creator/import/gnu_cs/arm/4.8.4/bin/../lib/gcc/arm-none-eabi/4.8.4/armv7-m/crtbegin.o

.eh_frame_hdr
 *(.eh_frame_hdr)

.eh_frame       0x000069f0        0x4
 *(.eh_frame)
 .eh_frame      0x000069f0        0x0 c:/program files (x86)/cypress/psoc creator/3.1/psoc creator/import/gnu_cs/arm/4.8.4/bin/../lib/gcc/arm-none-eabi/4.8.4/armv7-m/crtbegin.o
 .eh_frame      0x000069f0        0x4 c:/program files (x86)/cypress/psoc creator/3.1/psoc creator/import/gnu_cs/arm/4.8.4/bin/../lib/gcc/arm-none-eabi/4.8.4/armv7-m/crtend.o
                0x000069f4                PROVIDE (__exidx_start, .)

.ARM.exidx
 *(.ARM.exidx* .gnu.linkonce.armexidx.*)
                0x000069f4                __exidx_end = .

.rodata         0x000069f8      0x570
 *(.rodata .rodata.* .gnu.linkonce.r.*)
 .rodata        0x000069f8       0xcc .\CortexM3\ARM_GCC_484\Debug\uart-terminal.o
 .rodata        0x00006ac4       0x30 .\CortexM3\ARM_GCC_484\Debug\Node-Elephant-Terminal.a(cyfitter_cfg.o)
 .rodata        0x00006af4       0x14 .\CortexM3\ARM_GCC_484\Debug\Node-Elephant-Terminal.a(USBUART_std.o)
 .rodata        0x00006b08      0x1cc .\CortexM3\ARM_GCC_484\Debug\Node-Elephant-Terminal.a(USBUART_descr.o)
                0x00006b08                USBUART_DEVICE0_DESCR
                0x00006b1c                USBUART_DEVICE0_CONFIGURATION0_DESCR
                0x00006b60                USBUART_STRING_DESCRIPTORS
                0x00006c00                USBUART_SN_STRING_DESCRIPTOR
                0x00006c04                USBUART_HIDREPORT_DESCRIPTOR1
                0x00006c3c                USBUART_DEVICE0_CONFIGURATION0_EP_SETTINGS_TABLE
                0x00006c54                USBUART_DEVICE0_CONFIGURATION0_INTERFACE_CLASS
                0x00006c58                USBUART_DEVICE0_CONFIGURATION0_TABLE
                0x00006c80                USBUART_DEVICE0_TABLE
                0x00006c90                USBUART_TABLE
                0x00006c98                USBUART_MSOS_DESCRIPTOR
                0x00006cac                USBUART_MSOS_CONFIGURATION_DESCR
 .rodata.str1.1
                0x00006cd4        0x2 c:/program files (x86)/cypress/psoc creator/3.1/psoc creator/import/gnu_cs/arm/4.8.4/bin/../lib/gcc/arm-none-eabi/4.8.4/../../../../arm-none-eabi/lib/armv7-m\libg_s.a(lib_a-impure.o)
 .rodata.str1.1
                0x00006cd6       0x11 c:/program files (x86)/cypress/psoc creator/3.1/psoc creator/import/gnu_cs/arm/4.8.4/bin/../lib/gcc/arm-none-eabi/4.8.4/../../../../arm-none-eabi/lib/armv7-m\libg_s.a(lib_a-svfprintf.o)
 .rodata.str1.1
                0x00006ce7       0x12 c:/program files (x86)/cypress/psoc creator/3.1/psoc creator/import/gnu_cs/arm/4.8.4/bin/../lib/gcc/arm-none-eabi/4.8.4/../../../../arm-none-eabi/lib/armv7-m\libg_s.a(lib_a-vfprintf_float.o)
 .rodata.str1.1
                0x00006cf9       0x22 c:/program files (x86)/cypress/psoc creator/3.1/psoc creator/import/gnu_cs/arm/4.8.4/bin/../lib/gcc/arm-none-eabi/4.8.4/../../../../arm-none-eabi/lib/armv7-m\libg_s.a(lib_a-vfprintf_i.o)
 .rodata._ctype_
                0x00006d1b      0x101 c:/program files (x86)/cypress/psoc creator/3.1/psoc creator/import/gnu_cs/arm/4.8.4/bin/../lib/gcc/arm-none-eabi/4.8.4/../../../../arm-none-eabi/lib/armv7-m\libg_s.a(lib_a-ctype_.o)
                0x00006d1b                _ctype_
 .rodata.str1.1
                0x00006e1c        0xd c:/program files (x86)/cypress/psoc creator/3.1/psoc creator/import/gnu_cs/arm/4.8.4/bin/../lib/gcc/arm-none-eabi/4.8.4/../../../../arm-none-eabi/lib/armv7-m\libg_s.a(lib_a-dtoa.o)
                                  0xf (size before relaxing)
 .rodata.str1.1
                0x00006e29        0x8 c:/program files (x86)/cypress/psoc creator/3.1/psoc creator/import/gnu_cs/arm/4.8.4/bin/../lib/gcc/arm-none-eabi/4.8.4/../../../../arm-none-eabi/lib/armv7-m\libg_s.a(lib_a-locale.o)
                                  0xb (size before relaxing)
 *fill*         0x00006e31        0x7 
 .rodata.__mprec_tens
                0x00006e38       0xc8 c:/program files (x86)/cypress/psoc creator/3.1/psoc creator/import/gnu_cs/arm/4.8.4/bin/../lib/gcc/arm-none-eabi/4.8.4/../../../../arm-none-eabi/lib/armv7-m\libg_s.a(lib_a-mprec.o)
                0x00006e38                __mprec_tens
 .rodata.__mprec_bigtens
                0x00006f00       0x28 c:/program files (x86)/cypress/psoc creator/3.1/psoc creator/import/gnu_cs/arm/4.8.4/bin/../lib/gcc/arm-none-eabi/4.8.4/../../../../arm-none-eabi/lib/armv7-m\libg_s.a(lib_a-mprec.o)
                0x00006f00                __mprec_bigtens
 .rodata.p05.5281
                0x00006f28        0xc c:/program files (x86)/cypress/psoc creator/3.1/psoc creator/import/gnu_cs/arm/4.8.4/bin/../lib/gcc/arm-none-eabi/4.8.4/../../../../arm-none-eabi/lib/armv7-m\libg_s.a(lib_a-mprec.o)
                0x00006f34                . = ALIGN (0x4)
 *(.init)
 .init          0x00006f34        0x4 c:/program files (x86)/cypress/psoc creator/3.1/psoc creator/import/gnu_cs/arm/4.8.4/bin/../lib/gcc/arm-none-eabi/4.8.4/armv7-m/crti.o
                0x00006f34                _init
 .init          0x00006f38        0x8 c:/program files (x86)/cypress/psoc creator/3.1/psoc creator/import/gnu_cs/arm/4.8.4/bin/../lib/gcc/arm-none-eabi/4.8.4/armv7-m/crtn.o
                0x00006f40                . = ALIGN (0x4)
                0x00006f40                __preinit_array_start = .
 *(.preinit_array)
                0x00006f40                __preinit_array_end = .
                0x00006f40                . = ALIGN (0x4)
                0x00006f40                __init_array_start = .
 *(SORT(.init_array.*))
 *(.init_array)
 .init_array    0x00006f40        0x4 c:/program files (x86)/cypress/psoc creator/3.1/psoc creator/import/gnu_cs/arm/4.8.4/bin/../lib/gcc/arm-none-eabi/4.8.4/armv7-m/crtbegin.o
 .init_array    0x00006f44        0x4 .\CortexM3\ARM_GCC_484\Debug\Cm3Start.o
                0x00006f48                __init_array_end = .
                0x00006f48                . = ALIGN (0x4)
 *(.fini)
 .fini          0x00006f48        0x4 c:/program files (x86)/cypress/psoc creator/3.1/psoc creator/import/gnu_cs/arm/4.8.4/bin/../lib/gcc/arm-none-eabi/4.8.4/armv7-m/crti.o
                0x00006f48                _fini
 .fini          0x00006f4c        0x8 c:/program files (x86)/cypress/psoc creator/3.1/psoc creator/import/gnu_cs/arm/4.8.4/bin/../lib/gcc/arm-none-eabi/4.8.4/armv7-m/crtn.o
                0x00006f54                . = ALIGN (0x4)
                0x00006f54                __fini_array_start = .
 *(.fini_array)
 .fini_array    0x00006f54        0x4 c:/program files (x86)/cypress/psoc creator/3.1/psoc creator/import/gnu_cs/arm/4.8.4/bin/../lib/gcc/arm-none-eabi/4.8.4/armv7-m/crtbegin.o
 *(SORT(.fini_array.*))
                0x00006f58                __fini_array_end = .
                0x00006f58                . = ALIGN (0x4)
 *crtbegin.o(.ctors)
 *(EXCLUDE_FILE(*crtend.o) .ctors)
 *(SORT(.ctors.*))
 *crtend.o(.ctors)
                0x00006f58                . = ALIGN (0x4)
 *crtbegin.o(.dtors)
 *(EXCLUDE_FILE(*crtend.o) .dtors)
 *(SORT(.dtors.*))
 *crtend.o(.dtors)
                0x00006f58                . = ALIGN (0x4)
                0x00006f58                __cy_regions = .
                0x00006f58        0x4 LONG 0x6f68 __cy_region_init_ram
                0x00006f5c        0x4 LONG 0x1fff8108 __cy_region_start_data
                0x00006f60        0x4 LONG 0xd0 __cy_region_init_size_ram
                0x00006f64        0x4 LONG 0x138 __cy_region_zero_size_ram
                0x00006f68                __cy_regions_end = .
                0x00006f68                . = ALIGN (0x8)
                0x00006f68                _etext = .

.ramvectors     0x1fff8000      0x100
                0x1fff8000                __cy_region_start_ram = .
 *(.ramvectors)
 .ramvectors    0x1fff8000      0x100 .\CortexM3\ARM_GCC_484\Debug\Cm3Start.o
                0x1fff8000                CyRamVectors

.noinit         0x1fff8100        0x5
 *(.noinit)
 .noinit        0x1fff8100        0x4 .\CortexM3\ARM_GCC_484\Debug\Cm3Start.o
 .noinit        0x1fff8104        0x1 .\CortexM3\ARM_GCC_484\Debug\Node-Elephant-Terminal.a(CyLib.o)
                0x1fff8104                CyResetStatus

.data           0x1fff8108       0xd0 load address 0x00006f68
                0x1fff8108                __cy_region_start_data = .
 *(.jcr)
 .jcr           0x1fff8108        0x0 c:/program files (x86)/cypress/psoc creator/3.1/psoc creator/import/gnu_cs/arm/4.8.4/bin/../lib/gcc/arm-none-eabi/4.8.4/armv7-m/crtbegin.o
 .jcr           0x1fff8108        0x4 c:/program files (x86)/cypress/psoc creator/3.1/psoc creator/import/gnu_cs/arm/4.8.4/bin/../lib/gcc/arm-none-eabi/4.8.4/armv7-m/crtend.o
 *(.got.plt)
 *(.got)
 *(.shdata)
 *(.data .data.* .gnu.linkonce.d.*)
 .data          0x1fff810c        0x4 .\CortexM3\ARM_GCC_484\Debug\Cm3Start.o
 .data          0x1fff8110        0x8 .\CortexM3\ARM_GCC_484\Debug\Node-Elephant-Terminal.a(USBUART_cdc.o)
                0x1fff8110                USBUART_lineCoding
 .data          0x1fff8118        0x2 .\CortexM3\ARM_GCC_484\Debug\Node-Elephant-Terminal.a(ADC_SAR.o)
 .data          0x1fff811a        0x1 .\CortexM3\ARM_GCC_484\Debug\Node-Elephant-Terminal.a(ADC_SAR_TempBuf_dma.o)
                0x1fff811a                ADC_SAR_TempBuf_DmaHandle
 .data          0x1fff811b        0x1 .\CortexM3\ARM_GCC_484\Debug\Node-Elephant-Terminal.a(ADC_SAR_FinalBuf_dma.o)
                0x1fff811b                ADC_SAR_FinalBuf_DmaHandle
 .data          0x1fff811c        0x8 .\CortexM3\ARM_GCC_484\Debug\Node-Elephant-Terminal.a(CyDmac.o)
 .data          0x1fff8124       0x10 .\CortexM3\ARM_GCC_484\Debug\Node-Elephant-Terminal.a(CyLib.o)
                0x1fff8124                cydelay_freq_hz
                0x1fff8128                cydelay_freq_khz
                0x1fff812c                cydelay_freq_mhz
                0x1fff8130                cydelay_32k_ms
 .data.impure_data
                0x1fff8134       0x60 c:/program files (x86)/cypress/psoc creator/3.1/psoc creator/import/gnu_cs/arm/4.8.4/bin/../lib/gcc/arm-none-eabi/4.8.4/../../../../arm-none-eabi/lib/armv7-m\libg_s.a(lib_a-impure.o)
 .data._impure_ptr
                0x1fff8194        0x4 c:/program files (x86)/cypress/psoc creator/3.1/psoc creator/import/gnu_cs/arm/4.8.4/bin/../lib/gcc/arm-none-eabi/4.8.4/../../../../arm-none-eabi/lib/armv7-m\libg_s.a(lib_a-impure.o)
                0x1fff8194                _impure_ptr
 .data.__ctype_ptr__
                0x1fff8198        0x4 c:/program files (x86)/cypress/psoc creator/3.1/psoc creator/import/gnu_cs/arm/4.8.4/bin/../lib/gcc/arm-none-eabi/4.8.4/../../../../arm-none-eabi/lib/armv7-m\libg_s.a(lib_a-ctype_.o)
                0x1fff8198                __ctype_ptr__
 .data.lconv    0x1fff819c       0x38 c:/program files (x86)/cypress/psoc creator/3.1/psoc creator/import/gnu_cs/arm/4.8.4/bin/../lib/gcc/arm-none-eabi/4.8.4/../../../../arm-none-eabi/lib/armv7-m\libg_s.a(lib_a-locale.o)
                0x1fff81d8                . = ALIGN (0x8)
 *fill*         0x1fff81d4        0x4 
 *(.ram)
                0x1fff81d8                _edata = .

.igot.plt       0x1fff81d8        0x0 load address 0x00007038
 .igot.plt      0x00000000        0x0 c:/program files (x86)/cypress/psoc creator/3.1/psoc creator/import/gnu_cs/arm/4.8.4/bin/../lib/gcc/arm-none-eabi/4.8.4/armv7-m/crtbegin.o

.bss            0x1fff81d8      0x138 load address 0x00007038
                0x1fff81d8                PROVIDE (__bss_start__, .)
 *(.shbss)
 *(.bss .bss.* .gnu.linkonce.b.*)
 .bss           0x1fff81d8       0x1c c:/program files (x86)/cypress/psoc creator/3.1/psoc creator/import/gnu_cs/arm/4.8.4/bin/../lib/gcc/arm-none-eabi/4.8.4/armv7-m/crtbegin.o
 .bss           0x1fff81f4        0x1 .\CortexM3\ARM_GCC_484\Debug\Node-Elephant-Terminal.a(USBUART.o)
                0x1fff81f4                USBUART_initVar
 *fill*         0x1fff81f5        0x3 
 .bss           0x1fff81f8        0x4 .\CortexM3\ARM_GCC_484\Debug\Node-Elephant-Terminal.a(USBUART_std.o)
 .bss           0x1fff81fc        0x2 .\CortexM3\ARM_GCC_484\Debug\Node-Elephant-Terminal.a(LCD.o)
                0x1fff81fc                LCD_enableState
                0x1fff81fd                LCD_initVar
 *fill*         0x1fff81fe        0x2 
 .bss           0x1fff8200       0x14 .\CortexM3\ARM_GCC_484\Debug\Node-Elephant-Terminal.a(ADC_SAR.o)
                0x1fff8200                ADC_SAR_initVar
 .bss           0x1fff8214        0x1 .\CortexM3\ARM_GCC_484\Debug\Node-Elephant-Terminal.a(ADC_SAR_SAR.o)
                0x1fff8214                ADC_SAR_SAR_initVar
 *fill*         0x1fff8215        0x3 
 .bss.__malloc_sbrk_start
                0x1fff8218        0x4 c:/program files (x86)/cypress/psoc creator/3.1/psoc creator/import/gnu_cs/arm/4.8.4/bin/../lib/gcc/arm-none-eabi/4.8.4/../../../../arm-none-eabi/lib/armv7-m\libg_s.a(lib_a-nano-mallocr.o)
                0x1fff8218                __malloc_sbrk_start
 .bss.__malloc_free_list
                0x1fff821c        0x4 c:/program files (x86)/cypress/psoc creator/3.1/psoc creator/import/gnu_cs/arm/4.8.4/bin/../lib/gcc/arm-none-eabi/4.8.4/../../../../arm-none-eabi/lib/armv7-m\libg_s.a(lib_a-nano-mallocr.o)
                0x1fff821c                __malloc_free_list
 *(COMMON)
 COMMON         0x1fff8220        0x5 .\CortexM3\ARM_GCC_484\Debug\Node-Elephant-Terminal.a(USBUART_cdc.o)
                0x1fff8220                USBUART_cdc_data_out_ep
                0x1fff8221                USBUART_cdc_data_in_ep
                0x1fff8222                USBUART_lineControlBitmap
                0x1fff8224                USBUART_lineChanged
 *fill*         0x1fff8225        0x3 
 COMMON         0x1fff8228       0x96 .\CortexM3\ARM_GCC_484\Debug\Node-Elephant-Terminal.a(USBUART_drv.o)
                0x1fff8228                USBUART_lastPacketSize
                0x1fff8229                USBUART_device
                0x1fff822a                USBUART_transferByteCount
                0x1fff822c                USBUART_interfaceSetting_last
                0x1fff822e                USBUART_transferState
                0x1fff8230                USBUART_currentTD
                0x1fff823c                USBUART_interfaceNumber
                0x1fff8240                USBUART_interfaceClass
                0x1fff8244                USBUART_configurationChanged
                0x1fff8245                USBUART_ep0Mode
                0x1fff8246                USBUART_deviceAddress
                0x1fff8247                USBUART_configuration
                0x1fff8248                USBUART_ep0Count
                0x1fff8249                USBUART_deviceStatus
                0x1fff824c                USBUART_EP
                0x1fff82b8                USBUART_interfaceSetting
                0x1fff82ba                USBUART_ep0Toggle
                0x1fff82bc                USBUART_interfaceStatus
 *fill*         0x1fff82be        0x2 
 COMMON         0x1fff82c0        0xa .\CortexM3\ARM_GCC_484\Debug\Node-Elephant-Terminal.a(USBUART_hid.o)
                0x1fff82c0                USBUART_hidProtocol
                0x1fff82c4                USBUART_hidIdleTimer
                0x1fff82c8                USBUART_hidIdleRate
 *fill*         0x1fff82ca        0x2 
 COMMON         0x1fff82cc        0xa .\CortexM3\ARM_GCC_484\Debug\Node-Elephant-Terminal.a(ADC_SAR.o)
                0x1fff82cc                ADC_SAR_finalArray
 *fill*         0x1fff82d6        0x2 
 COMMON         0x1fff82d8        0xc .\CortexM3\ARM_GCC_484\Debug\Node-Elephant-Terminal.a(ADC_SAR_SAR.o)
                0x1fff82d8                ADC_SAR_SAR_offset
                0x1fff82da                ADC_SAR_SAR_countsPerVolt
                0x1fff82dc                ADC_SAR_SAR_shift
                0x1fff82e0                ADC_SAR_SAR_countsPer10Volt
 COMMON         0x1fff82e4       0x22 .\CortexM3\ARM_GCC_484\Debug\Node-Elephant-Terminal.a(USBUART_descr.o)
                0x1fff82e4                USBUART_idSerialNumberStringDescriptor
 *fill*         0x1fff8306        0x2 
 COMMON         0x1fff8308        0x4 c:/program files (x86)/cypress/psoc creator/3.1/psoc creator/import/gnu_cs/arm/4.8.4/bin/../lib/gcc/arm-none-eabi/4.8.4/../../../../arm-none-eabi/lib/armv7-m\libg_s.a(lib_a-reent.o)
                0x1fff8308                errno
                0x1fff8310                . = ALIGN (0x8)
 *fill*         0x1fff830c        0x4 
 *(.ram.b)
                0x1fff8310                _end = .
                0x1fff8310                __end = .
                0x1fff8310                PROVIDE (end, .)
                0x1fff8310                PROVIDE (__bss_end__, .)
                0x00006f68                __cy_region_init_ram = LOADADDR (.data)
                0x000000d0                __cy_region_init_size_ram = (_edata - ADDR (.data))
                0x00000138                __cy_region_zero_size_ram = (_end - _edata)

.heap           0x1fff8310      0x200 load address 0x00007038
                0x1fff8310                . = _end
                0x1fff8510                . = (. + 0x200)
 *fill*         0x1fff8310      0x200 
                0x1fff8510                __cy_heap_limit = .

.stack          0x20007800      0x800
                0x20007800                __cy_stack_limit = .
                0x20008000                . = (. + 0x800)
 *fill*         0x20007800      0x800 
                0x00000001                ASSERT ((__cy_stack_limit >= __cy_heap_limit), region RAM overflowed with stack)

.cyloadermeta
 *(.cyloadermeta)

.cyloadablemeta
 *(.cyloadablemeta)

.cyconfigecc    0x80000000      0x4f8
 *(.cyconfigecc)
 .cyconfigecc   0x80000000      0x4f8 .\CortexM3\ARM_GCC_484\Debug\cymetadata.o
                0x80000000                cy_meta_configecc

.cycustnvl      0x90000000        0x4
 *(.cycustnvl)
 .cycustnvl     0x90000000        0x4 .\CortexM3\ARM_GCC_484\Debug\cymetadata.o
                0x90000000                cy_meta_custnvl

.cywolatch      0x90100000        0x4
 *(.cywolatch)
 .cywolatch     0x90100000        0x4 .\CortexM3\ARM_GCC_484\Debug\cymetadata.o
                0x90100000                cy_meta_wonvl

.cyeeprom       0x90200000        0x0
 *(.cyeeprom)
                0x00000001                ASSERT ((. <= ((0x90200000 + ee_offset) + ee_size)), .cyeeprom data will not fit in EEPROM)

.cyflashprotect
                0x90400000      0x100
 *(.cyflashprotect)
 .cyflashprotect
                0x90400000      0x100 .\CortexM3\ARM_GCC_484\Debug\cymetadata.o
                0x90400000                cy_meta_flashprotect

.cymeta         0x90500000        0xc
 *(.cymeta)
 .cymeta        0x90500000        0xc .\CortexM3\ARM_GCC_484\Debug\cymetadata.o
                0x90500000                cy_metadata

.rel.dyn        0x00007038        0x0 load address 0x9050000c
 .rel.iplt      0x00000000        0x0 c:/program files (x86)/cypress/psoc creator/3.1/psoc creator/import/gnu_cs/arm/4.8.4/bin/../lib/gcc/arm-none-eabi/4.8.4/armv7-m/crtbegin.o

.stab
 *(.stab)

.stabstr
 *(.stabstr)

.debug
 *(.debug)

.line
 *(.line)

.debug_srcinfo
 *(.debug_srcinfo)

.debug_sfnames
 *(.debug_sfnames)

.debug_aranges  0x00000000      0xc38
 *(.debug_aranges)
 .debug_aranges
                0x00000000       0x20 .\CortexM3\ARM_GCC_484\Debug\main.o
 .debug_aranges
                0x00000020       0x28 .\CortexM3\ARM_GCC_484\Debug\uart-terminal.o
 .debug_aranges
                0x00000048       0x18 .\CortexM3\ARM_GCC_484\Debug\cymetadata.o
 .debug_aranges
                0x00000060       0x48 .\CortexM3\ARM_GCC_484\Debug\Cm3Start.o
 .debug_aranges
                0x000000a8       0x60 .\CortexM3\ARM_GCC_484\Debug\Node-Elephant-Terminal.a(cyfitter_cfg.o)
 .debug_aranges
                0x00000108       0xb0 .\CortexM3\ARM_GCC_484\Debug\Node-Elephant-Terminal.a(USBUART.o)
 .debug_aranges
                0x000001b8       0xb0 .\CortexM3\ARM_GCC_484\Debug\Node-Elephant-Terminal.a(USBUART_cdc.o)
 .debug_aranges
                0x00000268       0x98 .\CortexM3\ARM_GCC_484\Debug\Node-Elephant-Terminal.a(USBUART_drv.o)
 .debug_aranges
                0x00000300       0x40 .\CortexM3\ARM_GCC_484\Debug\Node-Elephant-Terminal.a(USBUART_episr.o)
 .debug_aranges
                0x00000340       0x48 .\CortexM3\ARM_GCC_484\Debug\Node-Elephant-Terminal.a(USBUART_hid.o)
 .debug_aranges
                0x00000388       0x78 .\CortexM3\ARM_GCC_484\Debug\Node-Elephant-Terminal.a(USBUART_std.o)
 .debug_aranges
                0x00000400       0x20 .\CortexM3\ARM_GCC_484\Debug\Node-Elephant-Terminal.a(USBUART_vnd.o)
 .debug_aranges
                0x00000420       0x98 .\CortexM3\ARM_GCC_484\Debug\Node-Elephant-Terminal.a(LCD.o)
 .debug_aranges
                0x000004b8       0xa0 .\CortexM3\ARM_GCC_484\Debug\Node-Elephant-Terminal.a(ADC_SAR.o)
 .debug_aranges
                0x00000558       0x20 .\CortexM3\ARM_GCC_484\Debug\Node-Elephant-Terminal.a(ADC_SAR_INT.o)
 .debug_aranges
                0x00000578       0xa8 .\CortexM3\ARM_GCC_484\Debug\Node-Elephant-Terminal.a(ADC_SAR_SAR.o)
 .debug_aranges
                0x00000620       0x28 .\CortexM3\ARM_GCC_484\Debug\Node-Elephant-Terminal.a(ADC_SAR_TempBuf_dma.o)
 .debug_aranges
                0x00000648       0x28 .\CortexM3\ARM_GCC_484\Debug\Node-Elephant-Terminal.a(ADC_SAR_FinalBuf_dma.o)
 .debug_aranges
                0x00000670       0x80 .\CortexM3\ARM_GCC_484\Debug\Node-Elephant-Terminal.a(ADC_SAR_IRQ.o)
 .debug_aranges
                0x000006f0       0x20 .\CortexM3\ARM_GCC_484\Debug\Node-Elephant-Terminal.a(CyBootAsmGnu.o)
 .debug_aranges
                0x00000710       0xd8 .\CortexM3\ARM_GCC_484\Debug\Node-Elephant-Terminal.a(CyDmac.o)
 .debug_aranges
                0x000007e8      0x290 .\CortexM3\ARM_GCC_484\Debug\Node-Elephant-Terminal.a(CyLib.o)
 .debug_aranges
                0x00000a78       0x90 .\CortexM3\ARM_GCC_484\Debug\Node-Elephant-Terminal.a(cyPm.o)
 .debug_aranges
                0x00000b08       0x20 .\CortexM3\ARM_GCC_484\Debug\Node-Elephant-Terminal.a(USBUART_cls.o)
 .debug_aranges
                0x00000b28       0x18 .\CortexM3\ARM_GCC_484\Debug\Node-Elephant-Terminal.a(USBUART_descr.o)
 .debug_aranges
                0x00000b40       0x80 .\CortexM3\ARM_GCC_484\Debug\Node-Elephant-Terminal.a(CyFlash.o)
 .debug_aranges
                0x00000bc0       0x78 .\CortexM3\ARM_GCC_484\Debug\Node-Elephant-Terminal.a(CySpc.o)

.debug_pubnames
 *(.debug_pubnames)

.debug_info     0x00000000     0x6208
 *(.debug_info .gnu.linkonce.wi.*)
 .debug_info    0x00000000      0x101 .\CortexM3\ARM_GCC_484\Debug\main.o
 .debug_info    0x00000101      0x174 .\CortexM3\ARM_GCC_484\Debug\uart-terminal.o
 .debug_info    0x00000275      0x13b .\CortexM3\ARM_GCC_484\Debug\cymetadata.o
 .debug_info    0x000003b0      0x323 .\CortexM3\ARM_GCC_484\Debug\Cm3Start.o
 .debug_info    0x000006d3      0x3ae .\CortexM3\ARM_GCC_484\Debug\Node-Elephant-Terminal.a(cyfitter_cfg.o)
 .debug_info    0x00000a81      0x601 .\CortexM3\ARM_GCC_484\Debug\Node-Elephant-Terminal.a(USBUART.o)
 .debug_info    0x00001082      0x56f .\CortexM3\ARM_GCC_484\Debug\Node-Elephant-Terminal.a(USBUART_cdc.o)
 .debug_info    0x000015f1      0x4ed .\CortexM3\ARM_GCC_484\Debug\Node-Elephant-Terminal.a(USBUART_drv.o)
 .debug_info    0x00001ade      0x1a6 .\CortexM3\ARM_GCC_484\Debug\Node-Elephant-Terminal.a(USBUART_episr.o)
 .debug_info    0x00001c84      0x34e .\CortexM3\ARM_GCC_484\Debug\Node-Elephant-Terminal.a(USBUART_hid.o)
 .debug_info    0x00001fd2      0x7bb .\CortexM3\ARM_GCC_484\Debug\Node-Elephant-Terminal.a(USBUART_std.o)
 .debug_info    0x0000278d      0x177 .\CortexM3\ARM_GCC_484\Debug\Node-Elephant-Terminal.a(USBUART_vnd.o)
 .debug_info    0x00002904      0x3c4 .\CortexM3\ARM_GCC_484\Debug\Node-Elephant-Terminal.a(LCD.o)
 .debug_info    0x00002cc8      0x39e .\CortexM3\ARM_GCC_484\Debug\Node-Elephant-Terminal.a(ADC_SAR.o)
 .debug_info    0x00003066       0x99 .\CortexM3\ARM_GCC_484\Debug\Node-Elephant-Terminal.a(ADC_SAR_INT.o)
 .debug_info    0x000030ff      0x454 .\CortexM3\ARM_GCC_484\Debug\Node-Elephant-Terminal.a(ADC_SAR_SAR.o)
 .debug_info    0x00003553      0x112 .\CortexM3\ARM_GCC_484\Debug\Node-Elephant-Terminal.a(ADC_SAR_TempBuf_dma.o)
 .debug_info    0x00003665      0x112 .\CortexM3\ARM_GCC_484\Debug\Node-Elephant-Terminal.a(ADC_SAR_FinalBuf_dma.o)
 .debug_info    0x00003777      0x236 .\CortexM3\ARM_GCC_484\Debug\Node-Elephant-Terminal.a(ADC_SAR_IRQ.o)
 .debug_info    0x000039ad       0xa1 .\CortexM3\ARM_GCC_484\Debug\Node-Elephant-Terminal.a(CyBootAsmGnu.o)
 .debug_info    0x00003a4e      0x8b1 .\CortexM3\ARM_GCC_484\Debug\Node-Elephant-Terminal.a(CyDmac.o)
 .debug_info    0x000042ff      0xd85 .\CortexM3\ARM_GCC_484\Debug\Node-Elephant-Terminal.a(CyLib.o)
 .debug_info    0x00005084      0x536 .\CortexM3\ARM_GCC_484\Debug\Node-Elephant-Terminal.a(cyPm.o)
 .debug_info    0x000055ba      0x19b .\CortexM3\ARM_GCC_484\Debug\Node-Elephant-Terminal.a(USBUART_cls.o)
 .debug_info    0x00005755      0x2f3 .\CortexM3\ARM_GCC_484\Debug\Node-Elephant-Terminal.a(USBUART_descr.o)
 .debug_info    0x00005a48      0x36a .\CortexM3\ARM_GCC_484\Debug\Node-Elephant-Terminal.a(CyFlash.o)
 .debug_info    0x00005db2      0x456 .\CortexM3\ARM_GCC_484\Debug\Node-Elephant-Terminal.a(CySpc.o)

.debug_abbrev   0x00000000     0x1eb5
 *(.debug_abbrev)
 .debug_abbrev  0x00000000       0x8a .\CortexM3\ARM_GCC_484\Debug\main.o
 .debug_abbrev  0x0000008a       0xa2 .\CortexM3\ARM_GCC_484\Debug\uart-terminal.o
 .debug_abbrev  0x0000012c       0x77 .\CortexM3\ARM_GCC_484\Debug\cymetadata.o
 .debug_abbrev  0x000001a3      0x1c5 .\CortexM3\ARM_GCC_484\Debug\Cm3Start.o
 .debug_abbrev  0x00000368      0x19d .\CortexM3\ARM_GCC_484\Debug\Node-Elephant-Terminal.a(cyfitter_cfg.o)
 .debug_abbrev  0x00000505      0x1bf .\CortexM3\ARM_GCC_484\Debug\Node-Elephant-Terminal.a(USBUART.o)
 .debug_abbrev  0x000006c4      0x1db .\CortexM3\ARM_GCC_484\Debug\Node-Elephant-Terminal.a(USBUART_cdc.o)
 .debug_abbrev  0x0000089f      0x179 .\CortexM3\ARM_GCC_484\Debug\Node-Elephant-Terminal.a(USBUART_drv.o)
 .debug_abbrev  0x00000a18       0xd2 .\CortexM3\ARM_GCC_484\Debug\Node-Elephant-Terminal.a(USBUART_episr.o)
 .debug_abbrev  0x00000aea      0x15e .\CortexM3\ARM_GCC_484\Debug\Node-Elephant-Terminal.a(USBUART_hid.o)
 .debug_abbrev  0x00000c48      0x1ac .\CortexM3\ARM_GCC_484\Debug\Node-Elephant-Terminal.a(USBUART_std.o)
 .debug_abbrev  0x00000df4       0xc5 .\CortexM3\ARM_GCC_484\Debug\Node-Elephant-Terminal.a(USBUART_vnd.o)
 .debug_abbrev  0x00000eb9      0x12d .\CortexM3\ARM_GCC_484\Debug\Node-Elephant-Terminal.a(LCD.o)
 .debug_abbrev  0x00000fe6      0x162 .\CortexM3\ARM_GCC_484\Debug\Node-Elephant-Terminal.a(ADC_SAR.o)
 .debug_abbrev  0x00001148       0x42 .\CortexM3\ARM_GCC_484\Debug\Node-Elephant-Terminal.a(ADC_SAR_INT.o)
 .debug_abbrev  0x0000118a      0x180 .\CortexM3\ARM_GCC_484\Debug\Node-Elephant-Terminal.a(ADC_SAR_SAR.o)
 .debug_abbrev  0x0000130a       0x8b .\CortexM3\ARM_GCC_484\Debug\Node-Elephant-Terminal.a(ADC_SAR_TempBuf_dma.o)
 .debug_abbrev  0x00001395       0x8b .\CortexM3\ARM_GCC_484\Debug\Node-Elephant-Terminal.a(ADC_SAR_FinalBuf_dma.o)
 .debug_abbrev  0x00001420      0x156 .\CortexM3\ARM_GCC_484\Debug\Node-Elephant-Terminal.a(ADC_SAR_IRQ.o)
 .debug_abbrev  0x00001576       0x14 .\CortexM3\ARM_GCC_484\Debug\Node-Elephant-Terminal.a(CyBootAsmGnu.o)
 .debug_abbrev  0x0000158a      0x194 .\CortexM3\ARM_GCC_484\Debug\Node-Elephant-Terminal.a(CyDmac.o)
 .debug_abbrev  0x0000171e      0x217 .\CortexM3\ARM_GCC_484\Debug\Node-Elephant-Terminal.a(CyLib.o)
 .debug_abbrev  0x00001935      0x16e .\CortexM3\ARM_GCC_484\Debug\Node-Elephant-Terminal.a(cyPm.o)
 .debug_abbrev  0x00001aa3       0xc5 .\CortexM3\ARM_GCC_484\Debug\Node-Elephant-Terminal.a(USBUART_cls.o)
 .debug_abbrev  0x00001b68       0xa7 .\CortexM3\ARM_GCC_484\Debug\Node-Elephant-Terminal.a(USBUART_descr.o)
 .debug_abbrev  0x00001c0f      0x12d .\CortexM3\ARM_GCC_484\Debug\Node-Elephant-Terminal.a(CyFlash.o)
 .debug_abbrev  0x00001d3c      0x179 .\CortexM3\ARM_GCC_484\Debug\Node-Elephant-Terminal.a(CySpc.o)

.debug_line     0x00000000     0x31b0
 *(.debug_line)
 .debug_line    0x00000000      0x17a .\CortexM3\ARM_GCC_484\Debug\main.o
 .debug_line    0x0000017a      0x1e4 .\CortexM3\ARM_GCC_484\Debug\uart-terminal.o
 .debug_line    0x0000035e       0x53 .\CortexM3\ARM_GCC_484\Debug\cymetadata.o
 .debug_line    0x000003b1      0x1cf .\CortexM3\ARM_GCC_484\Debug\Cm3Start.o
 .debug_line    0x00000580      0x1fa .\CortexM3\ARM_GCC_484\Debug\Node-Elephant-Terminal.a(cyfitter_cfg.o)
 .debug_line    0x0000077a      0x2c0 .\CortexM3\ARM_GCC_484\Debug\Node-Elephant-Terminal.a(USBUART.o)
 .debug_line    0x00000a3a      0x238 .\CortexM3\ARM_GCC_484\Debug\Node-Elephant-Terminal.a(USBUART_cdc.o)
 .debug_line    0x00000c72      0x21d .\CortexM3\ARM_GCC_484\Debug\Node-Elephant-Terminal.a(USBUART_drv.o)
 .debug_line    0x00000e8f       0xe4 .\CortexM3\ARM_GCC_484\Debug\Node-Elephant-Terminal.a(USBUART_episr.o)
 .debug_line    0x00000f73      0x16f .\CortexM3\ARM_GCC_484\Debug\Node-Elephant-Terminal.a(USBUART_hid.o)
 .debug_line    0x000010e2      0x402 .\CortexM3\ARM_GCC_484\Debug\Node-Elephant-Terminal.a(USBUART_std.o)
 .debug_line    0x000014e4       0x91 .\CortexM3\ARM_GCC_484\Debug\Node-Elephant-Terminal.a(USBUART_vnd.o)
 .debug_line    0x00001575      0x1f3 .\CortexM3\ARM_GCC_484\Debug\Node-Elephant-Terminal.a(LCD.o)
 .debug_line    0x00001768      0x1c2 .\CortexM3\ARM_GCC_484\Debug\Node-Elephant-Terminal.a(ADC_SAR.o)
 .debug_line    0x0000192a       0x59 .\CortexM3\ARM_GCC_484\Debug\Node-Elephant-Terminal.a(ADC_SAR_INT.o)
 .debug_line    0x00001983      0x206 .\CortexM3\ARM_GCC_484\Debug\Node-Elephant-Terminal.a(ADC_SAR_SAR.o)
 .debug_line    0x00001b89       0x84 .\CortexM3\ARM_GCC_484\Debug\Node-Elephant-Terminal.a(ADC_SAR_TempBuf_dma.o)
 .debug_line    0x00001c0d       0x85 .\CortexM3\ARM_GCC_484\Debug\Node-Elephant-Terminal.a(ADC_SAR_FinalBuf_dma.o)
 .debug_line    0x00001c92      0x146 .\CortexM3\ARM_GCC_484\Debug\Node-Elephant-Terminal.a(ADC_SAR_IRQ.o)
 .debug_line    0x00001dd8       0x68 .\CortexM3\ARM_GCC_484\Debug\Node-Elephant-Terminal.a(CyBootAsmGnu.o)
 .debug_line    0x00001e40      0x2af .\CortexM3\ARM_GCC_484\Debug\Node-Elephant-Terminal.a(CyDmac.o)
 .debug_line    0x000020ef      0x839 .\CortexM3\ARM_GCC_484\Debug\Node-Elephant-Terminal.a(CyLib.o)
 .debug_line    0x00002928      0x366 .\CortexM3\ARM_GCC_484\Debug\Node-Elephant-Terminal.a(cyPm.o)
 .debug_line    0x00002c8e       0x9c .\CortexM3\ARM_GCC_484\Debug\Node-Elephant-Terminal.a(USBUART_cls.o)
 .debug_line    0x00002d2a       0x63 .\CortexM3\ARM_GCC_484\Debug\Node-Elephant-Terminal.a(USBUART_descr.o)
 .debug_line    0x00002d8d      0x217 .\CortexM3\ARM_GCC_484\Debug\Node-Elephant-Terminal.a(CyFlash.o)
 .debug_line    0x00002fa4      0x20c .\CortexM3\ARM_GCC_484\Debug\Node-Elephant-Terminal.a(CySpc.o)

.debug_frame    0x00000000     0x2e04
 *(.debug_frame)
 .debug_frame   0x00000000       0x30 .\CortexM3\ARM_GCC_484\Debug\main.o
 .debug_frame   0x00000030       0x50 .\CortexM3\ARM_GCC_484\Debug\uart-terminal.o
 .debug_frame   0x00000080       0xc4 .\CortexM3\ARM_GCC_484\Debug\Cm3Start.o
 .debug_frame   0x00000144      0x120 .\CortexM3\ARM_GCC_484\Debug\Node-Elephant-Terminal.a(cyfitter_cfg.o)
 .debug_frame   0x00000264      0x238 .\CortexM3\ARM_GCC_484\Debug\Node-Elephant-Terminal.a(USBUART.o)
 .debug_frame   0x0000049c      0x248 .\CortexM3\ARM_GCC_484\Debug\Node-Elephant-Terminal.a(USBUART_cdc.o)
 .debug_frame   0x000006e4      0x1e0 .\CortexM3\ARM_GCC_484\Debug\Node-Elephant-Terminal.a(USBUART_drv.o)
 .debug_frame   0x000008c4       0x9c .\CortexM3\ARM_GCC_484\Debug\Node-Elephant-Terminal.a(USBUART_episr.o)
 .debug_frame   0x00000960       0xc8 .\CortexM3\ARM_GCC_484\Debug\Node-Elephant-Terminal.a(USBUART_hid.o)
 .debug_frame   0x00000a28      0x180 .\CortexM3\ARM_GCC_484\Debug\Node-Elephant-Terminal.a(USBUART_std.o)
 .debug_frame   0x00000ba8       0x30 .\CortexM3\ARM_GCC_484\Debug\Node-Elephant-Terminal.a(USBUART_vnd.o)
 .debug_frame   0x00000bd8      0x200 .\CortexM3\ARM_GCC_484\Debug\Node-Elephant-Terminal.a(LCD.o)
 .debug_frame   0x00000dd8      0x20c .\CortexM3\ARM_GCC_484\Debug\Node-Elephant-Terminal.a(ADC_SAR.o)
 .debug_frame   0x00000fe4       0x2c .\CortexM3\ARM_GCC_484\Debug\Node-Elephant-Terminal.a(ADC_SAR_INT.o)
 .debug_frame   0x00001010      0x230 .\CortexM3\ARM_GCC_484\Debug\Node-Elephant-Terminal.a(ADC_SAR_SAR.o)
 .debug_frame   0x00001240       0x4c .\CortexM3\ARM_GCC_484\Debug\Node-Elephant-Terminal.a(ADC_SAR_TempBuf_dma.o)
 .debug_frame   0x0000128c       0x4c .\CortexM3\ARM_GCC_484\Debug\Node-Elephant-Terminal.a(ADC_SAR_FinalBuf_dma.o)
 .debug_frame   0x000012d8      0x180 .\CortexM3\ARM_GCC_484\Debug\Node-Elephant-Terminal.a(ADC_SAR_IRQ.o)
 .debug_frame   0x00001458      0x2c0 .\CortexM3\ARM_GCC_484\Debug\Node-Elephant-Terminal.a(CyDmac.o)
 .debug_frame   0x00001718      0x924 .\CortexM3\ARM_GCC_484\Debug\Node-Elephant-Terminal.a(CyLib.o)
 .debug_frame   0x0000203c      0x1d0 .\CortexM3\ARM_GCC_484\Debug\Node-Elephant-Terminal.a(cyPm.o)
 .debug_frame   0x0000220c       0x30 .\CortexM3\ARM_GCC_484\Debug\Node-Elephant-Terminal.a(USBUART_cls.o)
 .debug_frame   0x0000223c      0x1a8 .\CortexM3\ARM_GCC_484\Debug\Node-Elephant-Terminal.a(CyFlash.o)
 .debug_frame   0x000023e4      0x174 .\CortexM3\ARM_GCC_484\Debug\Node-Elephant-Terminal.a(CySpc.o)
 .debug_frame   0x00002558       0x58 c:/program files (x86)/cypress/psoc creator/3.1/psoc creator/import/gnu_cs/arm/4.8.4/bin/../lib/gcc/arm-none-eabi/4.8.4/armv7-m\libgcc.a(bpabi.o)
 .debug_frame   0x000025b0       0x34 c:/program files (x86)/cypress/psoc creator/3.1/psoc creator/import/gnu_cs/arm/4.8.4/bin/../lib/gcc/arm-none-eabi/4.8.4/armv7-m\libgcc.a(_divdi3.o)
 .debug_frame   0x000025e4       0x34 c:/program files (x86)/cypress/psoc creator/3.1/psoc creator/import/gnu_cs/arm/4.8.4/bin/../lib/gcc/arm-none-eabi/4.8.4/armv7-m\libgcc.a(_udivdi3.o)
 .debug_frame   0x00002618       0x20 c:/program files (x86)/cypress/psoc creator/3.1/psoc creator/import/gnu_cs/arm/4.8.4/bin/../lib/gcc/arm-none-eabi/4.8.4/../../../../arm-none-eabi/lib/armv7-m\libg_s.a(lib_a-errno.o)
 .debug_frame   0x00002638       0x28 c:/program files (x86)/cypress/psoc creator/3.1/psoc creator/import/gnu_cs/arm/4.8.4/bin/../lib/gcc/arm-none-eabi/4.8.4/../../../../arm-none-eabi/lib/armv7-m\libg_s.a(lib_a-exit.o)
 .debug_frame   0x00002660       0x2c c:/program files (x86)/cypress/psoc creator/3.1/psoc creator/import/gnu_cs/arm/4.8.4/bin/../lib/gcc/arm-none-eabi/4.8.4/../../../../arm-none-eabi/lib/armv7-m\libg_s.a(lib_a-init.o)
 .debug_frame   0x0000268c       0x28 c:/program files (x86)/cypress/psoc creator/3.1/psoc creator/import/gnu_cs/arm/4.8.4/bin/../lib/gcc/arm-none-eabi/4.8.4/../../../../arm-none-eabi/lib/armv7-m\libg_s.a(lib_a-memcpy-stub.o)
 .debug_frame   0x000026b4       0x20 c:/program files (x86)/cypress/psoc creator/3.1/psoc creator/import/gnu_cs/arm/4.8.4/bin/../lib/gcc/arm-none-eabi/4.8.4/../../../../arm-none-eabi/lib/armv7-m\libg_s.a(lib_a-memset.o)
 .debug_frame   0x000026d4       0x58 c:/program files (x86)/cypress/psoc creator/3.1/psoc creator/import/gnu_cs/arm/4.8.4/bin/../lib/gcc/arm-none-eabi/4.8.4/../../../../arm-none-eabi/lib/armv7-m\libg_s.a(lib_a-sprintf.o)
 .debug_frame   0x0000272c       0x2c c:/program files (x86)/cypress/psoc creator/3.1/psoc creator/import/gnu_cs/arm/4.8.4/bin/../lib/gcc/arm-none-eabi/4.8.4/../../../../arm-none-eabi/lib/armv7-m\libg_s.a(lib_a-strcasecmp.o)
 .debug_frame   0x00002758       0x88 c:/program files (x86)/cypress/psoc creator/3.1/psoc creator/import/gnu_cs/arm/4.8.4/bin/../lib/gcc/arm-none-eabi/4.8.4/../../../../arm-none-eabi/lib/armv7-m\libg_s.a(lib_a-svfprintf.o)
 .debug_frame   0x000027e0       0x80 c:/program files (x86)/cypress/psoc creator/3.1/psoc creator/import/gnu_cs/arm/4.8.4/bin/../lib/gcc/arm-none-eabi/4.8.4/../../../../arm-none-eabi/lib/armv7-m\libg_s.a(lib_a-vfprintf_float.o)
 .debug_frame   0x00002860       0x60 c:/program files (x86)/cypress/psoc creator/3.1/psoc creator/import/gnu_cs/arm/4.8.4/bin/../lib/gcc/arm-none-eabi/4.8.4/../../../../arm-none-eabi/lib/armv7-m\libg_s.a(lib_a-vfprintf_i.o)
 .debug_frame   0x000028c0       0x68 c:/program files (x86)/cypress/psoc creator/3.1/psoc creator/import/gnu_cs/arm/4.8.4/bin/../lib/gcc/arm-none-eabi/4.8.4/../../../../arm-none-eabi/lib/armv7-m\libg_s.a(lib_a-dtoa.o)
 .debug_frame   0x00002928       0x98 c:/program files (x86)/cypress/psoc creator/3.1/psoc creator/import/gnu_cs/arm/4.8.4/bin/../lib/gcc/arm-none-eabi/4.8.4/../../../../arm-none-eabi/lib/armv7-m\libg_s.a(lib_a-locale.o)
 .debug_frame   0x000029c0       0x30 c:/program files (x86)/cypress/psoc creator/3.1/psoc creator/import/gnu_cs/arm/4.8.4/bin/../lib/gcc/arm-none-eabi/4.8.4/../../../../arm-none-eabi/lib/armv7-m\libg_s.a(lib_a-malloc.o)
 .debug_frame   0x000029f0       0x28 c:/program files (x86)/cypress/psoc creator/3.1/psoc creator/import/gnu_cs/arm/4.8.4/bin/../lib/gcc/arm-none-eabi/4.8.4/../../../../arm-none-eabi/lib/armv7-m\libg_s.a(lib_a-memchr-stub.o)
 .debug_frame   0x00002a18       0x2c c:/program files (x86)/cypress/psoc creator/3.1/psoc creator/import/gnu_cs/arm/4.8.4/bin/../lib/gcc/arm-none-eabi/4.8.4/../../../../arm-none-eabi/lib/armv7-m\libg_s.a(lib_a-memmove.o)
 .debug_frame   0x00002a44      0x230 c:/program files (x86)/cypress/psoc creator/3.1/psoc creator/import/gnu_cs/arm/4.8.4/bin/../lib/gcc/arm-none-eabi/4.8.4/../../../../arm-none-eabi/lib/armv7-m\libg_s.a(lib_a-mprec.o)
 .debug_frame   0x00002c74       0x2c c:/program files (x86)/cypress/psoc creator/3.1/psoc creator/import/gnu_cs/arm/4.8.4/bin/../lib/gcc/arm-none-eabi/4.8.4/../../../../arm-none-eabi/lib/armv7-m\libg_s.a(lib_a-nano-callocr.o)
 .debug_frame   0x00002ca0       0x2c c:/program files (x86)/cypress/psoc creator/3.1/psoc creator/import/gnu_cs/arm/4.8.4/bin/../lib/gcc/arm-none-eabi/4.8.4/../../../../arm-none-eabi/lib/armv7-m\libg_s.a(lib_a-nano-freer.o)
 .debug_frame   0x00002ccc       0x2c c:/program files (x86)/cypress/psoc creator/3.1/psoc creator/import/gnu_cs/arm/4.8.4/bin/../lib/gcc/arm-none-eabi/4.8.4/../../../../arm-none-eabi/lib/armv7-m\libg_s.a(lib_a-nano-mallocr.o)
 .debug_frame   0x00002cf8       0x30 c:/program files (x86)/cypress/psoc creator/3.1/psoc creator/import/gnu_cs/arm/4.8.4/bin/../lib/gcc/arm-none-eabi/4.8.4/../../../../arm-none-eabi/lib/armv7-m\libg_s.a(lib_a-nano-reallocr.o)
 .debug_frame   0x00002d28       0x28 c:/program files (x86)/cypress/psoc creator/3.1/psoc creator/import/gnu_cs/arm/4.8.4/bin/../lib/gcc/arm-none-eabi/4.8.4/../../../../arm-none-eabi/lib/armv7-m\libg_s.a(lib_a-s_fpclassify.o)
 .debug_frame   0x00002d50       0x2c c:/program files (x86)/cypress/psoc creator/3.1/psoc creator/import/gnu_cs/arm/4.8.4/bin/../lib/gcc/arm-none-eabi/4.8.4/../../../../arm-none-eabi/lib/armv7-m\libg_s.a(lib_a-sbrkr.o)
 .debug_frame   0x00002d7c       0x20 c:/program files (x86)/cypress/psoc creator/3.1/psoc creator/import/gnu_cs/arm/4.8.4/bin/../lib/gcc/arm-none-eabi/4.8.4/../../../../arm-none-eabi/lib/armv7-m\libg_s.a(lib_a-strlen.o)
 .debug_frame   0x00002d9c       0x20 c:/program files (x86)/cypress/psoc creator/3.1/psoc creator/import/gnu_cs/arm/4.8.4/bin/../lib/gcc/arm-none-eabi/4.8.4/../../../../arm-none-eabi/lib/armv7-m\libg_s.a(lib_a-nano-msizer.o)
 .debug_frame   0x00002dbc       0x48 c:/program files (x86)/cypress/psoc creator/3.1/psoc creator/import/gnu_cs/arm/4.8.4/bin/../lib/gcc/arm-none-eabi/4.8.4/../../../../arm-none-eabi/lib/armv7-m\libg_s.a(lib_a-reent.o)

.debug_str      0x00000000     0x2c95
 *(.debug_str)
 .debug_str     0x00000000      0x16e .\CortexM3\ARM_GCC_484\Debug\main.o
                                0x1af (size before relaxing)
 .debug_str     0x0000016e       0x4f .\CortexM3\ARM_GCC_484\Debug\uart-terminal.o
                                0x1f0 (size before relaxing)
 .debug_str     0x000001bd       0x77 .\CortexM3\ARM_GCC_484\Debug\cymetadata.o
                                0x1e9 (size before relaxing)
 .debug_str     0x00000234      0x13e .\CortexM3\ARM_GCC_484\Debug\Cm3Start.o
                                0x2ca (size before relaxing)
 .debug_str     0x00000372      0x157 .\CortexM3\ARM_GCC_484\Debug\Node-Elephant-Terminal.a(cyfitter_cfg.o)
                                0x2f6 (size before relaxing)
 .debug_str     0x000004c9      0x355 .\CortexM3\ARM_GCC_484\Debug\Node-Elephant-Terminal.a(USBUART.o)
                                0x4f7 (size before relaxing)
 .debug_str     0x0000081e      0x2b7 .\CortexM3\ARM_GCC_484\Debug\Node-Elephant-Terminal.a(USBUART_cdc.o)
                                0x4df (size before relaxing)
 .debug_str     0x00000ad5      0x290 .\CortexM3\ARM_GCC_484\Debug\Node-Elephant-Terminal.a(USBUART_drv.o)
                                0x5d0 (size before relaxing)
 .debug_str     0x00000d65       0x82 .\CortexM3\ARM_GCC_484\Debug\Node-Elephant-Terminal.a(USBUART_episr.o)
                                0x273 (size before relaxing)
 .debug_str     0x00000de7      0x122 .\CortexM3\ARM_GCC_484\Debug\Node-Elephant-Terminal.a(USBUART_hid.o)
                                0x36e (size before relaxing)
 .debug_str     0x00000f09      0x2a0 .\CortexM3\ARM_GCC_484\Debug\Node-Elephant-Terminal.a(USBUART_std.o)
                                0x659 (size before relaxing)
 .debug_str     0x000011a9       0x61 .\CortexM3\ARM_GCC_484\Debug\Node-Elephant-Terminal.a(USBUART_vnd.o)
                                0x250 (size before relaxing)
 .debug_str     0x0000120a      0x166 .\CortexM3\ARM_GCC_484\Debug\Node-Elephant-Terminal.a(LCD.o)
                                0x30c (size before relaxing)
 .debug_str     0x00001370      0x224 .\CortexM3\ARM_GCC_484\Debug\Node-Elephant-Terminal.a(ADC_SAR.o)
                                0x3da (size before relaxing)
 .debug_str     0x00001594       0x33 .\CortexM3\ARM_GCC_484\Debug\Node-Elephant-Terminal.a(ADC_SAR_INT.o)
                                0x19f (size before relaxing)
 .debug_str     0x000015c7      0x23c .\CortexM3\ARM_GCC_484\Debug\Node-Elephant-Terminal.a(ADC_SAR_SAR.o)
                                0x453 (size before relaxing)
 .debug_str     0x00001803       0xbd .\CortexM3\ARM_GCC_484\Debug\Node-Elephant-Terminal.a(ADC_SAR_TempBuf_dma.o)
                                0x236 (size before relaxing)
 .debug_str     0x000018c0       0x86 .\CortexM3\ARM_GCC_484\Debug\Node-Elephant-Terminal.a(ADC_SAR_FinalBuf_dma.o)
                                0x23a (size before relaxing)
 .debug_str     0x00001946      0x154 .\CortexM3\ARM_GCC_484\Debug\Node-Elephant-Terminal.a(ADC_SAR_IRQ.o)
                                0x2ed (size before relaxing)
 .debug_str     0x00001a9a      0x35a .\CortexM3\ARM_GCC_484\Debug\Node-Elephant-Terminal.a(CyDmac.o)
                                0x510 (size before relaxing)
 .debug_str     0x00001df4      0x76a .\CortexM3\ARM_GCC_484\Debug\Node-Elephant-Terminal.a(CyLib.o)
                                0x98a (size before relaxing)
 .debug_str     0x0000255e      0x371 .\CortexM3\ARM_GCC_484\Debug\Node-Elephant-Terminal.a(cyPm.o)
                                0x51a (size before relaxing)
 .debug_str     0x000028cf       0x41 .\CortexM3\ARM_GCC_484\Debug\Node-Elephant-Terminal.a(USBUART_cls.o)
                                0x268 (size before relaxing)
 .debug_str     0x00002910      0x124 .\CortexM3\ARM_GCC_484\Debug\Node-Elephant-Terminal.a(USBUART_descr.o)
                                0x3a3 (size before relaxing)
 .debug_str     0x00002a34      0x140 .\CortexM3\ARM_GCC_484\Debug\Node-Elephant-Terminal.a(CyFlash.o)
                                0x2e9 (size before relaxing)
 .debug_str     0x00002b74      0x121 .\CortexM3\ARM_GCC_484\Debug\Node-Elephant-Terminal.a(CySpc.o)
                                0x2e6 (size before relaxing)

.debug_loc
 *(.debug_loc)

.debug_macinfo
 *(.debug_macinfo)

.debug_ranges   0x00000000      0xa68
 *(.debug_ranges)
 .debug_ranges  0x00000000       0x10 .\CortexM3\ARM_GCC_484\Debug\main.o
 .debug_ranges  0x00000010       0x18 .\CortexM3\ARM_GCC_484\Debug\uart-terminal.o
 .debug_ranges  0x00000028       0x38 .\CortexM3\ARM_GCC_484\Debug\Cm3Start.o
 .debug_ranges  0x00000060       0x50 .\CortexM3\ARM_GCC_484\Debug\Node-Elephant-Terminal.a(cyfitter_cfg.o)
 .debug_ranges  0x000000b0       0xa0 .\CortexM3\ARM_GCC_484\Debug\Node-Elephant-Terminal.a(USBUART.o)
 .debug_ranges  0x00000150       0xa0 .\CortexM3\ARM_GCC_484\Debug\Node-Elephant-Terminal.a(USBUART_cdc.o)
 .debug_ranges  0x000001f0       0x88 .\CortexM3\ARM_GCC_484\Debug\Node-Elephant-Terminal.a(USBUART_drv.o)
 .debug_ranges  0x00000278       0x30 .\CortexM3\ARM_GCC_484\Debug\Node-Elephant-Terminal.a(USBUART_episr.o)
 .debug_ranges  0x000002a8       0x38 .\CortexM3\ARM_GCC_484\Debug\Node-Elephant-Terminal.a(USBUART_hid.o)
 .debug_ranges  0x000002e0       0x68 .\CortexM3\ARM_GCC_484\Debug\Node-Elephant-Terminal.a(USBUART_std.o)
 .debug_ranges  0x00000348       0x10 .\CortexM3\ARM_GCC_484\Debug\Node-Elephant-Terminal.a(USBUART_vnd.o)
 .debug_ranges  0x00000358       0x88 .\CortexM3\ARM_GCC_484\Debug\Node-Elephant-Terminal.a(LCD.o)
 .debug_ranges  0x000003e0       0x90 .\CortexM3\ARM_GCC_484\Debug\Node-Elephant-Terminal.a(ADC_SAR.o)
 .debug_ranges  0x00000470       0x10 .\CortexM3\ARM_GCC_484\Debug\Node-Elephant-Terminal.a(ADC_SAR_INT.o)
 .debug_ranges  0x00000480       0x98 .\CortexM3\ARM_GCC_484\Debug\Node-Elephant-Terminal.a(ADC_SAR_SAR.o)
 .debug_ranges  0x00000518       0x18 .\CortexM3\ARM_GCC_484\Debug\Node-Elephant-Terminal.a(ADC_SAR_TempBuf_dma.o)
 .debug_ranges  0x00000530       0x18 .\CortexM3\ARM_GCC_484\Debug\Node-Elephant-Terminal.a(ADC_SAR_FinalBuf_dma.o)
 .debug_ranges  0x00000548       0x70 .\CortexM3\ARM_GCC_484\Debug\Node-Elephant-Terminal.a(ADC_SAR_IRQ.o)
 .debug_ranges  0x000005b8       0xc8 .\CortexM3\ARM_GCC_484\Debug\Node-Elephant-Terminal.a(CyDmac.o)
 .debug_ranges  0x00000680      0x280 .\CortexM3\ARM_GCC_484\Debug\Node-Elephant-Terminal.a(CyLib.o)
 .debug_ranges  0x00000900       0x80 .\CortexM3\ARM_GCC_484\Debug\Node-Elephant-Terminal.a(cyPm.o)
 .debug_ranges  0x00000980       0x10 .\CortexM3\ARM_GCC_484\Debug\Node-Elephant-Terminal.a(USBUART_cls.o)
 .debug_ranges  0x00000990       0x70 .\CortexM3\ARM_GCC_484\Debug\Node-Elephant-Terminal.a(CyFlash.o)
 .debug_ranges  0x00000a00       0x68 .\CortexM3\ARM_GCC_484\Debug\Node-Elephant-Terminal.a(CySpc.o)

.comment        0x00000000       0x70
 .comment       0x00000000       0x70 .\CortexM3\ARM_GCC_484\Debug\main.o
                                 0x71 (size before relaxing)
 .comment       0x00000000       0x71 .\CortexM3\ARM_GCC_484\Debug\uart-terminal.o
 .comment       0x00000000       0x71 .\CortexM3\ARM_GCC_484\Debug\cymetadata.o
 .comment       0x00000000       0x71 .\CortexM3\ARM_GCC_484\Debug\Cm3Start.o
 .comment       0x00000000       0x71 .\CortexM3\ARM_GCC_484\Debug\Node-Elephant-Terminal.a(cyfitter_cfg.o)
 .comment       0x00000000       0x71 .\CortexM3\ARM_GCC_484\Debug\Node-Elephant-Terminal.a(USBUART.o)
 .comment       0x00000000       0x71 .\CortexM3\ARM_GCC_484\Debug\Node-Elephant-Terminal.a(USBUART_cdc.o)
 .comment       0x00000000       0x71 .\CortexM3\ARM_GCC_484\Debug\Node-Elephant-Terminal.a(USBUART_drv.o)
 .comment       0x00000000       0x71 .\CortexM3\ARM_GCC_484\Debug\Node-Elephant-Terminal.a(USBUART_episr.o)
 .comment       0x00000000       0x71 .\CortexM3\ARM_GCC_484\Debug\Node-Elephant-Terminal.a(USBUART_hid.o)
 .comment       0x00000000       0x71 .\CortexM3\ARM_GCC_484\Debug\Node-Elephant-Terminal.a(USBUART_std.o)
 .comment       0x00000000       0x71 .\CortexM3\ARM_GCC_484\Debug\Node-Elephant-Terminal.a(USBUART_vnd.o)
 .comment       0x00000000       0x71 .\CortexM3\ARM_GCC_484\Debug\Node-Elephant-Terminal.a(LCD.o)
 .comment       0x00000000       0x71 .\CortexM3\ARM_GCC_484\Debug\Node-Elephant-Terminal.a(ADC_SAR.o)
 .comment       0x00000000       0x71 .\CortexM3\ARM_GCC_484\Debug\Node-Elephant-Terminal.a(ADC_SAR_INT.o)
 .comment       0x00000000       0x71 .\CortexM3\ARM_GCC_484\Debug\Node-Elephant-Terminal.a(ADC_SAR_SAR.o)
 .comment       0x00000000       0x71 .\CortexM3\ARM_GCC_484\Debug\Node-Elephant-Terminal.a(ADC_SAR_TempBuf_dma.o)
 .comment       0x00000000       0x71 .\CortexM3\ARM_GCC_484\Debug\Node-Elephant-Terminal.a(ADC_SAR_FinalBuf_dma.o)
 .comment       0x00000000       0x71 .\CortexM3\ARM_GCC_484\Debug\Node-Elephant-Terminal.a(ADC_SAR_IRQ.o)
 .comment       0x00000000       0x71 .\CortexM3\ARM_GCC_484\Debug\Node-Elephant-Terminal.a(CyDmac.o)
 .comment       0x00000000       0x71 .\CortexM3\ARM_GCC_484\Debug\Node-Elephant-Terminal.a(CyLib.o)
 .comment       0x00000000       0x71 .\CortexM3\ARM_GCC_484\Debug\Node-Elephant-Terminal.a(cyPm.o)
 .comment       0x00000000       0x71 .\CortexM3\ARM_GCC_484\Debug\Node-Elephant-Terminal.a(USBUART_cls.o)
 .comment       0x00000000       0x71 .\CortexM3\ARM_GCC_484\Debug\Node-Elephant-Terminal.a(USBUART_descr.o)
 .comment       0x00000000       0x71 .\CortexM3\ARM_GCC_484\Debug\Node-Elephant-Terminal.a(CyFlash.o)
 .comment       0x00000000       0x71 .\CortexM3\ARM_GCC_484\Debug\Node-Elephant-Terminal.a(CySpc.o)

.debug_weaknames
 *(.debug_weaknames)

.debug_funcnames
 *(.debug_funcnames)

.debug_typenames
 *(.debug_typenames)

.debug_varnames
 *(.debug_varnames)

.note.gnu.arm.ident
 *(.note.gnu.arm.ident)

.ARM.attributes
                0x00000000       0x29
 *(.ARM.attributes)
 .ARM.attributes
                0x00000000       0x1d c:/program files (x86)/cypress/psoc creator/3.1/psoc creator/import/gnu_cs/arm/4.8.4/bin/../lib/gcc/arm-none-eabi/4.8.4/armv7-m/crti.o
 .ARM.attributes
                0x0000001d       0x2d c:/program files (x86)/cypress/psoc creator/3.1/psoc creator/import/gnu_cs/arm/4.8.4/bin/../lib/gcc/arm-none-eabi/4.8.4/armv7-m/crtbegin.o
 .ARM.attributes
                0x0000004a       0x1b c:/program files (x86)/cypress/psoc creator/3.1/psoc creator/import/gnu_cs/arm/4.8.4/bin/../lib/gcc/arm-none-eabi/4.8.4/../../../../arm-none-eabi/lib/armv7-m/crt0.o
 .ARM.attributes
                0x00000065       0x33 .\CortexM3\ARM_GCC_484\Debug\main.o
 .ARM.attributes
                0x00000098       0x33 .\CortexM3\ARM_GCC_484\Debug\uart-terminal.o
 .ARM.attributes
                0x000000cb       0x33 .\CortexM3\ARM_GCC_484\Debug\cymetadata.o
 .ARM.attributes
                0x000000fe       0x33 .\CortexM3\ARM_GCC_484\Debug\Cm3Start.o
 .ARM.attributes
                0x00000131       0x33 .\CortexM3\ARM_GCC_484\Debug\Node-Elephant-Terminal.a(cyfitter_cfg.o)
 .ARM.attributes
                0x00000164       0x33 .\CortexM3\ARM_GCC_484\Debug\Node-Elephant-Terminal.a(USBUART.o)
 .ARM.attributes
                0x00000197       0x33 .\CortexM3\ARM_GCC_484\Debug\Node-Elephant-Terminal.a(USBUART_cdc.o)
 .ARM.attributes
                0x000001ca       0x33 .\CortexM3\ARM_GCC_484\Debug\Node-Elephant-Terminal.a(USBUART_drv.o)
 .ARM.attributes
                0x000001fd       0x33 .\CortexM3\ARM_GCC_484\Debug\Node-Elephant-Terminal.a(USBUART_episr.o)
 .ARM.attributes
                0x00000230       0x33 .\CortexM3\ARM_GCC_484\Debug\Node-Elephant-Terminal.a(USBUART_hid.o)
 .ARM.attributes
                0x00000263       0x33 .\CortexM3\ARM_GCC_484\Debug\Node-Elephant-Terminal.a(USBUART_std.o)
 .ARM.attributes
                0x00000296       0x33 .\CortexM3\ARM_GCC_484\Debug\Node-Elephant-Terminal.a(USBUART_vnd.o)
 .ARM.attributes
                0x000002c9       0x33 .\CortexM3\ARM_GCC_484\Debug\Node-Elephant-Terminal.a(LCD.o)
 .ARM.attributes