Archive member included because of file (symbol)

.\CortexM3\ARM_GCC_473\Debug\Node-Elephant.a(cyfitter_cfg.o)
                              .\CortexM3\ARM_GCC_473\Debug\Cm3Start.o (cyfitter_cfg)
.\CortexM3\ARM_GCC_473\Debug\Node-Elephant.a(EEPROM.o)
                              .\CortexM3\ARM_GCC_473\Debug\main.o (EEPROM_Start)
.\CortexM3\ARM_GCC_473\Debug\Node-Elephant.a(LCD.o)
                              .\CortexM3\ARM_GCC_473\Debug\main.o (LCD_Start)
.\CortexM3\ARM_GCC_473\Debug\Node-Elephant.a(ADC_SAR.o)
                              .\CortexM3\ARM_GCC_473\Debug\main.o (ADC_SAR_Start)
.\CortexM3\ARM_GCC_473\Debug\Node-Elephant.a(ADC_SAR_INT.o)
                              .\CortexM3\ARM_GCC_473\Debug\Node-Elephant.a(ADC_SAR.o) (ADC_SAR_ISR)
.\CortexM3\ARM_GCC_473\Debug\Node-Elephant.a(ADC_SAR_SAR.o)
                              .\CortexM3\ARM_GCC_473\Debug\Node-Elephant.a(ADC_SAR.o) (ADC_SAR_SAR_shift)
.\CortexM3\ARM_GCC_473\Debug\Node-Elephant.a(ADC_SAR_TempBuf_dma.o)
                              .\CortexM3\ARM_GCC_473\Debug\Node-Elephant.a(ADC_SAR.o) (ADC_SAR_TempBuf_DmaInitialize)
.\CortexM3\ARM_GCC_473\Debug\Node-Elephant.a(ADC_SAR_FinalBuf_dma.o)
                              .\CortexM3\ARM_GCC_473\Debug\Node-Elephant.a(ADC_SAR.o) (ADC_SAR_FinalBuf_DmaInitialize)
.\CortexM3\ARM_GCC_473\Debug\Node-Elephant.a(ADC_SAR_IRQ.o)
                              .\CortexM3\ARM_GCC_473\Debug\Node-Elephant.a(ADC_SAR.o) (ADC_SAR_IRQ_SetVector)
.\CortexM3\ARM_GCC_473\Debug\Node-Elephant.a(CyBootAsmGnu.o)
                              .\CortexM3\ARM_GCC_473\Debug\Node-Elephant.a(cyfitter_cfg.o) (CyDelayCycles)
.\CortexM3\ARM_GCC_473\Debug\Node-Elephant.a(CyDmac.o)
                              .\CortexM3\ARM_GCC_473\Debug\Cm3Start.o (CyDmacConfigure)
.\CortexM3\ARM_GCC_473\Debug\Node-Elephant.a(CyFlash.o)
                              .\CortexM3\ARM_GCC_473\Debug\Node-Elephant.a(EEPROM.o) (dieTemperature)
.\CortexM3\ARM_GCC_473\Debug\Node-Elephant.a(CyLib.o)
                              .\CortexM3\ARM_GCC_473\Debug\Cm3Start.o (CyResetStatus)
.\CortexM3\ARM_GCC_473\Debug\Node-Elephant.a(cyPm.o)
                              .\CortexM3\ARM_GCC_473\Debug\Node-Elephant.a(CyLib.o) (CyPmReadStatus)
.\CortexM3\ARM_GCC_473\Debug\Node-Elephant.a(CySpc.o)
                              .\CortexM3\ARM_GCC_473\Debug\Node-Elephant.a(EEPROM.o) (CySpcStart)
.\CortexM3\ARM_GCC_473\Debug\Node-Elephant.a(Timer.o)
                              .\CortexM3\ARM_GCC_473\Debug\main.o (Timer_Start)
.\CortexM3\ARM_GCC_473\Debug\Node-Elephant.a(isr.o)
                              .\CortexM3\ARM_GCC_473\Debug\main.o (isr_Start)
c:/program files (x86)/cypress/psoc creator/3.0/psoc creator/import/gnu_cs/arm/4.7.3/bin/../lib/gcc/arm-none-eabi/4.7.3/armv7-m\libgcc.a(_arm_addsubsf3.o)
                              .\CortexM3\ARM_GCC_473\Debug\Node-Elephant.a(ADC_SAR_SAR.o) (__aeabi_i2f)
c:/program files (x86)/cypress/psoc creator/3.0/psoc creator/import/gnu_cs/arm/4.7.3/bin/../lib/gcc/arm-none-eabi/4.7.3/armv7-m\libgcc.a(_arm_muldivsf3.o)
                              .\CortexM3\ARM_GCC_473\Debug\Node-Elephant.a(ADC_SAR_SAR.o) (__aeabi_fmul)
c:/program files (x86)/cypress/psoc creator/3.0/psoc creator/import/gnu_cs/arm/4.7.3/bin/../lib/gcc/arm-none-eabi/4.7.3/armv7-m\libgcc.a(_aeabi_ldivmod.o)
                              .\CortexM3\ARM_GCC_473\Debug\Node-Elephant.a(ADC_SAR_SAR.o) (__aeabi_ldivmod)
c:/program files (x86)/cypress/psoc creator/3.0/psoc creator/import/gnu_cs/arm/4.7.3/bin/../lib/gcc/arm-none-eabi/4.7.3/armv7-m\libgcc.a(bpabi.o)
                              c:/program files (x86)/cypress/psoc creator/3.0/psoc creator/import/gnu_cs/arm/4.7.3/bin/../lib/gcc/arm-none-eabi/4.7.3/armv7-m\libgcc.a(_aeabi_ldivmod.o) (__gnu_ldivmod_helper)
c:/program files (x86)/cypress/psoc creator/3.0/psoc creator/import/gnu_cs/arm/4.7.3/bin/../lib/gcc/arm-none-eabi/4.7.3/armv7-m\libgcc.a(_dvmd_tls.o)
                              c:/program files (x86)/cypress/psoc creator/3.0/psoc creator/import/gnu_cs/arm/4.7.3/bin/../lib/gcc/arm-none-eabi/4.7.3/armv7-m\libgcc.a(_aeabi_ldivmod.o) (__aeabi_ldiv0)
c:/program files (x86)/cypress/psoc creator/3.0/psoc creator/import/gnu_cs/arm/4.7.3/bin/../lib/gcc/arm-none-eabi/4.7.3/armv7-m\libgcc.a(_divdi3.o)
                              c:/program files (x86)/cypress/psoc creator/3.0/psoc creator/import/gnu_cs/arm/4.7.3/bin/../lib/gcc/arm-none-eabi/4.7.3/armv7-m\libgcc.a(bpabi.o) (__divdi3)
c:/program files (x86)/cypress/psoc creator/3.0/psoc creator/import/gnu_cs/arm/4.7.3/bin/../lib/gcc/arm-none-eabi/4.7.3/armv7-m\libgcc.a(_udivdi3.o)
                              c:/program files (x86)/cypress/psoc creator/3.0/psoc creator/import/gnu_cs/arm/4.7.3/bin/../lib/gcc/arm-none-eabi/4.7.3/armv7-m\libgcc.a(bpabi.o) (__udivdi3)
c:/program files (x86)/cypress/psoc creator/3.0/psoc creator/import/gnu_cs/arm/4.7.3/bin/../lib/gcc/arm-none-eabi/4.7.3/../../../../arm-none-eabi/lib/armv7-m\libg.a(lib_a-__atexit.o)
[...]
Memory Configuration

Name             Origin             Length             Attributes
rom              0x00000000         0x00040000         xr
ram              0x1fff8000         0x00010000         xrw
*default*        0x00000000         0xffffffff

Linker script and memory map

LOAD c:/program files (x86)/cypress/psoc creator/3.0/psoc creator/import/gnu_cs/arm/4.7.3/bin/../lib/gcc/arm-none-eabi/4.7.3/armv7-m/crti.o
LOAD c:/program files (x86)/cypress/psoc creator/3.0/psoc creator/import/gnu_cs/arm/4.7.3/bin/../lib/gcc/arm-none-eabi/4.7.3/armv7-m/crtbegin.o
LOAD c:/program files (x86)/cypress/psoc creator/3.0/psoc creator/import/gnu_cs/arm/4.7.3/bin/../lib/gcc/arm-none-eabi/4.7.3/../../../../arm-none-eabi/lib/armv7-m/crt0.o
START GROUP
LOAD .\CortexM3\ARM_GCC_473\Debug\main.o
LOAD .\CortexM3\ARM_GCC_473\Debug\cymetadata.o
LOAD .\CortexM3\ARM_GCC_473\Debug\Cm3Start.o
LOAD .\CortexM3\ARM_GCC_473\Debug\Node-Elephant.a
LOAD C:\Program Files (x86)\Cypress\PSoC Creator\3.0\PSoC Creator\psoc\content\cycomponentlibrary\CyComponentLibrary.cylib\CortexM3\ARM_GCC_473\Debug\CyComponentLibrary.a
END GROUP
START GROUP
LOAD c:/program files (x86)/cypress/psoc creator/3.0/psoc creator/import/gnu_cs/arm/4.7.3/bin/../lib/gcc/arm-none-eabi/4.7.3/armv7-m\libgcc.a
LOAD c:/program files (x86)/cypress/psoc creator/3.0/psoc creator/import/gnu_cs/arm/4.7.3/bin/../lib/gcc/arm-none-eabi/4.7.3/../../../../arm-none-eabi/lib/armv7-m\libg.a
LOAD c:/program files (x86)/cypress/psoc creator/3.0/psoc creator/import/gnu_cs/arm/4.7.3/bin/../lib/gcc/arm-none-eabi/4.7.3/../../../../arm-none-eabi/lib/armv7-m\libc.a
END GROUP
LOAD c:/program files (x86)/cypress/psoc creator/3.0/psoc creator/import/gnu_cs/arm/4.7.3/bin/../lib/gcc/arm-none-eabi/4.7.3/armv7-m/crtend.o
LOAD c:/program files (x86)/cypress/psoc creator/3.0/psoc creator/import/gnu_cs/arm/4.7.3/bin/../lib/gcc/arm-none-eabi/4.7.3/armv7-m/crtn.o
START GROUP
LOAD c:/program files (x86)/cypress/psoc creator/3.0/psoc creator/import/gnu_cs/arm/4.7.3/bin/../lib/gcc/arm-none-eabi/4.7.3/armv7-m\libgcc.a
LOAD c:/program files (x86)/cypress/psoc creator/3.0/psoc creator/import/gnu_cs/arm/4.7.3/bin/../lib/gcc/arm-none-eabi/4.7.3/../../../../arm-none-eabi/lib/armv7-m\libc.a
LOAD c:/program files (x86)/cypress/psoc creator/3.0/psoc creator/import/gnu_cs/arm/4.7.3/bin/../lib/gcc/arm-none-eabi/4.7.3/../../../../arm-none-eabi/lib/armv7-m\libnosys.a
END GROUP
                0x00000000                CY_APPL_ORIGIN = 0x0
                0x00000100                CY_FLASH_ROW_SIZE = 0x100
                0x00000020                CY_ECC_ROW_SIZE = 0x20
                0x00000000                CY_EE_IN_BTLDR = 0x0
                0x00000000                CY_APPL_LOADABLE = 0x0
                0x00000800                CY_EE_SIZE = 0x800
                0x00000001                CY_APPL_NUM = 0x1
                0x00000001                CY_APPL_MAX = 0x1
                0x00000040                CY_METADATA_SIZE = 0x40
                0x1fff85a0                PROVIDE (__cy_heap_start, _end)
                0x00000001                PROVIDE (__cy_region_num, ((__cy_regions_end - __cy_regions) / 0x10))
                0x20008000                PROVIDE (__cy_stack, (ORIGIN (ram) + 0x10000))
                0x20004000                PROVIDE (__cy_heap_end, (__cy_stack - 0x4000))

.cybootloader   0x00000000        0x0
 *(.cybootloader)
                0x00000000                appl1_start = CY_APPL_ORIGIN?CY_APPL_ORIGIN:ALIGN (CY_FLASH_ROW_SIZE)
                0x0001ff00                appl2_start = (appl1_start + ALIGN ((((0x40000 - appl1_start) - (0x2 * CY_FLASH_ROW_SIZE)) / 0x2), CY_FLASH_ROW_SIZE))
                0x00000000                appl_start = (CY_APPL_NUM == 0x1)?appl1_start:appl2_start
                0x00000000                ecc_offset = ((appl_start / CY_FLASH_ROW_SIZE) * CY_ECC_ROW_SIZE)
                0x00000000                ee_offset = (CY_APPL_LOADABLE && ! (CY_EE_IN_BTLDR))?((CY_EE_SIZE / CY_APPL_MAX) * (CY_APPL_NUM - 0x1)):0x0
                0x00000800                ee_size = (CY_APPL_LOADABLE && ! (CY_EE_IN_BTLDR))?(CY_EE_SIZE / CY_APPL_MAX):CY_EE_SIZE
                0x00000000                PROVIDE (CY_ECC_OFFSET, ecc_offset)

.text           0x00000000     0x1d28
 CREATE_OBJECT_SYMBOLS
                0x00000000                PROVIDE (__cy_interrupt_vector, RomVectors)
 *(.romvectors)
 .romvectors    0x00000000       0x10 .\CortexM3\ARM_GCC_473\Debug\Cm3Start.o
                0x00000000                RomVectors
                0x00000001                ASSERT ((. != __cy_interrupt_vector), No interrupt vector)
                0x00000001                ASSERT (CY_APPL_ORIGIN?(SIZEOF (.cybootloader) <= CY_APPL_ORIGIN):0x1, Wrong image location)
                0x00000010                PROVIDE (__cy_reset, Reset)
 *(.text.Reset)
 .text.Reset    0x00000010       0x1c .\CortexM3\ARM_GCC_473\Debug\Cm3Start.o
                0x00000010                Reset
                0x00000001                ASSERT ((. != __cy_reset), No reset code)
 *(.dma_init)
                0x00000001                ASSERT ((((appl_start + .) <= 0x10000) || 0x1), DMA Init must be within the first 64k of flash)
 *(.text .text.* .gnu.linkonce.t.*)
 .text          0x0000002c       0x54 c:/program files (x86)/cypress/psoc creator/3.0/psoc creator/import/gnu_cs/arm/4.7.3/bin/../lib/gcc/arm-none-eabi/4.7.3/armv7-m/crtbegin.o
 .text.main     0x00000080       0x50 .\CortexM3\ARM_GCC_473\Debug\main.o
                0x00000080                main
 .text.IntDefaultHandler
                0x000000d0        0x8 .\CortexM3\ARM_GCC_473\Debug\Cm3Start.o
                0x000000d0                IntDefaultHandler
 .text.Start_c  0x000000d8       0xcc .\CortexM3\ARM_GCC_473\Debug\Cm3Start.o
                0x000000d8                Start_c
 .text.initialize_psoc
                0x000001a4       0xb8 .\CortexM3\ARM_GCC_473\Debug\Cm3Start.o
                0x000001a4                initialize_psoc
 .text.CYMEMZERO
                0x0000025c       0x20 .\CortexM3\ARM_GCC_473\Debug\Node-Elephant.a(cyfitter_cfg.o)
 .text.CYCONFIGCPY
                0x0000027c       0x20 .\CortexM3\ARM_GCC_473\Debug\Node-Elephant.a(cyfitter_cfg.o)
 .text.CyClockStartupError
                0x0000029c        0xc .\CortexM3\ARM_GCC_473\Debug\Node-Elephant.a(cyfitter_cfg.o)
 .text.cfg_write_bytes32
                0x000002a8       0x84 .\CortexM3\ARM_GCC_473\Debug\Node-Elephant.a(cyfitter_cfg.o)
 .text.ClockSetup
                0x0000032c      0x16c .\CortexM3\ARM_GCC_473\Debug\Node-Elephant.a(cyfitter_cfg.o)
 .text.AnalogSetDefault
                0x00000498       0xe8 .\CortexM3\ARM_GCC_473\Debug\Node-Elephant.a(cyfitter_cfg.o)
 .text.cyfitter_cfg
                0x00000580      0x1dc .\CortexM3\ARM_GCC_473\Debug\Node-Elephant.a(cyfitter_cfg.o)
                0x00000580                cyfitter_cfg
 .text.EEPROM_Enable
                0x0000075c        0xc .\CortexM3\ARM_GCC_473\Debug\Node-Elephant.a(EEPROM.o)
                0x0000075c                EEPROM_Enable
 .text.EEPROM_Start
                0x00000768        0xc .\CortexM3\ARM_GCC_473\Debug\Node-Elephant.a(EEPROM.o)
                0x00000768                EEPROM_Start
 .text.LCD_Init
                0x00000774       0x90 .\CortexM3\ARM_GCC_473\Debug\Node-Elephant.a(LCD.o)
                0x00000774                LCD_Init
 .text.LCD_Enable
                0x00000804       0x1c .\CortexM3\ARM_GCC_473\Debug\Node-Elephant.a(LCD.o)
                0x00000804                LCD_Enable
 .text.LCD_Start
                0x00000820       0x2c .\CortexM3\ARM_GCC_473\Debug\Node-Elephant.a(LCD.o)
                0x00000820                LCD_Start
 .text.LCD_WriteControl
                0x0000084c       0x38 .\CortexM3\ARM_GCC_473\Debug\Node-Elephant.a(LCD.o)
                0x0000084c                LCD_WriteControl
 .text.LCD_IsReady
                0x00000884      0x208 .\CortexM3\ARM_GCC_473\Debug\Node-Elephant.a(LCD.o)
                0x00000884                LCD_IsReady
 .text.LCD_WrCntrlNib
                0x00000a8c       0x90 .\CortexM3\ARM_GCC_473\Debug\Node-Elephant.a(LCD.o)
 .text.ADC_SAR_TempBufDmaInit
                0x00000b1c       0x78 .\CortexM3\ARM_GCC_473\Debug\Node-Elephant.a(ADC_SAR.o)
 .text.ADC_SAR_FinalBufDmaInit
                0x00000b94       0x80 .\CortexM3\ARM_GCC_473\Debug\Node-Elephant.a(ADC_SAR.o)
 .text.ADC_SAR_Init
                0x00000c14       0x60 .\CortexM3\ARM_GCC_473\Debug\Node-Elephant.a(ADC_SAR.o)
                0x00000c14                ADC_SAR_Init
 .text.ADC_SAR_Enable
                0x00000c74       0xb0 .\CortexM3\ARM_GCC_473\Debug\Node-Elephant.a(ADC_SAR.o)
                0x00000c74                ADC_SAR_Enable
 .text.ADC_SAR_Start
                0x00000d24       0x38 .\CortexM3\ARM_GCC_473\Debug\Node-Elephant.a(ADC_SAR.o)
                0x00000d24                ADC_SAR_Start
 .text.ADC_SAR_StartConvert
                0x00000d5c        0xc .\CortexM3\ARM_GCC_473\Debug\Node-Elephant.a(ADC_SAR.o)
                0x00000d5c                ADC_SAR_StartConvert
 .text.ADC_SAR_IsEndConversion
                0x00000d68       0x30 .\CortexM3\ARM_GCC_473\Debug\Node-Elephant.a(ADC_SAR.o)
                0x00000d68                ADC_SAR_IsEndConversion
 .text.ADC_SAR_ISR
                0x00000d98        0xc .\CortexM3\ARM_GCC_473\Debug\Node-Elephant.a(ADC_SAR_INT.o)
                0x00000d98                ADC_SAR_ISR
 .text.ADC_SAR_SAR_Start
                0x00000da4       0x2c .\CortexM3\ARM_GCC_473\Debug\Node-Elephant.a(ADC_SAR_SAR.o)
                0x00000da4                ADC_SAR_SAR_Start
 .text.ADC_SAR_SAR_Init
                0x00000dd0       0x38 .\CortexM3\ARM_GCC_473\Debug\Node-Elephant.a(ADC_SAR_SAR.o)
                0x00000dd0                ADC_SAR_SAR_Init
 .text.ADC_SAR_SAR_Enable
                0x00000e08      0x104 .\CortexM3\ARM_GCC_473\Debug\Node-Elephant.a(ADC_SAR_SAR.o)
                0x00000e08                ADC_SAR_SAR_Enable
 .text.ADC_SAR_SAR_SetResolution
                0x00000f0c       0x60 .\CortexM3\ARM_GCC_473\Debug\Node-Elephant.a(ADC_SAR_SAR.o)
                0x00000f0c                ADC_SAR_SAR_SetResolution
 .text.ADC_SAR_SAR_StartConvert
                0x00000f6c       0x28 .\CortexM3\ARM_GCC_473\Debug\Node-Elephant.a(ADC_SAR_SAR.o)
                0x00000f6c                ADC_SAR_SAR_StartConvert
 .text.ADC_SAR_SAR_CalcGain
                0x00000f94       0x94 .\CortexM3\ARM_GCC_473\Debug\Node-Elephant.a(ADC_SAR_SAR.o)
 .text.ADC_SAR_TempBuf_DmaInitialize
                0x00001028       0x84 .\CortexM3\ARM_GCC_473\Debug\Node-Elephant.a(ADC_SAR_TempBuf_dma.o)
                0x00001028                ADC_SAR_TempBuf_DmaInitialize
 .text.ADC_SAR_FinalBuf_DmaInitialize
                0x000010ac       0x84 .\CortexM3\ARM_GCC_473\Debug\Node-Elephant.a(ADC_SAR_FinalBuf_dma.o)
                0x000010ac                ADC_SAR_FinalBuf_DmaInitialize
 .text.ADC_SAR_IRQ_SetVector
                0x00001130       0x28 .\CortexM3\ARM_GCC_473\Debug\Node-Elephant.a(ADC_SAR_IRQ.o)
                0x00001130                ADC_SAR_IRQ_SetVector
 .text.ADC_SAR_IRQ_SetPriority
                0x00001158       0x28 .\CortexM3\ARM_GCC_473\Debug\Node-Elephant.a(ADC_SAR_IRQ.o)
                0x00001158                ADC_SAR_IRQ_SetPriority
 .text          0x00001180       0x28 .\CortexM3\ARM_GCC_473\Debug\Node-Elephant.a(CyBootAsmGnu.o)
                0x00001180                CyDelayCycles
                0x00001194                CyEnterCriticalSection
                0x0000119c                CyExitCriticalSection
 .text.CyDmacConfigure
                0x000011a8       0x70 .\CortexM3\ARM_GCC_473\Debug\Node-Elephant.a(CyDmac.o)
                0x000011a8                CyDmacConfigure
 .text.CyDmaChEnable
                0x00001218       0xbc .\CortexM3\ARM_GCC_473\Debug\Node-Elephant.a(CyDmac.o)
                0x00001218                CyDmaChEnable
 .text.CyDmaChPriority
                0x000012d4       0x70 .\CortexM3\ARM_GCC_473\Debug\Node-Elephant.a(CyDmac.o)
                0x000012d4                CyDmaChPriority
 .text.CyDmaChSetExtendedAddress
                0x00001344       0x88 .\CortexM3\ARM_GCC_473\Debug\Node-Elephant.a(CyDmac.o)
                0x00001344                CyDmaChSetExtendedAddress
 .text.CyDmaChSetInitialTd
                0x000013cc       0x44 .\CortexM3\ARM_GCC_473\Debug\Node-Elephant.a(CyDmac.o)
                0x000013cc                CyDmaChSetInitialTd
 .text.CyDmaChSetConfiguration
                0x00001410       0xa4 .\CortexM3\ARM_GCC_473\Debug\Node-Elephant.a(CyDmac.o)
                0x00001410                CyDmaChSetConfiguration
 .text.CyDmaTdAllocate
                0x000014b4       0x78 .\CortexM3\ARM_GCC_473\Debug\Node-Elephant.a(CyDmac.o)
                0x000014b4                CyDmaTdAllocate
 .text.CyDmaTdSetConfiguration
                0x0000152c       0x7c .\CortexM3\ARM_GCC_473\Debug\Node-Elephant.a(CyDmac.o)
                0x0000152c                CyDmaTdSetConfiguration
 .text.CyDmaTdSetAddress
                0x000015a8       0x68 .\CortexM3\ARM_GCC_473\Debug\Node-Elephant.a(CyDmac.o)
                0x000015a8                CyDmaTdSetAddress
 .text.CyEEPROM_Start
                0x00001610       0x44 .\CortexM3\ARM_GCC_473\Debug\Node-Elephant.a(CyFlash.o)
                0x00001610                CyEEPROM_Start
 .text.CyHalt   0x00001654       0x18 .\CortexM3\ARM_GCC_473\Debug\Node-Elephant.a(CyLib.o)
                0x00001654                CyHalt
 .text.CyDelay  0x0000166c       0x48 .\CortexM3\ARM_GCC_473\Debug\Node-Elephant.a(CyLib.o)
                0x0000166c                CyDelay
 .text.CyDelayUs
                0x000016b4       0x28 .\CortexM3\ARM_GCC_473\Debug\Node-Elephant.a(CyLib.o)
                0x000016b4                CyDelayUs
 .text.Timer_Init
                0x000016dc       0x58 .\CortexM3\ARM_GCC_473\Debug\Node-Elephant.a(Timer.o)
                0x000016dc                Timer_Init
 .text.Timer_Enable
                0x00001734       0x28 .\CortexM3\ARM_GCC_473\Debug\Node-Elephant.a(Timer.o)
                0x00001734                Timer_Enable
 .text.Timer_Start
                0x0000175c       0x2c .\CortexM3\ARM_GCC_473\Debug\Node-Elephant.a(Timer.o)
                0x0000175c                Timer_Start
 .text.Timer_SetInterruptMode
                0x00001788       0x20 .\CortexM3\ARM_GCC_473\Debug\Node-Elephant.a(Timer.o)
                0x00001788                Timer_SetInterruptMode
 .text.Timer_ReadStatusRegister
                0x000017a8       0x18 .\CortexM3\ARM_GCC_473\Debug\Node-Elephant.a(Timer.o)
                0x000017a8                Timer_ReadStatusRegister
 .text.Timer_WritePeriod
                0x000017c0       0x20 .\CortexM3\ARM_GCC_473\Debug\Node-Elephant.a(Timer.o)
                0x000017c0                Timer_WritePeriod
 .text.Timer_ReadCapture
                0x000017e0       0x18 .\CortexM3\ARM_GCC_473\Debug\Node-Elephant.a(Timer.o)
                0x000017e0                Timer_ReadCapture
 .text.Timer_WriteCounter
                0x000017f8       0x20 .\CortexM3\ARM_GCC_473\Debug\Node-Elephant.a(Timer.o)
                0x000017f8                Timer_WriteCounter
 .text.Timer_ClearFIFO
                0x00001818       0x1c .\CortexM3\ARM_GCC_473\Debug\Node-Elephant.a(Timer.o)
                0x00001818                Timer_ClearFIFO
 .text.isr_Start
                0x00001834       0x24 .\CortexM3\ARM_GCC_473\Debug\Node-Elephant.a(isr.o)
                0x00001834                isr_Start
 .text.isr_Interrupt
                0x00001858       0x18 .\CortexM3\ARM_GCC_473\Debug\Node-Elephant.a(isr.o)
                0x00001858                isr_Interrupt
 .text.isr_SetVector
                0x00001870       0x28 .\CortexM3\ARM_GCC_473\Debug\Node-Elephant.a(isr.o)
                0x00001870                isr_SetVector
 .text.isr_SetPriority
                0x00001898       0x28 .\CortexM3\ARM_GCC_473\Debug\Node-Elephant.a(isr.o)
                0x00001898                isr_SetPriority
 .text.isr_Enable
                0x000018c0       0x18 .\CortexM3\ARM_GCC_473\Debug\Node-Elephant.a(isr.o)
                0x000018c0                isr_Enable
 .text.isr_Disable
                0x000018d8       0x18 .\CortexM3\ARM_GCC_473\Debug\Node-Elephant.a(isr.o)
                0x000018d8                isr_Disable
 .text.__register_exitproc
                0x000018f0       0xac c:/program files (x86)/cypress/psoc creator/3.0/psoc creator/import/gnu_cs/arm/4.7.3/bin/../lib/gcc/arm-none-eabi/4.7.3/../../../../arm-none-eabi/lib/armv7-m\libg.a(lib_a-__atexit.o)
                0x000018f0                __register_exitproc
 .text.__libc_fini_array
                0x0000199c       0x50 c:/program files (x86)/cypress/psoc creator/3.0/psoc creator/import/gnu_cs/arm/4.7.3/bin/../lib/gcc/arm-none-eabi/4.7.3/../../../../arm-none-eabi/lib/armv7-m\libg.a(lib_a-fini.o)
                0x0000199c                __libc_fini_array
 .text.__libc_init_array
                0x000019ec       0x94 c:/program files (x86)/cypress/psoc creator/3.0/psoc creator/import/gnu_cs/arm/4.7.3/bin/../lib/gcc/arm-none-eabi/4.7.3/../../../../arm-none-eabi/lib/armv7-m\libg.a(lib_a-init.o)
                0x000019ec                __libc_init_array
 .text.memcpy   0x00001a80      0x15c c:/program files (x86)/cypress/psoc creator/3.0/psoc creator/import/gnu_cs/arm/4.7.3/bin/../lib/gcc/arm-none-eabi/4.7.3/../../../../arm-none-eabi/lib/armv7-m\libg.a(lib_a-memcpy.o)
                0x00001a80                memcpy
 .text.memset   0x00001bdc      0x12c c:/program files (x86)/cypress/psoc creator/3.0/psoc creator/import/gnu_cs/arm/4.7.3/bin/../lib/gcc/arm-none-eabi/4.7.3/../../../../arm-none-eabi/lib/armv7-m\libg.a(lib_a-memset.o)
                0x00001bdc                memset
 .text.startup.register_fini
                0x00001d08       0x14 c:/program files (x86)/cypress/psoc creator/3.0/psoc creator/import/gnu_cs/arm/4.7.3/bin/../lib/gcc/arm-none-eabi/4.7.3/../../../../arm-none-eabi/lib/armv7-m\libg.a(lib_a-__call_atexit.o)
 .text.atexit   0x00001d1c        0xc c:/program files (x86)/cypress/psoc creator/3.0/psoc creator/import/gnu_cs/arm/4.7.3/bin/../lib/gcc/arm-none-eabi/4.7.3/../../../../arm-none-eabi/lib/armv7-m\libg.a(lib_a-atexit.o)
                0x00001d1c                atexit
 *(.plt)
 *(.gnu.warning)
 *(.glue_7t)
 .glue_7t       0x00000000        0x0 linker stubs
 *(.glue_7)
 .glue_7        0x00000000        0x0 linker stubs
 *(.vfp11_veneer)
 .vfp11_veneer  0x00000000        0x0 linker stubs
 *(.bootloader)
 *(.ARM.extab* .gnu.linkonce.armextab.*)
 *(.gcc_except_table)

.v4_bx          0x00001d28        0x0
 .v4_bx         0x00000000        0x0 linker stubs

.iplt           0x00001d28        0x0
 .iplt          0x00000000        0x0 c:/program files (x86)/cypress/psoc creator/3.0/psoc creator/import/gnu_cs/arm/4.7.3/bin/../lib/gcc/arm-none-eabi/4.7.3/armv7-m/crtbegin.o

.eh_frame_hdr
 *(.eh_frame_hdr)

.eh_frame       0x00001d28        0x4
 *(.eh_frame)
 .eh_frame      0x00001d28        0x0 c:/program files (x86)/cypress/psoc creator/3.0/psoc creator/import/gnu_cs/arm/4.7.3/bin/../lib/gcc/arm-none-eabi/4.7.3/armv7-m/crtbegin.o
 .eh_frame      0x00001d28        0x4 c:/program files (x86)/cypress/psoc creator/3.0/psoc creator/import/gnu_cs/arm/4.7.3/bin/../lib/gcc/arm-none-eabi/4.7.3/armv7-m/crtend.o
                0x00001d2c                PROVIDE (__exidx_start, .)

.ARM.exidx
 *(.ARM.exidx* .gnu.linkonce.armexidx.*)
                0x00001d2c                __exidx_end = .

.rodata         0x00001d2c       0x7c
 *(.rodata .rodata.* .gnu.linkonce.r.*)
 .rodata        0x00001d2c       0x38 .\CortexM3\ARM_GCC_473\Debug\Node-Elephant.a(cyfitter_cfg.o)
 .rodata.str1.4
                0x00001d64        0x4 c:/program files (x86)/cypress/psoc creator/3.0/psoc creator/import/gnu_cs/arm/4.7.3/bin/../lib/gcc/arm-none-eabi/4.7.3/../../../../arm-none-eabi/lib/armv7-m\libg.a(lib_a-impure.o)
 .rodata._global_impure_ptr
                0x00001d68        0x4 c:/program files (x86)/cypress/psoc creator/3.0/psoc creator/import/gnu_cs/arm/4.7.3/bin/../lib/gcc/arm-none-eabi/4.7.3/../../../../arm-none-eabi/lib/armv7-m\libg.a(lib_a-impure.o)
                0x00001d68                _global_impure_ptr
                0x00001d6c                . = ALIGN (0x4)
 *(.init)
 .init          0x00001d6c        0x4 c:/program files (x86)/cypress/psoc creator/3.0/psoc creator/import/gnu_cs/arm/4.7.3/bin/../lib/gcc/arm-none-eabi/4.7.3/armv7-m/crti.o
                0x00001d6c                _init
 .init          0x00001d70        0x8 c:/program files (x86)/cypress/psoc creator/3.0/psoc creator/import/gnu_cs/arm/4.7.3/bin/../lib/gcc/arm-none-eabi/4.7.3/armv7-m/crtn.o
                0x00001d78                . = ALIGN (0x4)
                0x00001d78                __preinit_array_start = .
 *(.preinit_array)
                0x00001d78                __preinit_array_end = .
                0x00001d78                . = ALIGN (0x4)
                0x00001d78                __init_array_start = .
 *(SORT(.init_array.*))
 .init_array.00000
                0x00001d78        0x4 c:/program files (x86)/cypress/psoc creator/3.0/psoc creator/import/gnu_cs/arm/4.7.3/bin/../lib/gcc/arm-none-eabi/4.7.3/../../../../arm-none-eabi/lib/armv7-m\libg.a(lib_a-__call_atexit.o)
 *(.init_array)
 .init_array    0x00001d7c        0x4 c:/program files (x86)/cypress/psoc creator/3.0/psoc creator/import/gnu_cs/arm/4.7.3/bin/../lib/gcc/arm-none-eabi/4.7.3/armv7-m/crtbegin.o
 .init_array    0x00001d80        0x4 .\CortexM3\ARM_GCC_473\Debug\Cm3Start.o
                0x00001d84                __init_array_end = .
                0x00001d84                . = ALIGN (0x4)
 *(.fini)
 .fini          0x00001d84        0x4 c:/program files (x86)/cypress/psoc creator/3.0/psoc creator/import/gnu_cs/arm/4.7.3/bin/../lib/gcc/arm-none-eabi/4.7.3/armv7-m/crti.o
                0x00001d84                _fini
 .fini          0x00001d88        0x8 c:/program files (x86)/cypress/psoc creator/3.0/psoc creator/import/gnu_cs/arm/4.7.3/bin/../lib/gcc/arm-none-eabi/4.7.3/armv7-m/crtn.o
                0x00001d90                . = ALIGN (0x4)
                0x00001d90                __fini_array_start = .
 *(.fini_array)
 .fini_array    0x00001d90        0x4 c:/program files (x86)/cypress/psoc creator/3.0/psoc creator/import/gnu_cs/arm/4.7.3/bin/../lib/gcc/arm-none-eabi/4.7.3/armv7-m/crtbegin.o
 *(SORT(.fini_array.*))
                0x00001d94                __fini_array_end = .
                0x00001d94                . = ALIGN (0x4)
 *crtbegin.o(.ctors)
 *(EXCLUDE_FILE(*crtend.o) .ctors)
 *(SORT(.ctors.*))
 *crtend.o(.ctors)
                0x00001d94                . = ALIGN (0x4)
 *crtbegin.o(.dtors)
 *(EXCLUDE_FILE(*crtend.o) .dtors)
 *(SORT(.dtors.*))
 *crtend.o(.dtors)
                0x00001d94                . = ALIGN (0x4)
                0x00001d94                __cy_regions = .
                0x00001d94        0x4 LONG 0x1da8 __cy_region_init_ram
                0x00001d98        0x4 LONG 0x1fff8108 __cy_region_start_data
                0x00001d9c        0x4 LONG 0x448 __cy_region_init_size_ram
                0x00001da0        0x4 LONG 0x50 __cy_region_zero_size_ram
                0x00001da4                __cy_regions_end = .
                0x00001da8                . = ALIGN (0x8)
 *fill*         0x00001da4        0x4 00
                0x00001da8                _etext = .

.ramvectors     0x1fff8000      0x100
                0x1fff8000                __cy_region_start_ram = .
 *(.ramvectors)
 .ramvectors    0x1fff8000      0x100 .\CortexM3\ARM_GCC_473\Debug\Cm3Start.o
                0x1fff8000                CyRamVectors

.noinit         0x1fff8100        0x5
 *(.noinit)
 .noinit        0x1fff8100        0x4 .\CortexM3\ARM_GCC_473\Debug\Cm3Start.o
 .noinit        0x1fff8104        0x1 .\CortexM3\ARM_GCC_473\Debug\Node-Elephant.a(CyLib.o)
                0x1fff8104                CyResetStatus

.data           0x1fff8108      0x448 load address 0x00001da8
                0x1fff8108                __cy_region_start_data = .
 *(.jcr)
 .jcr           0x1fff8108        0x0 c:/program files (x86)/cypress/psoc creator/3.0/psoc creator/import/gnu_cs/arm/4.7.3/bin/../lib/gcc/arm-none-eabi/4.7.3/armv7-m/crtbegin.o
 .jcr           0x1fff8108        0x4 c:/program files (x86)/cypress/psoc creator/3.0/psoc creator/import/gnu_cs/arm/4.7.3/bin/../lib/gcc/arm-none-eabi/4.7.3/armv7-m/crtend.o
 *(.got.plt)
 *(.got)
 *(.shdata)
 *(.data .data.* .gnu.linkonce.d.*)
 .data          0x1fff810c        0x1 .\CortexM3\ARM_GCC_473\Debug\Node-Elephant.a(ADC_SAR_TempBuf_dma.o)
                0x1fff810c                ADC_SAR_TempBuf_DmaHandle
 .data          0x1fff810d        0x1 .\CortexM3\ARM_GCC_473\Debug\Node-Elephant.a(ADC_SAR_FinalBuf_dma.o)
                0x1fff810d                ADC_SAR_FinalBuf_DmaHandle
 *fill*         0x1fff810e        0x2 00
 .data          0x1fff8110        0x8 .\CortexM3\ARM_GCC_473\Debug\Node-Elephant.a(CyDmac.o)
 .data          0x1fff8118       0x10 .\CortexM3\ARM_GCC_473\Debug\Node-Elephant.a(CyLib.o)
                0x1fff8118                cydelay_freq_hz
                0x1fff811c                cydelay_freq_khz
                0x1fff8120                cydelay_freq_mhz
                0x1fff8124                cydelay_32k_ms
 .data.impure_data
                0x1fff8128      0x428 c:/program files (x86)/cypress/psoc creator/3.0/psoc creator/import/gnu_cs/arm/4.7.3/bin/../lib/gcc/arm-none-eabi/4.7.3/../../../../arm-none-eabi/lib/armv7-m\libg.a(lib_a-impure.o)
                0x1fff8550                . = ALIGN (0x8)
 *(.ram)
                0x1fff8550                _edata = .

.igot.plt       0x1fff8550        0x0 load address 0x000021f0
 .igot.plt      0x00000000        0x0 c:/program files (x86)/cypress/psoc creator/3.0/psoc creator/import/gnu_cs/arm/4.7.3/bin/../lib/gcc/arm-none-eabi/4.7.3/armv7-m/crtbegin.o

.bss            0x1fff8550       0x50 load address 0x000021f0
                0x1fff8550                PROVIDE (__bss_start__, .)
 *(.shbss)
 *(.bss .bss.* .gnu.linkonce.b.*)
 .bss           0x1fff8550       0x1c c:/program files (x86)/cypress/psoc creator/3.0/psoc creator/import/gnu_cs/arm/4.7.3/bin/../lib/gcc/arm-none-eabi/4.7.3/armv7-m/crtbegin.o
 .bss           0x1fff856c        0x2 .\CortexM3\ARM_GCC_473\Debug\Node-Elephant.a(LCD.o)
                0x1fff856c                LCD_enableState
                0x1fff856d                LCD_initVar
 *fill*         0x1fff856e        0x2 00
 .bss           0x1fff8570       0x14 .\CortexM3\ARM_GCC_473\Debug\Node-Elephant.a(ADC_SAR.o)
                0x1fff857c                ADC_SAR_initVar
 .bss           0x1fff8584        0x1 .\CortexM3\ARM_GCC_473\Debug\Node-Elephant.a(ADC_SAR_SAR.o)
                0x1fff8584                ADC_SAR_SAR_initVar
 .bss           0x1fff8585        0x1 .\CortexM3\ARM_GCC_473\Debug\Node-Elephant.a(Timer.o)
                0x1fff8585                Timer_initVar
 .bss           0x1fff8586        0x1 .\CortexM3\ARM_GCC_473\Debug\Node-Elephant.a(isr.o)
                0x1fff8586                toggle_flag
 *(COMMON)
 *fill*         0x1fff8587        0x1 00
 COMMON         0x1fff8588        0xa .\CortexM3\ARM_GCC_473\Debug\Node-Elephant.a(ADC_SAR.o)
                0x1fff8588                ADC_SAR_finalArray
 *fill*         0x1fff8592        0x2 00
 COMMON         0x1fff8594        0xc .\CortexM3\ARM_GCC_473\Debug\Node-Elephant.a(ADC_SAR_SAR.o)
                0x1fff8594                ADC_SAR_SAR_offset
                0x1fff8596                ADC_SAR_SAR_countsPerVolt
                0x1fff8598                ADC_SAR_SAR_shift
                0x1fff859c                ADC_SAR_SAR_countsPer10Volt
                0x1fff85a0                . = ALIGN (0x8)
 *(.ram.b)
                0x1fff85a0                _end = .
                0x1fff85a0                __end = .
                0x1fff85a0                PROVIDE (end, .)
                0x1fff85a0                PROVIDE (__bss_end__, .)
                0x00001da8                __cy_region_init_ram = LOADADDR (.data)
                0x00000448                __cy_region_init_size_ram = (_edata - ADDR (.data))
                0x00000050                __cy_region_zero_size_ram = (_end - _edata)

.heap           0x1fff85a0     0x1000 load address 0x000021f0
                0x1fff85a0                . = _end
                0x1fff95a0                . = (. + 0x1000)
 *fill*         0x1fff85a0     0x1000 00
                0x1fff95a0                __cy_heap_limit = .

.stack          0x20004000     0x4000
                0x20004000                __cy_stack_limit = .
                0x20008000                . = (. + 0x4000)
 *fill*         0x20004000     0x4000 00
                0x00000001                ASSERT ((__cy_stack_limit >= __cy_heap_limit), region RAM overflowed with stack)

.cyloadermeta
 *(.cyloadermeta)

.cyloadablemeta
 *(.cyloadablemeta)

.cyconfigecc    0x80000000      0x588
 *(.cyconfigecc)
 .cyconfigecc   0x80000000      0x588 .\CortexM3\ARM_GCC_473\Debug\cymetadata.o
                0x80000000                cy_meta_configecc

.cycustnvl      0x90000000        0x4
 *(.cycustnvl)
 .cycustnvl     0x90000000        0x4 .\CortexM3\ARM_GCC_473\Debug\cymetadata.o
                0x90000000                cy_meta_custnvl

.cywolatch      0x90100000        0x4
 *(.cywolatch)
 .cywolatch     0x90100000        0x4 .\CortexM3\ARM_GCC_473\Debug\cymetadata.o
                0x90100000                cy_meta_wonvl

.cyeeprom       0x90200000        0x0
 *(.cyeeprom)
                0x00000001                ASSERT ((. <= ((0x90200000 + ee_offset) + ee_size)), .cyeeprom data will not fit in EEPROM)

.cyflashprotect
                0x90400000      0x100
 *(.cyflashprotect)
 .cyflashprotect
                0x90400000      0x100 .\CortexM3\ARM_GCC_473\Debug\cymetadata.o
                0x90400000                cy_meta_flashprotect

.cymeta         0x90500000        0xc
 *(.cymeta)
 .cymeta        0x90500000        0xc .\CortexM3\ARM_GCC_473\Debug\cymetadata.o
                0x90500000                cy_metadata

.rel.dyn        0x000021f0        0x0 load address 0x9050000c
 .rel.iplt      0x00000000        0x0 c:/program files (x86)/cypress/psoc creator/3.0/psoc creator/import/gnu_cs/arm/4.7.3/bin/../lib/gcc/arm-none-eabi/4.7.3/armv7-m/crtbegin.o

.stab
 *(.stab)

.stabstr
 *(.stabstr)

.debug
 *(.debug)

.line
 *(.line)

.debug_srcinfo
 *(.debug_srcinfo)

.debug_sfnames
 *(.debug_sfnames)

.debug_aranges  0x00000000      0x9b0
 *(.debug_aranges)
 .debug_aranges
                0x00000000       0x20 .\CortexM3\ARM_GCC_473\Debug\main.o
 .debug_aranges
                0x00000020       0x18 .\CortexM3\ARM_GCC_473\Debug\cymetadata.o
 .debug_aranges
                0x00000038       0x40 .\CortexM3\ARM_GCC_473\Debug\Cm3Start.o
 .debug_aranges
                0x00000078       0x60 .\CortexM3\ARM_GCC_473\Debug\Node-Elephant.a(cyfitter_cfg.o)
 .debug_aranges
                0x000000d8       0x58 .\CortexM3\ARM_GCC_473\Debug\Node-Elephant.a(EEPROM.o)
 .debug_aranges
                0x00000130       0x98 .\CortexM3\ARM_GCC_473\Debug\Node-Elephant.a(LCD.o)
 .debug_aranges
                0x000001c8       0xc0 .\CortexM3\ARM_GCC_473\Debug\Node-Elephant.a(ADC_SAR.o)
 .debug_aranges
                0x00000288       0x20 .\CortexM3\ARM_GCC_473\Debug\Node-Elephant.a(ADC_SAR_INT.o)
 .debug_aranges
                0x000002a8       0xa8 .\CortexM3\ARM_GCC_473\Debug\Node-Elephant.a(ADC_SAR_SAR.o)
 .debug_aranges
                0x00000350       0x28 .\CortexM3\ARM_GCC_473\Debug\Node-Elephant.a(ADC_SAR_TempBuf_dma.o)
 .debug_aranges
                0x00000378       0x28 .\CortexM3\ARM_GCC_473\Debug\Node-Elephant.a(ADC_SAR_FinalBuf_dma.o)
 .debug_aranges
                0x000003a0       0x80 .\CortexM3\ARM_GCC_473\Debug\Node-Elephant.a(ADC_SAR_IRQ.o)
 .debug_aranges
                0x00000420       0x20 .\CortexM3\ARM_GCC_473\Debug\Node-Elephant.a(CyBootAsmGnu.o)
 .debug_aranges
                0x00000440       0xd8 .\CortexM3\ARM_GCC_473\Debug\Node-Elephant.a(CyDmac.o)
 .debug_aranges
                0x00000518       0x78 .\CortexM3\ARM_GCC_473\Debug\Node-Elephant.a(CyFlash.o)
 .debug_aranges
                0x00000590      0x218 .\CortexM3\ARM_GCC_473\Debug\Node-Elephant.a(CyLib.o)
 .debug_aranges
                0x000007a8       0x90 .\CortexM3\ARM_GCC_473\Debug\Node-Elephant.a(cyPm.o)
 .debug_aranges
                0x00000838       0x68 .\CortexM3\ARM_GCC_473\Debug\Node-Elephant.a(CySpc.o)
 .debug_aranges
                0x000008a0       0x90 .\CortexM3\ARM_GCC_473\Debug\Node-Elephant.a(Timer.o)
 .debug_aranges
                0x00000930       0x80 .\CortexM3\ARM_GCC_473\Debug\Node-Elephant.a(isr.o)

.debug_pubnames
 *(.debug_pubnames)

.debug_info     0x00000000     0x4772
 *(.debug_info .gnu.linkonce.wi.*)
 .debug_info    0x00000000      0x127 .\CortexM3\ARM_GCC_473\Debug\main.o
 .debug_info    0x00000127      0x140 .\CortexM3\ARM_GCC_473\Debug\cymetadata.o
 .debug_info    0x00000267      0x2ea .\CortexM3\ARM_GCC_473\Debug\Cm3Start.o
 .debug_info    0x00000551      0x3de .\CortexM3\ARM_GCC_473\Debug\Node-Elephant.a(cyfitter_cfg.o)
 .debug_info    0x0000092f      0x283 .\CortexM3\ARM_GCC_473\Debug\Node-Elephant.a(EEPROM.o)
 .debug_info    0x00000bb2      0x408 .\CortexM3\ARM_GCC_473\Debug\Node-Elephant.a(LCD.o)
 .debug_info    0x00000fba      0x4d9 .\CortexM3\ARM_GCC_473\Debug\Node-Elephant.a(ADC_SAR.o)
 .debug_info    0x00001493       0xa2 .\CortexM3\ARM_GCC_473\Debug\Node-Elephant.a(ADC_SAR_INT.o)
 .debug_info    0x00001535      0x4b4 .\CortexM3\ARM_GCC_473\Debug\Node-Elephant.a(ADC_SAR_SAR.o)
 .debug_info    0x000019e9      0x121 .\CortexM3\ARM_GCC_473\Debug\Node-Elephant.a(ADC_SAR_TempBuf_dma.o)
 .debug_info    0x00001b0a      0x121 .\CortexM3\ARM_GCC_473\Debug\Node-Elephant.a(ADC_SAR_FinalBuf_dma.o)
 .debug_info    0x00001c2b      0x278 .\CortexM3\ARM_GCC_473\Debug\Node-Elephant.a(ADC_SAR_IRQ.o)
 .debug_info    0x00001ea3       0xa4 .\CortexM3\ARM_GCC_473\Debug\Node-Elephant.a(CyBootAsmGnu.o)
 .debug_info    0x00001f47      0x93a .\CortexM3\ARM_GCC_473\Debug\Node-Elephant.a(CyDmac.o)
 .debug_info    0x00002881      0x354 .\CortexM3\ARM_GCC_473\Debug\Node-Elephant.a(CyFlash.o)
 .debug_info    0x00002bd5      0xcd7 .\CortexM3\ARM_GCC_473\Debug\Node-Elephant.a(CyLib.o)
 .debug_info    0x000038ac      0x5c3 .\CortexM3\ARM_GCC_473\Debug\Node-Elephant.a(cyPm.o)
 .debug_info    0x00003e6f      0x3d9 .\CortexM3\ARM_GCC_473\Debug\Node-Elephant.a(CySpc.o)
 .debug_info    0x00004248      0x2a0 .\CortexM3\ARM_GCC_473\Debug\Node-Elephant.a(Timer.o)
 .debug_info    0x000044e8      0x28a .\CortexM3\ARM_GCC_473\Debug\Node-Elephant.a(isr.o)

.debug_abbrev   0x00000000     0x15c1
 *(.debug_abbrev)
 .debug_abbrev  0x00000000       0x7a .\CortexM3\ARM_GCC_473\Debug\main.o
 .debug_abbrev  0x0000007a       0x77 .\CortexM3\ARM_GCC_473\Debug\cymetadata.o
 .debug_abbrev  0x000000f1      0x175 .\CortexM3\ARM_GCC_473\Debug\Cm3Start.o
 .debug_abbrev  0x00000266      0x19f .\CortexM3\ARM_GCC_473\Debug\Node-Elephant.a(cyfitter_cfg.o)
 .debug_abbrev  0x00000405       0xff .\CortexM3\ARM_GCC_473\Debug\Node-Elephant.a(EEPROM.o)
 .debug_abbrev  0x00000504      0x122 .\CortexM3\ARM_GCC_473\Debug\Node-Elephant.a(LCD.o)
 .debug_abbrev  0x00000626      0x173 .\CortexM3\ARM_GCC_473\Debug\Node-Elephant.a(ADC_SAR.o)
 .debug_abbrev  0x00000799       0x44 .\CortexM3\ARM_GCC_473\Debug\Node-Elephant.a(ADC_SAR_INT.o)
 .debug_abbrev  0x000007dd      0x175 .\CortexM3\ARM_GCC_473\Debug\Node-Elephant.a(ADC_SAR_SAR.o)
 .debug_abbrev  0x00000952       0x8d .\CortexM3\ARM_GCC_473\Debug\Node-Elephant.a(ADC_SAR_TempBuf_dma.o)
 .debug_abbrev  0x000009df       0x8d .\CortexM3\ARM_GCC_473\Debug\Node-Elephant.a(ADC_SAR_FinalBuf_dma.o)
 .debug_abbrev  0x00000a6c      0x12d .\CortexM3\ARM_GCC_473\Debug\Node-Elephant.a(ADC_SAR_IRQ.o)
 .debug_abbrev  0x00000b99       0x14 .\CortexM3\ARM_GCC_473\Debug\Node-Elephant.a(CyBootAsmGnu.o)
 .debug_abbrev  0x00000bad      0x189 .\CortexM3\ARM_GCC_473\Debug\Node-Elephant.a(CyDmac.o)
 .debug_abbrev  0x00000d36      0x172 .\CortexM3\ARM_GCC_473\Debug\Node-Elephant.a(CyFlash.o)
 .debug_abbrev  0x00000ea8      0x207 .\CortexM3\ARM_GCC_473\Debug\Node-Elephant.a(CyLib.o)
 .debug_abbrev  0x000010af      0x170 .\CortexM3\ARM_GCC_473\Debug\Node-Elephant.a(cyPm.o)
 .debug_abbrev  0x0000121f      0x15f .\CortexM3\ARM_GCC_473\Debug\Node-Elephant.a(CySpc.o)
 .debug_abbrev  0x0000137e      0x11d .\CortexM3\ARM_GCC_473\Debug\Node-Elephant.a(Timer.o)
 .debug_abbrev  0x0000149b      0x126 .\CortexM3\ARM_GCC_473\Debug\Node-Elephant.a(isr.o)

.debug_line     0x00000000     0x23b5
 *(.debug_line)
 .debug_line    0x00000000      0x123 .\CortexM3\ARM_GCC_473\Debug\main.o
 .debug_line    0x00000123       0x53 .\CortexM3\ARM_GCC_473\Debug\cymetadata.o
 .debug_line    0x00000176      0x1af .\CortexM3\ARM_GCC_473\Debug\Cm3Start.o
 .debug_line    0x00000325      0x207 .\CortexM3\ARM_GCC_473\Debug\Node-Elephant.a(cyfitter_cfg.o)
 .debug_line    0x0000052c      0x1a3 .\CortexM3\ARM_GCC_473\Debug\Node-Elephant.a(EEPROM.o)
 .debug_line    0x000006cf      0x214 .\CortexM3\ARM_GCC_473\Debug\Node-Elephant.a(LCD.o)
 .debug_line    0x000008e3      0x240 .\CortexM3\ARM_GCC_473\Debug\Node-Elephant.a(ADC_SAR.o)
 .debug_line    0x00000b23       0x59 .\CortexM3\ARM_GCC_473\Debug\Node-Elephant.a(ADC_SAR_INT.o)
 .debug_line    0x00000b7c      0x205 .\CortexM3\ARM_GCC_473\Debug\Node-Elephant.a(ADC_SAR_SAR.o)
 .debug_line    0x00000d81       0x85 .\CortexM3\ARM_GCC_473\Debug\Node-Elephant.a(ADC_SAR_TempBuf_dma.o)
 .debug_line    0x00000e06       0x86 .\CortexM3\ARM_GCC_473\Debug\Node-Elephant.a(ADC_SAR_FinalBuf_dma.o)
 .debug_line    0x00000e8c      0x146 .\CortexM3\ARM_GCC_473\Debug\Node-Elephant.a(ADC_SAR_IRQ.o)
 .debug_line    0x00000fd2       0x68 .\CortexM3\ARM_GCC_473\Debug\Node-Elephant.a(CyBootAsmGnu.o)
 .debug_line    0x0000103a      0x2bc .\CortexM3\ARM_GCC_473\Debug\Node-Elephant.a(CyDmac.o)
 .debug_line    0x000012f6      0x1a9 .\CortexM3\ARM_GCC_473\Debug\Node-Elephant.a(CyFlash.o)
 .debug_line    0x0000149f      0x73b .\CortexM3\ARM_GCC_473\Debug\Node-Elephant.a(CyLib.o)
 .debug_line    0x00001bda      0x370 .\CortexM3\ARM_GCC_473\Debug\Node-Elephant.a(cyPm.o)
 .debug_line    0x00001f4a      0x1a7 .\CortexM3\ARM_GCC_473\Debug\Node-Elephant.a(CySpc.o)
 .debug_line    0x000020f1      0x174 .\CortexM3\ARM_GCC_473\Debug\Node-Elephant.a(Timer.o)
 .debug_line    0x00002265      0x150 .\CortexM3\ARM_GCC_473\Debug\Node-Elephant.a(isr.o)

.debug_frame    0x00000000     0x2010
 *(.debug_frame)
 .debug_frame   0x00000000       0x30 .\CortexM3\ARM_GCC_473\Debug\main.o
 .debug_frame   0x00000030       0xa4 .\CortexM3\ARM_GCC_473\Debug\Cm3Start.o
 .debug_frame   0x000000d4      0x120 .\CortexM3\ARM_GCC_473\Debug\Node-Elephant.a(cyfitter_cfg.o)
 .debug_frame   0x000001f4      0x104 .\CortexM3\ARM_GCC_473\Debug\Node-Elephant.a(EEPROM.o)
 .debug_frame   0x000002f8      0x200 .\CortexM3\ARM_GCC_473\Debug\Node-Elephant.a(LCD.o)
 .debug_frame   0x000004f8      0x280 .\CortexM3\ARM_GCC_473\Debug\Node-Elephant.a(ADC_SAR.o)
 .debug_frame   0x00000778       0x2c .\CortexM3\ARM_GCC_473\Debug\Node-Elephant.a(ADC_SAR_INT.o)
 .debug_frame   0x000007a4      0x22c .\CortexM3\ARM_GCC_473\Debug\Node-Elephant.a(ADC_SAR_SAR.o)
 .debug_frame   0x000009d0       0x4c .\CortexM3\ARM_GCC_473\Debug\Node-Elephant.a(ADC_SAR_TempBuf_dma.o)
 .debug_frame   0x00000a1c       0x4c .\CortexM3\ARM_GCC_473\Debug\Node-Elephant.a(ADC_SAR_FinalBuf_dma.o)
 .debug_frame   0x00000a68      0x180 .\CortexM3\ARM_GCC_473\Debug\Node-Elephant.a(ADC_SAR_IRQ.o)
 .debug_frame   0x00000be8      0x2c0 .\CortexM3\ARM_GCC_473\Debug\Node-Elephant.a(CyDmac.o)
 .debug_frame   0x00000ea8      0x178 .\CortexM3\ARM_GCC_473\Debug\Node-Elephant.a(CyFlash.o)
 .debug_frame   0x00001020      0x778 .\CortexM3\ARM_GCC_473\Debug\Node-Elephant.a(CyLib.o)
 .debug_frame   0x00001798      0x1d0 .\CortexM3\ARM_GCC_473\Debug\Node-Elephant.a(cyPm.o)
 .debug_frame   0x00001968      0x13c .\CortexM3\ARM_GCC_473\Debug\Node-Elephant.a(CySpc.o)
 .debug_frame   0x00001aa4      0x1b8 .\CortexM3\ARM_GCC_473\Debug\Node-Elephant.a(Timer.o)
 .debug_frame   0x00001c5c      0x180 .\CortexM3\ARM_GCC_473\Debug\Node-Elephant.a(isr.o)
 .debug_frame   0x00001ddc       0x50 c:/program files (x86)/cypress/psoc creator/3.0/psoc creator/import/gnu_cs/arm/4.7.3/bin/../lib/gcc/arm-none-eabi/4.7.3/armv7-m\libgcc.a(bpabi.o)
 .debug_frame   0x00001e2c       0x34 c:/program files (x86)/cypress/psoc creator/3.0/psoc creator/import/gnu_cs/arm/4.7.3/bin/../lib/gcc/arm-none-eabi/4.7.3/armv7-m\libgcc.a(_divdi3.o)
 .debug_frame   0x00001e60       0x34 c:/program files (x86)/cypress/psoc creator/3.0/psoc creator/import/gnu_cs/arm/4.7.3/bin/../lib/gcc/arm-none-eabi/4.7.3/armv7-m\libgcc.a(_udivdi3.o)
 .debug_frame   0x00001e94       0x34 c:/program files (x86)/cypress/psoc creator/3.0/psoc creator/import/gnu_cs/arm/4.7.3/bin/../lib/gcc/arm-none-eabi/4.7.3/../../../../arm-none-eabi/lib/armv7-m\libg.a(lib_a-__atexit.o)
 .debug_frame   0x00001ec8       0x28 c:/program files (x86)/cypress/psoc creator/3.0/psoc creator/import/gnu_cs/arm/4.7.3/bin/../lib/gcc/arm-none-eabi/4.7.3/../../../../arm-none-eabi/lib/armv7-m\libg.a(lib_a-exit.o)
 .debug_frame   0x00001ef0       0x2c c:/program files (x86)/cypress/psoc creator/3.0/psoc creator/import/gnu_cs/arm/4.7.3/bin/../lib/gcc/arm-none-eabi/4.7.3/../../../../arm-none-eabi/lib/armv7-m\libg.a(lib_a-fini.o)
 .debug_frame   0x00001f1c       0x30 c:/program files (x86)/cypress/psoc creator/3.0/psoc creator/import/gnu_cs/arm/4.7.3/bin/../lib/gcc/arm-none-eabi/4.7.3/../../../../arm-none-eabi/lib/armv7-m\libg.a(lib_a-init.o)
 .debug_frame   0x00001f4c       0x30 c:/program files (x86)/cypress/psoc creator/3.0/psoc creator/import/gnu_cs/arm/4.7.3/bin/../lib/gcc/arm-none-eabi/4.7.3/../../../../arm-none-eabi/lib/armv7-m\libg.a(lib_a-memcpy.o)
 .debug_frame   0x00001f7c       0x2c c:/program files (x86)/cypress/psoc creator/3.0/psoc creator/import/gnu_cs/arm/4.7.3/bin/../lib/gcc/arm-none-eabi/4.7.3/../../../../arm-none-eabi/lib/armv7-m\libg.a(lib_a-memset.o)
 .debug_frame   0x00001fa8       0x48 c:/program files (x86)/cypress/psoc creator/3.0/psoc creator/import/gnu_cs/arm/4.7.3/bin/../lib/gcc/arm-none-eabi/4.7.3/../../../../arm-none-eabi/lib/armv7-m\libg.a(lib_a-__call_atexit.o)
 .debug_frame   0x00001ff0       0x20 c:/program files (x86)/cypress/psoc creator/3.0/psoc creator/import/gnu_cs/arm/4.7.3/bin/../lib/gcc/arm-none-eabi/4.7.3/../../../../arm-none-eabi/lib/armv7-m\libg.a(lib_a-atexit.o)

.debug_str      0x00000000     0x1f41
 *(.debug_str)
 .debug_str     0x00000000      0x161 .\CortexM3\ARM_GCC_473\Debug\main.o
                                0x19a (size before relaxing)
 .debug_str     0x00000161       0x7d .\CortexM3\ARM_GCC_473\Debug\cymetadata.o
                                0x1b9 (size before relaxing)
 .debug_str     0x000001de      0x112 .\CortexM3\ARM_GCC_473\Debug\Cm3Start.o
                                0x275 (size before relaxing)
 .debug_str     0x000002f0      0x157 .\CortexM3\ARM_GCC_473\Debug\Node-Elephant.a(cyfitter_cfg.o)
                                0x2c6 (size before relaxing)
 .debug_str     0x00000447       0xd0 .\CortexM3\ARM_GCC_473\Debug\Node-Elephant.a(EEPROM.o)
                                0x23e (size before relaxing)
 .debug_str     0x00000517      0x173 .\CortexM3\ARM_GCC_473\Debug\Node-Elephant.a(LCD.o)
                                0x2d4 (size before relaxing)
 .debug_str     0x0000068a      0x2d7 .\CortexM3\ARM_GCC_473\Debug\Node-Elephant.a(ADC_SAR.o)
                                0x44c (size before relaxing)
 .debug_str     0x00000961       0x33 .\CortexM3\ARM_GCC_473\Debug\Node-Elephant.a(ADC_SAR_INT.o)
                                0x16f (size before relaxing)
 .debug_str     0x00000994      0x242 .\CortexM3\ARM_GCC_473\Debug\Node-Elephant.a(ADC_SAR_SAR.o)
                                0x423 (size before relaxing)
 .debug_str     0x00000bd6       0xbd .\CortexM3\ARM_GCC_473\Debug\Node-Elephant.a(ADC_SAR_TempBuf_dma.o)
                                0x206 (size before relaxing)
 .debug_str     0x00000c93       0x86 .\CortexM3\ARM_GCC_473\Debug\Node-Elephant.a(ADC_SAR_FinalBuf_dma.o)
                                0x20a (size before relaxing)
 .debug_str     0x00000d19      0x154 .\CortexM3\ARM_GCC_473\Debug\Node-Elephant.a(ADC_SAR_IRQ.o)
                                0x2bd (size before relaxing)
 .debug_str     0x00000e6d      0x318 .\CortexM3\ARM_GCC_473\Debug\Node-Elephant.a(CyDmac.o)
                                0x4e0 (size before relaxing)
 .debug_str     0x00001185      0x114 .\CortexM3\ARM_GCC_473\Debug\Node-Elephant.a(CyFlash.o)
                                0x2b0 (size before relaxing)
 .debug_str     0x00001299      0x5f1 .\CortexM3\ARM_GCC_473\Debug\Node-Elephant.a(CyLib.o)
                                0x7db (size before relaxing)
 .debug_str     0x0000188a      0x371 .\CortexM3\ARM_GCC_473\Debug\Node-Elephant.a(cyPm.o)
                                0x4ea (size before relaxing)
 .debug_str     0x00001bfb       0xf1 .\CortexM3\ARM_GCC_473\Debug\Node-Elephant.a(CySpc.o)
                                0x28c (size before relaxing)
 .debug_str     0x00001cec      0x17d .\CortexM3\ARM_GCC_473\Debug\Node-Elephant.a(Timer.o)
                                0x2d1 (size before relaxing)
 .debug_str     0x00001e69       0xd8 .\CortexM3\ARM_GCC_473\Debug\Node-Elephant.a(isr.o)
                                0x259 (size before relaxing)

.debug_loc      0x00000000     0x3210
 *(.debug_loc)
 .debug_loc     0x00000000       0x38 .\CortexM3\ARM_GCC_473\Debug\main.o
 .debug_loc     0x00000038      0x100 .\CortexM3\ARM_GCC_473\Debug\Cm3Start.o
 .debug_loc     0x00000138      0x1f8 .\CortexM3\ARM_GCC_473\Debug\Node-Elephant.a(cyfitter_cfg.o)
 .debug_loc     0x00000330      0x19c .\CortexM3\ARM_GCC_473\Debug\Node-Elephant.a(EEPROM.o)
 .debug_loc     0x000004cc      0x350 .\CortexM3\ARM_GCC_473\Debug\Node-Elephant.a(LCD.o)
 .debug_loc     0x0000081c      0x420 .\CortexM3\ARM_GCC_473\Debug\Node-Elephant.a(ADC_SAR.o)
 .debug_loc     0x00000c3c       0x2c .\CortexM3\ARM_GCC_473\Debug\Node-Elephant.a(ADC_SAR_INT.o)
 .debug_loc     0x00000c68      0x3b4 .\CortexM3\ARM_GCC_473\Debug\Node-Elephant.a(ADC_SAR_SAR.o)
 .debug_loc     0x0000101c       0x64 .\CortexM3\ARM_GCC_473\Debug\Node-Elephant.a(ADC_SAR_TempBuf_dma.o)
 .debug_loc     0x00001080       0x64 .\CortexM3\ARM_GCC_473\Debug\Node-Elephant.a(ADC_SAR_FinalBuf_dma.o)
 .debug_loc     0x000010e4      0x278 .\CortexM3\ARM_GCC_473\Debug\Node-Elephant.a(ADC_SAR_IRQ.o)
 .debug_loc     0x0000135c      0x51c .\CortexM3\ARM_GCC_473\Debug\Node-Elephant.a(CyDmac.o)
 .debug_loc     0x00001878      0x258 .\CortexM3\ARM_GCC_473\Debug\Node-Elephant.a(CyFlash.o)
 .debug_loc     0x00001ad0      0xce0 .\CortexM3\ARM_GCC_473\Debug\Node-Elephant.a(CyLib.o)
 .debug_loc     0x000027b0      0x2e8 .\CortexM3\ARM_GCC_473\Debug\Node-Elephant.a(cyPm.o)
 .debug_loc     0x00002a98      0x230 .\CortexM3\ARM_GCC_473\Debug\Node-Elephant.a(CySpc.o)
 .debug_loc     0x00002cc8      0x2d0 .\CortexM3\ARM_GCC_473\Debug\Node-Elephant.a(Timer.o)
 .debug_loc     0x00002f98      0x278 .\CortexM3\ARM_GCC_473\Debug\Node-Elephant.a(isr.o)

.debug_macinfo
 *(.debug_macinfo)

.debug_ranges   0x00000000      0x858
 *(.debug_ranges)
 .debug_ranges  0x00000000       0x10 .\CortexM3\ARM_GCC_473\Debug\main.o
 .debug_ranges  0x00000010       0x30 .\CortexM3\ARM_GCC_473\Debug\Cm3Start.o
 .debug_ranges  0x00000040       0x50 .\CortexM3\ARM_GCC_473\Debug\Node-Elephant.a(cyfitter_cfg.o)
 .debug_ranges  0x00000090       0x48 .\CortexM3\ARM_GCC_473\Debug\Node-Elephant.a(EEPROM.o)
 .debug_ranges  0x000000d8       0x88 .\CortexM3\ARM_GCC_473\Debug\Node-Elephant.a(LCD.o)
 .debug_ranges  0x00000160       0xb0 .\CortexM3\ARM_GCC_473\Debug\Node-Elephant.a(ADC_SAR.o)
 .debug_ranges  0x00000210       0x10 .\CortexM3\ARM_GCC_473\Debug\Node-Elephant.a(ADC_SAR_INT.o)
 .debug_ranges  0x00000220       0x98 .\CortexM3\ARM_GCC_473\Debug\Node-Elephant.a(ADC_SAR_SAR.o)
 .debug_ranges  0x000002b8       0x18 .\CortexM3\ARM_GCC_473\Debug\Node-Elephant.a(ADC_SAR_TempBuf_dma.o)
 .debug_ranges  0x000002d0       0x18 .\CortexM3\ARM_GCC_473\Debug\Node-Elephant.a(ADC_SAR_FinalBuf_dma.o)
 .debug_ranges  0x000002e8       0x70 .\CortexM3\ARM_GCC_473\Debug\Node-Elephant.a(ADC_SAR_IRQ.o)
 .debug_ranges  0x00000358       0xc8 .\CortexM3\ARM_GCC_473\Debug\Node-Elephant.a(CyDmac.o)
 .debug_ranges  0x00000420       0x68 .\CortexM3\ARM_GCC_473\Debug\Node-Elephant.a(CyFlash.o)
 .debug_ranges  0x00000488      0x208 .\CortexM3\ARM_GCC_473\Debug\Node-Elephant.a(CyLib.o)
 .debug_ranges  0x00000690       0x80 .\CortexM3\ARM_GCC_473\Debug\Node-Elephant.a(cyPm.o)
 .debug_ranges  0x00000710       0x58 .\CortexM3\ARM_GCC_473\Debug\Node-Elephant.a(CySpc.o)
 .debug_ranges  0x00000768       0x80 .\CortexM3\ARM_GCC_473\Debug\Node-Elephant.a(Timer.o)
 .debug_ranges  0x000007e8       0x70 .\CortexM3\ARM_GCC_473\Debug\Node-Elephant.a(isr.o)

.comment        0x00000000       0x70
 .comment       0x00000000       0x70 .\CortexM3\ARM_GCC_473\Debug\main.o
                                 0x71 (size before relaxing)
 .comment       0x00000000       0x71 .\CortexM3\ARM_GCC_473\Debug\cymetadata.o
 .comment       0x00000000       0x71 .\CortexM3\ARM_GCC_473\Debug\Cm3Start.o
 .comment       0x00000000       0x71 .\CortexM3\ARM_GCC_473\Debug\Node-Elephant.a(cyfitter_cfg.o)
 .comment       0x00000000       0x71 .\CortexM3\ARM_GCC_473\Debug\Node-Elephant.a(EEPROM.o)
 .comment       0x00000000       0x71 .\CortexM3\ARM_GCC_473\Debug\Node-Elephant.a(LCD.o)
 .comment       0x00000000       0x71 .\CortexM3\ARM_GCC_473\Debug\Node-Elephant.a(ADC_SAR.o)
 .comment       0x00000000       0x71 .\CortexM3\ARM_GCC_473\Debug\Node-Elephant.a(ADC_SAR_INT.o)
 .comment       0x00000000       0x71 .\CortexM3\ARM_GCC_473\Debug\Node-Elephant.a(ADC_SAR_SAR.o)
 .comment       0x00000000       0x71 .\CortexM3\ARM_GCC_473\Debug\Node-Elephant.a(ADC_SAR_TempBuf_dma.o)
 .comment       0x00000000       0x71 .\CortexM3\ARM_GCC_473\Debug\Node-Elephant.a(ADC_SAR_FinalBuf_dma.o)
 .comment       0x00000000       0x71 .\CortexM3\ARM_GCC_473\Debug\Node-Elephant.a(ADC_SAR_IRQ.o)
 .comment       0x00000000       0x71 .\CortexM3\ARM_GCC_473\Debug\Node-Elephant.a(CyDmac.o)
 .comment       0x00000000       0x71 .\CortexM3\ARM_GCC_473\Debug\Node-Elephant.a(CyFlash.o)
 .comment       0x00000000       0x71 .\CortexM3\ARM_GCC_473\Debug\Node-Elephant.a(CyLib.o)
 .comment       0x00000000       0x71 .\CortexM3\ARM_GCC_473\Debug\Node-Elephant.a(cyPm.o)
 .comment       0x00000000       0x71 .\CortexM3\ARM_GCC_473\Debug\Node-Elephant.a(CySpc.o)
 .comment       0x00000000       0x71 .\CortexM3\ARM_GCC_473\Debug\Node-Elephant.a(Timer.o)
 .comment       0x00000000       0x71 .\CortexM3\ARM_GCC_473\Debug\Node-Elephant.a(isr.o)

.debug_weaknames
 *(.debug_weaknames)

.debug_funcnames
 *(.debug_funcnames)

.debug_typenames
 *(.debug_typenames)

.debug_varnames
 *(.debug_varnames)

.note.gnu.arm.ident
 *(.note.gnu.arm.ident)

.ARM.attributes
                0x00000000       0x29
 *(.ARM.attributes)
 .ARM.attributes
                0x00000000       0x1d c:/program files (x86)/cypress/psoc creator/3.0/psoc creator/import/gnu_cs/arm/4.7.3/bin/../lib/gcc/arm-none-eabi/4.7.3/armv7-m/crti.o
 .ARM.attributes
                0x0000001d       0x2d c:/program files (x86)/cypress/psoc creator/3.0/psoc creator/import/gnu_cs/arm/4.7.3/bin/../lib/gcc/arm-none-eabi/4.7.3/armv7-m/crtbegin.o
 .ARM.attributes
                0x0000004a       0x1b c:/program files (x86)/cypress/psoc creator/3.0/psoc creator/import/gnu_cs/arm/4.7.3/bin/../lib/gcc/arm-none-eabi/4.7.3/../../../../arm-none-eabi/lib/armv7-m/crt0.o
 .ARM.attributes
                0x00000065       0x33 .\CortexM3\ARM_GCC_473\Debug\main.o
 .ARM.attributes
                0x00000098       0x33 .\CortexM3\ARM_GCC_473\Debug\cymetadata.o
 .ARM.attributes
                0x000000cb       0x33 .\CortexM3\ARM_GCC_473\Debug\Cm3Start.o
 .ARM.attributes
                0x000000fe       0x33 .\CortexM3\ARM_GCC_473\Debug\Node-Elephant.a(cyfitter_cfg.o)
 .ARM.attributes
                0x00000131       0x33 .\CortexM3\ARM_GCC_473\Debug\Node-Elephant.a(EEPROM.o)
 .ARM.attributes
                0x00000164       0x33 .\CortexM3\ARM_GCC_473\Debug\Node-Elephant.a(LCD.o)
 .ARM.attributes
                0x00000197       0x33 .\CortexM3\ARM_GCC_473\Debug\Node-Elephant.a(ADC_SAR.o)
 .ARM.attributes
                0x000001ca       0x33 .\CortexM3\ARM_GCC_473\Debug\Node-Elephant.a(ADC_SAR_INT.o)
 .ARM.attributes
                0x000001fd       0x33 .\CortexM3\ARM_GCC_473\Debug\Node-Elephant.a(ADC_SAR_SAR.o)
 .ARM.attributes
                0x00000230       0x33 .\CortexM3\ARM_GCC_473\Debug\Node-Elephant.a(ADC_SAR_TempBuf_dma.o)
 .ARM.attributes
                0x00000263       0x33 .\CortexM3\ARM_GCC_473\Debug\Node-Elephant.a(ADC_SAR_FinalBuf_dma.o)
 .ARM.attributes
                0x00000296       0x33 .\CortexM3\ARM_GCC_473\Debug\Node-Elephant.a(ADC_SAR_IRQ.o)
 .ARM.attributes
                0x000002c9       0x21 .\CortexM3\ARM_GCC_473\Debug\Node-Elephant.a(CyBootAsmGnu.o)
 .ARM.attributes
                0x000002ea       0x33 .\CortexM3\ARM_GCC_473\Debug\Node-Elephant.a(CyDmac.o)
 .ARM.attributes
                0x0000031d       0x33 .\CortexM3\ARM_GCC_473\Debug\Node-Elephant.a(CyFlash.o)
 .ARM.attributes
                0x00000350       0x33 .\CortexM3\ARM_GCC_473\Debug\Node-Elephant.a(CyLib.o)
 .ARM.attributes
                0x00000383       0x33 .\CortexM3\ARM_GCC_473\Debug\Node-Elephant.a(cyPm.o)
 .ARM.attributes
                0x000003b6       0x33 .\CortexM3\ARM_GCC_473\Debug\Node-Elephant.a(CySpc.o)
 .ARM.attributes
                0x000003e9       0x33 .\CortexM3\ARM_GCC_473\Debug\Node-Elephant.a(Timer.o)
 .ARM.attributes
                0x0000041c       0x33 .\CortexM3\ARM_GCC_473\Debug\Node-Elephant.a(isr.o)
 .ARM.attributes
                0x0000044f       0x1d c:/program files (x86)/cypress/psoc creator/3.0/psoc creator/import/gnu_cs/arm/4.7.3/bin/../lib/gcc/arm-none-eabi/4.7.3/armv7-m\libgcc.a(_arm_addsubsf3.o)
 .ARM.attributes
                0x0000046c       0x1d c:/program files (x86)/cypress/psoc creator/3.0/psoc creator/import/gnu_cs/arm/4.7.3/bin/../lib/gcc/arm-none-eabi/4.7.3/armv7-m\libgcc.a(_arm_muldivsf3.o)
 .ARM.attributes
                0x00000489       0x1d c:/program files (x86)/cypress/psoc creator/3.0/psoc creator/import/gnu_cs/arm/4.7.3/bin/../lib/gcc/arm-none-eabi/4.7.3/armv7-m\libgcc.a(_aeabi_ldivmod.o)
 .ARM.attributes
                0x000004a6       0x2d c:/program files (x86)/cypress/psoc creator/3.0/psoc creator/import/gnu_cs/arm/4.7.3/bin/../lib/gcc/arm-none-eabi/4.7.3/armv7-m\libgcc.a(bpabi.o)
 .ARM.attributes
                0x000004d3       0x1d c:/program files (x86)/cypress/psoc creator/3.0/psoc creator/import/gnu_cs/arm/4.7.3/bin/../lib/gcc/arm-none-eabi/4.7.3/armv7-m\libgcc.a(_dvmd_tls.o)
 .ARM.attributes
                0x000004f0       0x2d c:/program files (x86)/cypress/psoc creator/3.0/psoc creator/import/gnu_cs/arm/4.7.3/bin/../lib/gcc/arm-none-eabi/4.7.3/armv7-m\libgcc.a(_divdi3.o)
 .ARM.attributes
                0x0000051d       0x2d c:/program files (x86)/cypress/psoc creator/3.0/psoc creator/import/gnu_cs/arm/4.7.3/bin/../lib/gcc/arm-none-eabi/4.7.3/armv7-m\libgcc.a(_udivdi3.o)
 .ARM.attributes
                0x0000054a       0x2d c:/program files (x86)/cypress/psoc creator/3.0/psoc creator/import/gnu_cs/arm/4.7.3/bin/../lib/gcc/arm-none-eabi/4.7.3/../../../../arm-none-eabi/lib/armv7-m\libg.a(lib_a-__atexit.o)
 .ARM.attributes
                0x00000577       0x2d c:/program files (x86)/cypress/psoc creator/3.0/psoc creator/import/gnu_cs/arm/4.7.3/bin/../lib/gcc/arm-none-eabi/4.7.3/../../../../arm-none-eabi/lib/armv7-m\libg.a(lib_a-exit.o)
 .ARM.attributes
                0x000005a4       0x2d c:/program files (x86)/cypress/psoc creator/3.0/psoc creator/import/gnu_cs/arm/4.7.3/bin/../lib/gcc/arm-none-eabi/4.7.3/../../../../arm-none-eabi/lib/armv7-m\libg.a(lib_a-fini.o)
 .ARM.attributes
                0x000005d1       0x2d c:/program files (x86)/cypress/psoc creator/3.0/psoc creator/import/gnu_cs/arm/4.7.3/bin/../lib/gcc/arm-none-eabi/4.7.3/../../../../arm-none-eabi/lib/armv7-m\libg.a(lib_a-impure.o)
 .ARM.attributes
                0x000005fe       0x2d c:/program files (x86)/cypress/psoc creator/3.0/psoc creator/import/gnu_cs/arm/4.7.3/bin/../lib/gcc/arm-none-eabi/4.7.3/../../../../arm-none-eabi/lib/armv7-m\libg.a(lib_a-init.o)
 .ARM.attributes
                0x0000062b       0x2d c:/program files (x86)/cypress/psoc creator/3.0/psoc creator/import/gnu_cs/arm/4.7.3/bin/../lib/gcc/arm-none-eabi/4.7.3/../../../../arm-none-eabi/lib/armv7-m\libg.a(lib_a-memcpy.o)
 .ARM.attributes
                0x00000658       0x2d c:/program files (x86)/cypress/psoc creator/3.0/psoc creator/import/gnu_cs/arm/4.7.3/bin/../lib/gcc/arm-none-eabi/4.7.3/../../../../arm-none-eabi/lib/armv7-m\libg.a(lib_a-memset.o)
 .ARM.attributes
                0x00000685       0x2d c:/program files (x86)/cypress/psoc creator/3.0/psoc creator/import/gnu_cs/arm/4.7.3/bin/../lib/gcc/arm-none-eabi/4.7.3/../../../../arm-none-eabi/lib/armv7-m\libg.a(lib_a-__call_atexit.o)
 .ARM.attributes
                0x000006b2       0x2d c:/program files (x86)/cypress/psoc creator/3.0/psoc creator/import/gnu_cs/arm/4.7.3/bin/../lib/gcc/arm-none-eabi/4.7.3/../../../../arm-none-eabi/lib/armv7-m\libg.a(lib_a-atexit.o)
 .ARM.attributes
                0x000006df       0x2d c:/program files (x86)/cypress/psoc creator/3.0/psoc creator/import/gnu_cs/arm/4.7.3/bin/../lib/gcc/arm-none-eabi/4.7.3/armv7-m/crtend.o
 .ARM.attributes
                0x0000070c       0x1d c:/program files (x86)/cypress/psoc creator/3.0/psoc creator/import/gnu_cs/arm/4.7.3/bin/../lib/gcc/arm-none-eabi/4.7.3/armv7-m/crtn.o

/DISCARD/
 *(.note.GNU-stack)
OUTPUT(.\CortexM3\ARM_GCC_473\Debug\Node-Elephant.elf elf32-littlearm)
