Archive member included because of file (symbol)

.\CortexM3\ARM_GCC_473\Debug\Node-Elephant.a(cyfitter_cfg.o)
                              .\CortexM3\ARM_GCC_473\Debug\Cm3Start.o (cyfitter_cfg)
.\CortexM3\ARM_GCC_473\Debug\Node-Elephant.a(EEPROM.o)
                              .\CortexM3\ARM_GCC_473\Debug\main.o (EEPROM_Start)
.\CortexM3\ARM_GCC_473\Debug\Node-Elephant.a(LCD.o)
                              .\CortexM3\ARM_GCC_473\Debug\main.o (LCD_WriteControl)
.\CortexM3\ARM_GCC_473\Debug\Node-Elephant.a(ADC_SAR.o)
                              .\CortexM3\ARM_GCC_473\Debug\main.o (ADC_SAR_Start)
.\CortexM3\ARM_GCC_473\Debug\Node-Elephant.a(ADC_SAR_INT.o)
                              .\CortexM3\ARM_GCC_473\Debug\Node-Elephant.a(ADC_SAR.o) (ADC_SAR_ISR)
.\CortexM3\ARM_GCC_473\Debug\Node-Elephant.a(ADC_SAR_SAR.o)
                              .\CortexM3\ARM_GCC_473\Debug\Node-Elephant.a(ADC_SAR.o) (ADC_SAR_SAR_shift)
.\CortexM3\ARM_GCC_473\Debug\Node-Elephant.a(ADC_SAR_TempBuf_dma.o)
                              .\CortexM3\ARM_GCC_473\Debug\Node-Elephant.a(ADC_SAR.o) (ADC_SAR_TempBuf_DmaInitialize)
.\CortexM3\ARM_GCC_473\Debug\Node-Elephant.a(ADC_SAR_FinalBuf_dma.o)
                              .\CortexM3\ARM_GCC_473\Debug\Node-Elephant.a(ADC_SAR.o) (ADC_SAR_FinalBuf_DmaInitialize)
.\CortexM3\ARM_GCC_473\Debug\Node-Elephant.a(ADC_SAR_IRQ.o)
                              .\CortexM3\ARM_GCC_473\Debug\Node-Elephant.a(ADC_SAR.o) (ADC_SAR_IRQ_SetVector)
.\CortexM3\ARM_GCC_473\Debug\Node-Elephant.a(CyBootAsmGnu.o)
                              .\CortexM3\ARM_GCC_473\Debug\Node-Elephant.a(cyfitter_cfg.o) (CyDelayCycles)
.\CortexM3\ARM_GCC_473\Debug\Node-Elephant.a(CyDmac.o)
                              .\CortexM3\ARM_GCC_473\Debug\Cm3Start.o (CyDmacConfigure)
.\CortexM3\ARM_GCC_473\Debug\Node-Elephant.a(CyFlash.o)
                              .\CortexM3\ARM_GCC_473\Debug\Node-Elephant.a(EEPROM.o) (dieTemperature)
.\CortexM3\ARM_GCC_473\Debug\Node-Elephant.a(CyLib.o)
                              .\CortexM3\ARM_GCC_473\Debug\Cm3Start.o (CyResetStatus)
.\CortexM3\ARM_GCC_473\Debug\Node-Elephant.a(cyPm.o)
                              .\CortexM3\ARM_GCC_473\Debug\Node-Elephant.a(CyLib.o) (CyPmReadStatus)
.\CortexM3\ARM_GCC_473\Debug\Node-Elephant.a(CySpc.o)
                              .\CortexM3\ARM_GCC_473\Debug\Node-Elephant.a(EEPROM.o) (CySpcStart)
.\CortexM3\ARM_GCC_473\Debug\Node-Elephant.a(Button.o)
                              .\CortexM3\ARM_GCC_473\Debug\calibrate.o (Button_Read)
.\CortexM3\ARM_GCC_473\Debug\Node-Elephant.a(Timer.o)
                              .\CortexM3\ARM_GCC_473\Debug\main.o (Timer_Start)
.\CortexM3\ARM_GCC_473\Debug\Node-Elephant.a(isr.o)
                              .\CortexM3\ARM_GCC_473\Debug\main.o (toggle_flag)
.\CortexM3\ARM_GCC_473\Debug\Node-Elephant.a(Filter.o)
                              .\CortexM3\ARM_GCC_473\Debug\main.o (Filter_Start)
.\CortexM3\ARM_GCC_473\Debug\Node-Elephant.a(Filter_PVT.o)
                              .\CortexM3\ARM_GCC_473\Debug\Node-Elephant.a(Filter.o) (Filter_SetInterruptMode)
.\CortexM3\ARM_GCC_473\Debug\Node-Elephant.a(Filter_RAM_Data.o)
                              .\CortexM3\ARM_GCC_473\Debug\Node-Elephant.a(Filter.o) (Filter_control)
.\CortexM3\ARM_GCC_473\Debug\Node-Elephant.a(isr_filter.o)
                              .\CortexM3\ARM_GCC_473\Debug\main.o (isr_filter_Start)
.\CortexM3\ARM_GCC_473\Debug\Node-Elephant.a(DMA_dma.o)
                              .\CortexM3\ARM_GCC_473\Debug\main.o (DMA_DmaInitialize)
c:/program files (x86)/cypress/psoc creator/3.0/psoc creator/import/gnu_cs/arm/4.7.3/bin/../lib/gcc/arm-none-eabi/4.7.3/armv7-m\libgcc.a(_arm_addsubdf3.o)
                              .\CortexM3\ARM_GCC_473\Debug\calibrate.o (__aeabi_f2d)
c:/program files (x86)/cypress/psoc creator/3.0/psoc creator/import/gnu_cs/arm/4.7.3/bin/../lib/gcc/arm-none-eabi/4.7.3/armv7-m\libgcc.a(_arm_addsubsf3.o)
                              .\CortexM3\ARM_GCC_473\Debug\Node-Elephant.a(ADC_SAR_SAR.o) (__aeabi_i2f)
c:/program files (x86)/cypress/psoc creator/3.0/psoc creator/import/gnu_cs/arm/4.7.3/bin/../lib/gcc/arm-none-eabi/4.7.3/armv7-m\libgcc.a(_arm_muldivsf3.o)
                              .\CortexM3\ARM_GCC_473\Debug\Node-Elephant.a(ADC_SAR_SAR.o) (__aeabi_fmul)
c:/program files (x86)/cypress/psoc creator/3.0/psoc creator/import/gnu_cs/arm/4.7.3/bin/../lib/gcc/arm-none-eabi/4.7.3/armv7-m\libgcc.a(_aeabi_ldivmod.o)
                              .\CortexM3\ARM_GCC_473\Debug\Node-Elephant.a(ADC_SAR_SAR.o) (__aeabi_ldivmod)
c:/program files (x86)/cypress/psoc creator/3.0/psoc creator/import/gnu_cs/arm/4.7.3/bin/../lib/gcc/arm-none-eabi/4.7.3/armv7-m\libgcc.a(bpabi.o)
                              c:/program files (x86)/cypress/psoc creator/3.0/psoc creator/import/gnu_cs/arm/4.7.3/bin/../lib/gcc/arm-none-eabi/4.7.3/armv7-m\libgcc.a(_aeabi_ldivmod.o) (__gnu_ldivmod_helper)
[...]
Memory Configuration

Name             Origin             Length             Attributes
rom              0x00000000         0x00040000         xr
ram              0x1fff8000         0x00010000         xrw
*default*        0x00000000         0xffffffff

Linker script and memory map

LOAD c:/program files (x86)/cypress/psoc creator/3.0/psoc creator/import/gnu_cs/arm/4.7.3/bin/../lib/gcc/arm-none-eabi/4.7.3/armv7-m/crti.o
LOAD c:/program files (x86)/cypress/psoc creator/3.0/psoc creator/import/gnu_cs/arm/4.7.3/bin/../lib/gcc/arm-none-eabi/4.7.3/armv7-m/crtbegin.o
LOAD c:/program files (x86)/cypress/psoc creator/3.0/psoc creator/import/gnu_cs/arm/4.7.3/bin/../lib/gcc/arm-none-eabi/4.7.3/../../../../arm-none-eabi/lib/armv7-m/crt0.o
START GROUP
LOAD .\CortexM3\ARM_GCC_473\Debug\main.o
LOAD .\CortexM3\ARM_GCC_473\Debug\calibrate.o
LOAD .\CortexM3\ARM_GCC_473\Debug\cymetadata.o
LOAD .\CortexM3\ARM_GCC_473\Debug\Cm3Start.o
LOAD .\CortexM3\ARM_GCC_473\Debug\Node-Elephant.a
LOAD C:\Program Files (x86)\Cypress\PSoC Creator\3.0\PSoC Creator\psoc\content\cycomponentlibrary\CyComponentLibrary.cylib\CortexM3\ARM_GCC_473\Debug\CyComponentLibrary.a
END GROUP
START GROUP
LOAD c:/program files (x86)/cypress/psoc creator/3.0/psoc creator/import/gnu_cs/arm/4.7.3/bin/../lib/gcc/arm-none-eabi/4.7.3/armv7-m\libgcc.a
LOAD c:/program files (x86)/cypress/psoc creator/3.0/psoc creator/import/gnu_cs/arm/4.7.3/bin/../lib/gcc/arm-none-eabi/4.7.3/../../../../arm-none-eabi/lib/armv7-m\libg.a
LOAD c:/program files (x86)/cypress/psoc creator/3.0/psoc creator/import/gnu_cs/arm/4.7.3/bin/../lib/gcc/arm-none-eabi/4.7.3/../../../../arm-none-eabi/lib/armv7-m\libc.a
END GROUP
LOAD c:/program files (x86)/cypress/psoc creator/3.0/psoc creator/import/gnu_cs/arm/4.7.3/bin/../lib/gcc/arm-none-eabi/4.7.3/armv7-m/crtend.o
LOAD c:/program files (x86)/cypress/psoc creator/3.0/psoc creator/import/gnu_cs/arm/4.7.3/bin/../lib/gcc/arm-none-eabi/4.7.3/armv7-m/crtn.o
START GROUP
LOAD c:/program files (x86)/cypress/psoc creator/3.0/psoc creator/import/gnu_cs/arm/4.7.3/bin/../lib/gcc/arm-none-eabi/4.7.3/armv7-m\libgcc.a
LOAD c:/program files (x86)/cypress/psoc creator/3.0/psoc creator/import/gnu_cs/arm/4.7.3/bin/../lib/gcc/arm-none-eabi/4.7.3/../../../../arm-none-eabi/lib/armv7-m\libc.a
LOAD c:/program files (x86)/cypress/psoc creator/3.0/psoc creator/import/gnu_cs/arm/4.7.3/bin/../lib/gcc/arm-none-eabi/4.7.3/../../../../arm-none-eabi/lib/armv7-m\libnosys.a
END GROUP
                0x00000000                CY_APPL_ORIGIN = 0x0
                0x00000100                CY_FLASH_ROW_SIZE = 0x100
                0x00000020                CY_ECC_ROW_SIZE = 0x20
                0x00000000                CY_EE_IN_BTLDR = 0x0
                0x00000000                CY_APPL_LOADABLE = 0x0
                0x00000800                CY_EE_SIZE = 0x800
                0x00000001                CY_APPL_NUM = 0x1
                0x00000001                CY_APPL_MAX = 0x1
                0x00000040                CY_METADATA_SIZE = 0x40
                0x1fff85b0                PROVIDE (__cy_heap_start, _end)
                0x00000001                PROVIDE (__cy_region_num, ((__cy_regions_end - __cy_regions) / 0x10))
                0x20008000                PROVIDE (__cy_stack, (ORIGIN (ram) + 0x10000))
                0x20004000                PROVIDE (__cy_heap_end, (__cy_stack - 0x4000))

.cybootloader   0x00000000        0x0
 *(.cybootloader)
                0x00000000                appl1_start = CY_APPL_ORIGIN?CY_APPL_ORIGIN:ALIGN (CY_FLASH_ROW_SIZE)
                0x0001ff00                appl2_start = (appl1_start + ALIGN ((((0x40000 - appl1_start) - (0x2 * CY_FLASH_ROW_SIZE)) / 0x2), CY_FLASH_ROW_SIZE))
                0x00000000                appl_start = (CY_APPL_NUM == 0x1)?appl1_start:appl2_start
                0x00000000                ecc_offset = ((appl_start / CY_FLASH_ROW_SIZE) * CY_ECC_ROW_SIZE)
                0x00000000                ee_offset = (CY_APPL_LOADABLE && ! (CY_EE_IN_BTLDR))?((CY_EE_SIZE / CY_APPL_MAX) * (CY_APPL_NUM - 0x1)):0x0
                0x00000800                ee_size = (CY_APPL_LOADABLE && ! (CY_EE_IN_BTLDR))?(CY_EE_SIZE / CY_APPL_MAX):CY_EE_SIZE
                0x00000000                PROVIDE (CY_ECC_OFFSET, ecc_offset)

.text           0x00000000     0x2408
 CREATE_OBJECT_SYMBOLS
                0x00000000                PROVIDE (__cy_interrupt_vector, RomVectors)
 *(.romvectors)
 .romvectors    0x00000000       0x10 .\CortexM3\ARM_GCC_473\Debug\Cm3Start.o
                0x00000000                RomVectors
                0x00000001                ASSERT ((. != __cy_interrupt_vector), No interrupt vector)
                0x00000001                ASSERT (CY_APPL_ORIGIN?(SIZEOF (.cybootloader) <= CY_APPL_ORIGIN):0x1, Wrong image location)
                0x00000010                PROVIDE (__cy_reset, Reset)
 *(.text.Reset)
 .text.Reset    0x00000010       0x1c .\CortexM3\ARM_GCC_473\Debug\Cm3Start.o
                0x00000010                Reset
                0x00000001                ASSERT ((. != __cy_reset), No reset code)
 *(.dma_init)
                0x00000001                ASSERT ((((appl_start + .) <= 0x10000) || 0x1), DMA Init must be within the first 64k of flash)
 *(.text .text.* .gnu.linkonce.t.*)
 .text          0x0000002c       0x54 c:/program files (x86)/cypress/psoc creator/3.0/psoc creator/import/gnu_cs/arm/4.7.3/bin/../lib/gcc/arm-none-eabi/4.7.3/armv7-m/crtbegin.o
 .text.main     0x00000080       0xf0 .\CortexM3\ARM_GCC_473\Debug\main.o
                0x00000080                main
 .text.IntDefaultHandler
                0x00000170        0x8 .\CortexM3\ARM_GCC_473\Debug\Cm3Start.o
                0x00000170                IntDefaultHandler
 .text.Start_c  0x00000178       0xcc .\CortexM3\ARM_GCC_473\Debug\Cm3Start.o
                0x00000178                Start_c
 .text.initialize_psoc
                0x00000244       0xb8 .\CortexM3\ARM_GCC_473\Debug\Cm3Start.o
                0x00000244                initialize_psoc
 .text.CYMEMZERO
                0x000002fc       0x20 .\CortexM3\ARM_GCC_473\Debug\Node-Elephant.a(cyfitter_cfg.o)
 .text.CYCONFIGCPY
                0x0000031c       0x20 .\CortexM3\ARM_GCC_473\Debug\Node-Elephant.a(cyfitter_cfg.o)
 .text.CyClockStartupError
                0x0000033c        0xc .\CortexM3\ARM_GCC_473\Debug\Node-Elephant.a(cyfitter_cfg.o)
 .text.cfg_write_bytes32
                0x00000348       0x84 .\CortexM3\ARM_GCC_473\Debug\Node-Elephant.a(cyfitter_cfg.o)
 .text.ClockSetup
                0x000003cc      0x16c .\CortexM3\ARM_GCC_473\Debug\Node-Elephant.a(cyfitter_cfg.o)
 .text.AnalogSetDefault
                0x00000538       0xe8 .\CortexM3\ARM_GCC_473\Debug\Node-Elephant.a(cyfitter_cfg.o)
 .text.cyfitter_cfg
                0x00000620      0x1f4 .\CortexM3\ARM_GCC_473\Debug\Node-Elephant.a(cyfitter_cfg.o)
                0x00000620                cyfitter_cfg
 .text.EEPROM_Enable
                0x00000814        0xc .\CortexM3\ARM_GCC_473\Debug\Node-Elephant.a(EEPROM.o)
                0x00000814                EEPROM_Enable
 .text.EEPROM_Start
                0x00000820        0xc .\CortexM3\ARM_GCC_473\Debug\Node-Elephant.a(EEPROM.o)
                0x00000820                EEPROM_Start
 .text.LCD_Init
                0x0000082c       0x90 .\CortexM3\ARM_GCC_473\Debug\Node-Elephant.a(LCD.o)
                0x0000082c                LCD_Init
 .text.LCD_Enable
                0x000008bc       0x1c .\CortexM3\ARM_GCC_473\Debug\Node-Elephant.a(LCD.o)
                0x000008bc                LCD_Enable
 .text.LCD_Start
                0x000008d8       0x2c .\CortexM3\ARM_GCC_473\Debug\Node-Elephant.a(LCD.o)
                0x000008d8                LCD_Start
 .text.LCD_Position
                0x00000904       0x78 .\CortexM3\ARM_GCC_473\Debug\Node-Elephant.a(LCD.o)
                0x00000904                LCD_Position
 .text.LCD_PrintString
                0x0000097c       0x40 .\CortexM3\ARM_GCC_473\Debug\Node-Elephant.a(LCD.o)
                0x0000097c                LCD_PrintString
 .text.LCD_WriteData
                0x000009bc       0x38 .\CortexM3\ARM_GCC_473\Debug\Node-Elephant.a(LCD.o)
                0x000009bc                LCD_WriteData
 .text.LCD_WriteControl
                0x000009f4       0x38 .\CortexM3\ARM_GCC_473\Debug\Node-Elephant.a(LCD.o)
                0x000009f4                LCD_WriteControl
 .text.LCD_IsReady
                0x00000a2c      0x208 .\CortexM3\ARM_GCC_473\Debug\Node-Elephant.a(LCD.o)
                0x00000a2c                LCD_IsReady
 .text.LCD_WrDatNib
                0x00000c34       0xb4 .\CortexM3\ARM_GCC_473\Debug\Node-Elephant.a(LCD.o)
 .text.LCD_WrCntrlNib
                0x00000ce8       0x90 .\CortexM3\ARM_GCC_473\Debug\Node-Elephant.a(LCD.o)
 .text.LCD_PrintU32Number
                0x00000d78       0xcc .\CortexM3\ARM_GCC_473\Debug\Node-Elephant.a(LCD.o)
                0x00000d78                LCD_PrintU32Number
 .text.ADC_SAR_TempBufDmaInit
                0x00000e44       0x78 .\CortexM3\ARM_GCC_473\Debug\Node-Elephant.a(ADC_SAR.o)
 .text.ADC_SAR_FinalBufDmaInit
                0x00000ebc       0x80 .\CortexM3\ARM_GCC_473\Debug\Node-Elephant.a(ADC_SAR.o)
 .text.ADC_SAR_Init
                0x00000f3c       0x60 .\CortexM3\ARM_GCC_473\Debug\Node-Elephant.a(ADC_SAR.o)
                0x00000f3c                ADC_SAR_Init
 .text.ADC_SAR_Enable
                0x00000f9c       0xb0 .\CortexM3\ARM_GCC_473\Debug\Node-Elephant.a(ADC_SAR.o)
                0x00000f9c                ADC_SAR_Enable
 .text.ADC_SAR_Start
                0x0000104c       0x38 .\CortexM3\ARM_GCC_473\Debug\Node-Elephant.a(ADC_SAR.o)
                0x0000104c                ADC_SAR_Start
 .text.ADC_SAR_StartConvert
                0x00001084        0xc .\CortexM3\ARM_GCC_473\Debug\Node-Elephant.a(ADC_SAR.o)
                0x00001084                ADC_SAR_StartConvert
 .text.ADC_SAR_ISR
                0x00001090        0xc .\CortexM3\ARM_GCC_473\Debug\Node-Elephant.a(ADC_SAR_INT.o)
                0x00001090                ADC_SAR_ISR
 .text.ADC_SAR_SAR_Start
                0x0000109c       0x2c .\CortexM3\ARM_GCC_473\Debug\Node-Elephant.a(ADC_SAR_SAR.o)
                0x0000109c                ADC_SAR_SAR_Start
 .text.ADC_SAR_SAR_Init
                0x000010c8       0x38 .\CortexM3\ARM_GCC_473\Debug\Node-Elephant.a(ADC_SAR_SAR.o)
                0x000010c8                ADC_SAR_SAR_Init
 .text.ADC_SAR_SAR_Enable
                0x00001100      0x104 .\CortexM3\ARM_GCC_473\Debug\Node-Elephant.a(ADC_SAR_SAR.o)
                0x00001100                ADC_SAR_SAR_Enable
 .text.ADC_SAR_SAR_SetResolution
                0x00001204       0x60 .\CortexM3\ARM_GCC_473\Debug\Node-Elephant.a(ADC_SAR_SAR.o)
                0x00001204                ADC_SAR_SAR_SetResolution
 .text.ADC_SAR_SAR_StartConvert
                0x00001264       0x28 .\CortexM3\ARM_GCC_473\Debug\Node-Elephant.a(ADC_SAR_SAR.o)
                0x00001264                ADC_SAR_SAR_StartConvert
 .text.ADC_SAR_SAR_CalcGain
                0x0000128c       0x94 .\CortexM3\ARM_GCC_473\Debug\Node-Elephant.a(ADC_SAR_SAR.o)
 .text.ADC_SAR_TempBuf_DmaInitialize
                0x00001320       0x84 .\CortexM3\ARM_GCC_473\Debug\Node-Elephant.a(ADC_SAR_TempBuf_dma.o)
                0x00001320                ADC_SAR_TempBuf_DmaInitialize
 .text.ADC_SAR_FinalBuf_DmaInitialize
                0x000013a4       0x84 .\CortexM3\ARM_GCC_473\Debug\Node-Elephant.a(ADC_SAR_FinalBuf_dma.o)
                0x000013a4                ADC_SAR_FinalBuf_DmaInitialize
 .text.ADC_SAR_IRQ_SetVector
                0x00001428       0x28 .\CortexM3\ARM_GCC_473\Debug\Node-Elephant.a(ADC_SAR_IRQ.o)
                0x00001428                ADC_SAR_IRQ_SetVector
 .text.ADC_SAR_IRQ_SetPriority
                0x00001450       0x28 .\CortexM3\ARM_GCC_473\Debug\Node-Elephant.a(ADC_SAR_IRQ.o)
                0x00001450                ADC_SAR_IRQ_SetPriority
 .text          0x00001478       0x28 .\CortexM3\ARM_GCC_473\Debug\Node-Elephant.a(CyBootAsmGnu.o)
                0x00001478                CyDelayCycles
                0x0000148c                CyEnterCriticalSection
                0x00001494                CyExitCriticalSection
 .text.CyDmacConfigure
                0x000014a0       0x70 .\CortexM3\ARM_GCC_473\Debug\Node-Elephant.a(CyDmac.o)
                0x000014a0                CyDmacConfigure
 .text.CyDmaChEnable
                0x00001510       0xbc .\CortexM3\ARM_GCC_473\Debug\Node-Elephant.a(CyDmac.o)
                0x00001510                CyDmaChEnable
 .text.CyDmaChPriority
                0x000015cc       0x70 .\CortexM3\ARM_GCC_473\Debug\Node-Elephant.a(CyDmac.o)
                0x000015cc                CyDmaChPriority
 .text.CyDmaChSetExtendedAddress
                0x0000163c       0x88 .\CortexM3\ARM_GCC_473\Debug\Node-Elephant.a(CyDmac.o)
                0x0000163c                CyDmaChSetExtendedAddress
 .text.CyDmaChSetInitialTd
                0x000016c4       0x44 .\CortexM3\ARM_GCC_473\Debug\Node-Elephant.a(CyDmac.o)
                0x000016c4                CyDmaChSetInitialTd
 .text.CyDmaChSetConfiguration
                0x00001708       0xa4 .\CortexM3\ARM_GCC_473\Debug\Node-Elephant.a(CyDmac.o)
                0x00001708                CyDmaChSetConfiguration
 .text.CyDmaTdAllocate
                0x000017ac       0x78 .\CortexM3\ARM_GCC_473\Debug\Node-Elephant.a(CyDmac.o)
                0x000017ac                CyDmaTdAllocate
 .text.CyDmaTdSetConfiguration
                0x00001824       0x7c .\CortexM3\ARM_GCC_473\Debug\Node-Elephant.a(CyDmac.o)
                0x00001824                CyDmaTdSetConfiguration
 .text.CyDmaTdSetAddress
                0x000018a0       0x68 .\CortexM3\ARM_GCC_473\Debug\Node-Elephant.a(CyDmac.o)
                0x000018a0                CyDmaTdSetAddress
 .text.CyEEPROM_Start
                0x00001908       0x44 .\CortexM3\ARM_GCC_473\Debug\Node-Elephant.a(CyFlash.o)
                0x00001908                CyEEPROM_Start
 .text.CyHalt   0x0000194c       0x18 .\CortexM3\ARM_GCC_473\Debug\Node-Elephant.a(CyLib.o)
                0x0000194c                CyHalt
 .text.CyDelay  0x00001964       0x48 .\CortexM3\ARM_GCC_473\Debug\Node-Elephant.a(CyLib.o)
                0x00001964                CyDelay
 .text.CyDelayUs
                0x000019ac       0x28 .\CortexM3\ARM_GCC_473\Debug\Node-Elephant.a(CyLib.o)
                0x000019ac                CyDelayUs
 .text.Timer_Init
                0x000019d4       0x58 .\CortexM3\ARM_GCC_473\Debug\Node-Elephant.a(Timer.o)
                0x000019d4                Timer_Init
 .text.Timer_Enable
                0x00001a2c       0x28 .\CortexM3\ARM_GCC_473\Debug\Node-Elephant.a(Timer.o)
                0x00001a2c                Timer_Enable
 .text.Timer_Start
                0x00001a54       0x2c .\CortexM3\ARM_GCC_473\Debug\Node-Elephant.a(Timer.o)
                0x00001a54                Timer_Start
 .text.Timer_SetInterruptMode
                0x00001a80       0x20 .\CortexM3\ARM_GCC_473\Debug\Node-Elephant.a(Timer.o)
                0x00001a80                Timer_SetInterruptMode
 .text.Timer_ReadStatusRegister
                0x00001aa0       0x18 .\CortexM3\ARM_GCC_473\Debug\Node-Elephant.a(Timer.o)
                0x00001aa0                Timer_ReadStatusRegister
 .text.Timer_WritePeriod
                0x00001ab8       0x20 .\CortexM3\ARM_GCC_473\Debug\Node-Elephant.a(Timer.o)
                0x00001ab8                Timer_WritePeriod
 .text.Timer_ReadCapture
                0x00001ad8       0x18 .\CortexM3\ARM_GCC_473\Debug\Node-Elephant.a(Timer.o)
                0x00001ad8                Timer_ReadCapture
 .text.Timer_WriteCounter
                0x00001af0       0x20 .\CortexM3\ARM_GCC_473\Debug\Node-Elephant.a(Timer.o)
                0x00001af0                Timer_WriteCounter
 .text.Timer_ClearFIFO
                0x00001b10       0x1c .\CortexM3\ARM_GCC_473\Debug\Node-Elephant.a(Timer.o)
                0x00001b10                Timer_ClearFIFO
 .text.isr_Start
                0x00001b2c       0x24 .\CortexM3\ARM_GCC_473\Debug\Node-Elephant.a(isr.o)
                0x00001b2c                isr_Start
 .text.isr_Interrupt
                0x00001b50       0x18 .\CortexM3\ARM_GCC_473\Debug\Node-Elephant.a(isr.o)
                0x00001b50                isr_Interrupt
 .text.isr_SetVector
                0x00001b68       0x28 .\CortexM3\ARM_GCC_473\Debug\Node-Elephant.a(isr.o)
                0x00001b68                isr_SetVector
 .text.isr_SetPriority
                0x00001b90       0x28 .\CortexM3\ARM_GCC_473\Debug\Node-Elephant.a(isr.o)
                0x00001b90                isr_SetPriority
 .text.isr_Enable
                0x00001bb8       0x18 .\CortexM3\ARM_GCC_473\Debug\Node-Elephant.a(isr.o)
                0x00001bb8                isr_Enable
 .text.isr_Disable
                0x00001bd0       0x18 .\CortexM3\ARM_GCC_473\Debug\Node-Elephant.a(isr.o)
                0x00001bd0                isr_Disable
 .text.Filter_Init
                0x00001be8      0x16c .\CortexM3\ARM_GCC_473\Debug\Node-Elephant.a(Filter.o)
                0x00001be8                Filter_Init
 .text.Filter_Enable
                0x00001d54       0x60 .\CortexM3\ARM_GCC_473\Debug\Node-Elephant.a(Filter.o)
                0x00001d54                Filter_Enable
 .text.Filter_Start
                0x00001db4       0x2c .\CortexM3\ARM_GCC_473\Debug\Node-Elephant.a(Filter.o)
                0x00001db4                Filter_Start
 .text.Filter_Read16
                0x00001de0       0x48 .\CortexM3\ARM_GCC_473\Debug\Node-Elephant.a(Filter.o)
                0x00001de0                Filter_Read16
 .text.Filter_SetInterruptMode
                0x00001e28       0x28 .\CortexM3\ARM_GCC_473\Debug\Node-Elephant.a(Filter_PVT.o)
                0x00001e28                Filter_SetInterruptMode
 .text.Filter_SetDMAMode
                0x00001e50       0x28 .\CortexM3\ARM_GCC_473\Debug\Node-Elephant.a(Filter_PVT.o)
                0x00001e50                Filter_SetDMAMode
 .text.isr_filter_Start
                0x00001e78       0x24 .\CortexM3\ARM_GCC_473\Debug\Node-Elephant.a(isr_filter.o)
                0x00001e78                isr_filter_Start
 .text.isr_filter_Interrupt
                0x00001e9c       0x30 .\CortexM3\ARM_GCC_473\Debug\Node-Elephant.a(isr_filter.o)
                0x00001e9c                isr_filter_Interrupt
 .text.isr_filter_SetVector
                0x00001ecc       0x28 .\CortexM3\ARM_GCC_473\Debug\Node-Elephant.a(isr_filter.o)
                0x00001ecc                isr_filter_SetVector
 .text.isr_filter_SetPriority
                0x00001ef4       0x28 .\CortexM3\ARM_GCC_473\Debug\Node-Elephant.a(isr_filter.o)
                0x00001ef4                isr_filter_SetPriority
 .text.isr_filter_Enable
                0x00001f1c       0x18 .\CortexM3\ARM_GCC_473\Debug\Node-Elephant.a(isr_filter.o)
                0x00001f1c                isr_filter_Enable
 .text.isr_filter_Disable
                0x00001f34       0x18 .\CortexM3\ARM_GCC_473\Debug\Node-Elephant.a(isr_filter.o)
                0x00001f34                isr_filter_Disable
 .text.DMA_DmaInitialize
                0x00001f4c       0x84 .\CortexM3\ARM_GCC_473\Debug\Node-Elephant.a(DMA_dma.o)
                0x00001f4c                DMA_DmaInitialize
 .text.__register_exitproc
                0x00001fd0       0xac c:/program files (x86)/cypress/psoc creator/3.0/psoc creator/import/gnu_cs/arm/4.7.3/bin/../lib/gcc/arm-none-eabi/4.7.3/../../../../arm-none-eabi/lib/armv7-m\libg.a(lib_a-__atexit.o)
                0x00001fd0                __register_exitproc
 .text.__libc_fini_array
                0x0000207c       0x50 c:/program files (x86)/cypress/psoc creator/3.0/psoc creator/import/gnu_cs/arm/4.7.3/bin/../lib/gcc/arm-none-eabi/4.7.3/../../../../arm-none-eabi/lib/armv7-m\libg.a(lib_a-fini.o)
                0x0000207c                __libc_fini_array
 .text.__libc_init_array
                0x000020cc       0x94 c:/program files (x86)/cypress/psoc creator/3.0/psoc creator/import/gnu_cs/arm/4.7.3/bin/../lib/gcc/arm-none-eabi/4.7.3/../../../../arm-none-eabi/lib/armv7-m\libg.a(lib_a-init.o)
                0x000020cc                __libc_init_array
 .text.memcpy   0x00002160      0x15c c:/program files (x86)/cypress/psoc creator/3.0/psoc creator/import/gnu_cs/arm/4.7.3/bin/../lib/gcc/arm-none-eabi/4.7.3/../../../../arm-none-eabi/lib/armv7-m\libg.a(lib_a-memcpy.o)
                0x00002160                memcpy
 .text.memset   0x000022bc      0x12c c:/program files (x86)/cypress/psoc creator/3.0/psoc creator/import/gnu_cs/arm/4.7.3/bin/../lib/gcc/arm-none-eabi/4.7.3/../../../../arm-none-eabi/lib/armv7-m\libg.a(lib_a-memset.o)
                0x000022bc                memset
 .text.startup.register_fini
                0x000023e8       0x14 c:/program files (x86)/cypress/psoc creator/3.0/psoc creator/import/gnu_cs/arm/4.7.3/bin/../lib/gcc/arm-none-eabi/4.7.3/../../../../arm-none-eabi/lib/armv7-m\libg.a(lib_a-__call_atexit.o)
 .text.atexit   0x000023fc        0xc c:/program files (x86)/cypress/psoc creator/3.0/psoc creator/import/gnu_cs/arm/4.7.3/bin/../lib/gcc/arm-none-eabi/4.7.3/../../../../arm-none-eabi/lib/armv7-m\libg.a(lib_a-atexit.o)
                0x000023fc                atexit
 *(.plt)
 *(.gnu.warning)
 *(.glue_7t)
 .glue_7t       0x00000000        0x0 linker stubs
 *(.glue_7)
 .glue_7        0x00000000        0x0 linker stubs
 *(.vfp11_veneer)
 .vfp11_veneer  0x00000000        0x0 linker stubs
 *(.bootloader)
 *(.ARM.extab* .gnu.linkonce.armextab.*)
 *(.gcc_except_table)

.v4_bx          0x00002408        0x0
 .v4_bx         0x00000000        0x0 linker stubs

.iplt           0x00002408        0x0
 .iplt          0x00000000        0x0 c:/program files (x86)/cypress/psoc creator/3.0/psoc creator/import/gnu_cs/arm/4.7.3/bin/../lib/gcc/arm-none-eabi/4.7.3/armv7-m/crtbegin.o

.eh_frame_hdr
 *(.eh_frame_hdr)

.eh_frame       0x00002408        0x4
 *(.eh_frame)
 .eh_frame      0x00002408        0x0 c:/program files (x86)/cypress/psoc creator/3.0/psoc creator/import/gnu_cs/arm/4.7.3/bin/../lib/gcc/arm-none-eabi/4.7.3/armv7-m/crtbegin.o
 .eh_frame      0x00002408        0x4 c:/program files (x86)/cypress/psoc creator/3.0/psoc creator/import/gnu_cs/arm/4.7.3/bin/../lib/gcc/arm-none-eabi/4.7.3/armv7-m/crtend.o
                0x0000240c                PROVIDE (__exidx_start, .)

.ARM.exidx
 *(.ARM.exidx* .gnu.linkonce.armexidx.*)
                0x0000240c                __exidx_end = .

.rodata         0x0000240c      0x6bc
 *(.rodata .rodata.* .gnu.linkonce.r.*)
 .rodata        0x0000240c       0x38 .\CortexM3\ARM_GCC_473\Debug\Node-Elephant.a(cyfitter_cfg.o)
 .rodata        0x00002444      0x640 .\CortexM3\ARM_GCC_473\Debug\Node-Elephant.a(Filter_RAM_Data.o)
                0x00002444                Filter_control
                0x00002544                Filter_data_a
                0x00002744                Filter_data_b
                0x00002944                Filter_acu
                0x00002984                Filter_cfsm
 .rodata.str1.4
                0x00002a84        0x4 c:/program files (x86)/cypress/psoc creator/3.0/psoc creator/import/gnu_cs/arm/4.7.3/bin/../lib/gcc/arm-none-eabi/4.7.3/../../../../arm-none-eabi/lib/armv7-m\libg.a(lib_a-impure.o)
 .rodata._global_impure_ptr
                0x00002a88        0x4 c:/program files (x86)/cypress/psoc creator/3.0/psoc creator/import/gnu_cs/arm/4.7.3/bin/../lib/gcc/arm-none-eabi/4.7.3/../../../../arm-none-eabi/lib/armv7-m\libg.a(lib_a-impure.o)
                0x00002a88                _global_impure_ptr
                0x00002a8c                . = ALIGN (0x4)
 *(.init)
 .init          0x00002a8c        0x4 c:/program files (x86)/cypress/psoc creator/3.0/psoc creator/import/gnu_cs/arm/4.7.3/bin/../lib/gcc/arm-none-eabi/4.7.3/armv7-m/crti.o
                0x00002a8c                _init
 .init          0x00002a90        0x8 c:/program files (x86)/cypress/psoc creator/3.0/psoc creator/import/gnu_cs/arm/4.7.3/bin/../lib/gcc/arm-none-eabi/4.7.3/armv7-m/crtn.o
                0x00002a98                . = ALIGN (0x4)
                0x00002a98                __preinit_array_start = .
 *(.preinit_array)
                0x00002a98                __preinit_array_end = .
                0x00002a98                . = ALIGN (0x4)
                0x00002a98                __init_array_start = .
 *(SORT(.init_array.*))
 .init_array.00000
                0x00002a98        0x4 c:/program files (x86)/cypress/psoc creator/3.0/psoc creator/import/gnu_cs/arm/4.7.3/bin/../lib/gcc/arm-none-eabi/4.7.3/../../../../arm-none-eabi/lib/armv7-m\libg.a(lib_a-__call_atexit.o)
 *(.init_array)
 .init_array    0x00002a9c        0x4 c:/program files (x86)/cypress/psoc creator/3.0/psoc creator/import/gnu_cs/arm/4.7.3/bin/../lib/gcc/arm-none-eabi/4.7.3/armv7-m/crtbegin.o
 .init_array    0x00002aa0        0x4 .\CortexM3\ARM_GCC_473\Debug\Cm3Start.o
                0x00002aa4                __init_array_end = .
                0x00002aa4                . = ALIGN (0x4)
 *(.fini)
 .fini          0x00002aa4        0x4 c:/program files (x86)/cypress/psoc creator/3.0/psoc creator/import/gnu_cs/arm/4.7.3/bin/../lib/gcc/arm-none-eabi/4.7.3/armv7-m/crti.o
                0x00002aa4                _fini
 .fini          0x00002aa8        0x8 c:/program files (x86)/cypress/psoc creator/3.0/psoc creator/import/gnu_cs/arm/4.7.3/bin/../lib/gcc/arm-none-eabi/4.7.3/armv7-m/crtn.o
                0x00002ab0                . = ALIGN (0x4)
                0x00002ab0                __fini_array_start = .
 *(.fini_array)
 .fini_array    0x00002ab0        0x4 c:/program files (x86)/cypress/psoc creator/3.0/psoc creator/import/gnu_cs/arm/4.7.3/bin/../lib/gcc/arm-none-eabi/4.7.3/armv7-m/crtbegin.o
 *(SORT(.fini_array.*))
                0x00002ab4                __fini_array_end = .
                0x00002ab4                . = ALIGN (0x4)
 *crtbegin.o(.ctors)
 *(EXCLUDE_FILE(*crtend.o) .ctors)
 *(SORT(.ctors.*))
 *crtend.o(.ctors)
                0x00002ab4                . = ALIGN (0x4)
 *crtbegin.o(.dtors)
 *(EXCLUDE_FILE(*crtend.o) .dtors)
 *(SORT(.dtors.*))
 *crtend.o(.dtors)
                0x00002ab4                . = ALIGN (0x4)
                0x00002ab4                __cy_regions = .
                0x00002ab4        0x4 LONG 0x2ac8 __cy_region_init_ram
                0x00002ab8        0x4 LONG 0x1fff8108 __cy_region_start_data
                0x00002abc        0x4 LONG 0x450 __cy_region_init_size_ram
                0x00002ac0        0x4 LONG 0x58 __cy_region_zero_size_ram
                0x00002ac4                __cy_regions_end = .
                0x00002ac8                . = ALIGN (0x8)
 *fill*         0x00002ac4        0x4 00
                0x00002ac8                _etext = .

.ramvectors     0x1fff8000      0x100
                0x1fff8000                __cy_region_start_ram = .
 *(.ramvectors)
 .ramvectors    0x1fff8000      0x100 .\CortexM3\ARM_GCC_473\Debug\Cm3Start.o
                0x1fff8000                CyRamVectors

.noinit         0x1fff8100        0x5
 *(.noinit)
 .noinit        0x1fff8100        0x4 .\CortexM3\ARM_GCC_473\Debug\Cm3Start.o
 .noinit        0x1fff8104        0x1 .\CortexM3\ARM_GCC_473\Debug\Node-Elephant.a(CyLib.o)
                0x1fff8104                CyResetStatus

.data           0x1fff8108      0x450 load address 0x00002ac8
                0x1fff8108                __cy_region_start_data = .
 *(.jcr)
 .jcr           0x1fff8108        0x0 c:/program files (x86)/cypress/psoc creator/3.0/psoc creator/import/gnu_cs/arm/4.7.3/bin/../lib/gcc/arm-none-eabi/4.7.3/armv7-m/crtbegin.o
 .jcr           0x1fff8108        0x4 c:/program files (x86)/cypress/psoc creator/3.0/psoc creator/import/gnu_cs/arm/4.7.3/bin/../lib/gcc/arm-none-eabi/4.7.3/armv7-m/crtend.o
 *(.got.plt)
 *(.got)
 *(.shdata)
 *(.data .data.* .gnu.linkonce.d.*)
 .data          0x1fff810c        0x1 .\CortexM3\ARM_GCC_473\Debug\Node-Elephant.a(ADC_SAR_TempBuf_dma.o)
                0x1fff810c                ADC_SAR_TempBuf_DmaHandle
 .data          0x1fff810d        0x1 .\CortexM3\ARM_GCC_473\Debug\Node-Elephant.a(ADC_SAR_FinalBuf_dma.o)
                0x1fff810d                ADC_SAR_FinalBuf_DmaHandle
 *fill*         0x1fff810e        0x2 00
 .data          0x1fff8110        0x8 .\CortexM3\ARM_GCC_473\Debug\Node-Elephant.a(CyDmac.o)
 .data          0x1fff8118       0x10 .\CortexM3\ARM_GCC_473\Debug\Node-Elephant.a(CyLib.o)
                0x1fff8118                cydelay_freq_hz
                0x1fff811c                cydelay_freq_khz
                0x1fff8120                cydelay_freq_mhz
                0x1fff8124                cydelay_32k_ms
 .data          0x1fff8128        0x1 .\CortexM3\ARM_GCC_473\Debug\Node-Elephant.a(DMA_dma.o)
                0x1fff8128                DMA_DmaHandle
 *fill*         0x1fff8129        0x7 00
 .data.impure_data
                0x1fff8130      0x428 c:/program files (x86)/cypress/psoc creator/3.0/psoc creator/import/gnu_cs/arm/4.7.3/bin/../lib/gcc/arm-none-eabi/4.7.3/../../../../arm-none-eabi/lib/armv7-m\libg.a(lib_a-impure.o)
                0x1fff8558                . = ALIGN (0x8)
 *(.ram)
                0x1fff8558                _edata = .

.igot.plt       0x1fff8558        0x0 load address 0x00002f18
 .igot.plt      0x00000000        0x0 c:/program files (x86)/cypress/psoc creator/3.0/psoc creator/import/gnu_cs/arm/4.7.3/bin/../lib/gcc/arm-none-eabi/4.7.3/armv7-m/crtbegin.o

.bss            0x1fff8558       0x58 load address 0x00002f18
                0x1fff8558                PROVIDE (__bss_start__, .)
 *(.shbss)
 *(.bss .bss.* .gnu.linkonce.b.*)
 .bss           0x1fff8558       0x1c c:/program files (x86)/cypress/psoc creator/3.0/psoc creator/import/gnu_cs/arm/4.7.3/bin/../lib/gcc/arm-none-eabi/4.7.3/armv7-m/crtbegin.o
 .bss           0x1fff8574        0x2 .\CortexM3\ARM_GCC_473\Debug\Node-Elephant.a(LCD.o)
                0x1fff8574                LCD_enableState
                0x1fff8575                LCD_initVar
 *fill*         0x1fff8576        0x2 00
 .bss           0x1fff8578       0x14 .\CortexM3\ARM_GCC_473\Debug\Node-Elephant.a(ADC_SAR.o)
                0x1fff8584                ADC_SAR_initVar
 .bss           0x1fff858c        0x1 .\CortexM3\ARM_GCC_473\Debug\Node-Elephant.a(ADC_SAR_SAR.o)
                0x1fff858c                ADC_SAR_SAR_initVar
 .bss           0x1fff858d        0x1 .\CortexM3\ARM_GCC_473\Debug\Node-Elephant.a(Timer.o)
                0x1fff858d                Timer_initVar
 .bss           0x1fff858e        0x1 .\CortexM3\ARM_GCC_473\Debug\Node-Elephant.a(isr.o)
                0x1fff858e                toggle_flag
 .bss           0x1fff858f        0x1 .\CortexM3\ARM_GCC_473\Debug\Node-Elephant.a(Filter.o)
                0x1fff858f                Filter_initVar
 .bss           0x1fff8590        0x1 .\CortexM3\ARM_GCC_473\Debug\Node-Elephant.a(isr_filter.o)
                0x1fff8590                toggle_flag2
 *(COMMON)
 *fill*         0x1fff8591        0x3 00
 COMMON         0x1fff8594        0xa .\CortexM3\ARM_GCC_473\Debug\Node-Elephant.a(ADC_SAR.o)
                0x1fff8594                ADC_SAR_finalArray
 *fill*         0x1fff859e        0x2 00
 COMMON         0x1fff85a0        0xc .\CortexM3\ARM_GCC_473\Debug\Node-Elephant.a(ADC_SAR_SAR.o)
                0x1fff85a0                ADC_SAR_SAR_offset
                0x1fff85a2                ADC_SAR_SAR_countsPerVolt
                0x1fff85a4                ADC_SAR_SAR_shift
                0x1fff85a8                ADC_SAR_SAR_countsPer10Volt
                0x1fff85b0                . = ALIGN (0x8)
 *fill*         0x1fff85ac        0x4 00
 *(.ram.b)
                0x1fff85b0                _end = .
                0x1fff85b0                __end = .
                0x1fff85b0                PROVIDE (end, .)
                0x1fff85b0                PROVIDE (__bss_end__, .)
                0x00002ac8                __cy_region_init_ram = LOADADDR (.data)
                0x00000450                __cy_region_init_size_ram = (_edata - ADDR (.data))
                0x00000058                __cy_region_zero_size_ram = (_end - _edata)

.heap           0x1fff85b0     0x1000 load address 0x00002f18
                0x1fff85b0                . = _end
                0x1fff95b0                . = (. + 0x1000)
 *fill*         0x1fff85b0     0x1000 00
                0x1fff95b0                __cy_heap_limit = .

.stack          0x20004000     0x4000
                0x20004000                __cy_stack_limit = .
                0x20008000                . = (. + 0x4000)
 *fill*         0x20004000     0x4000 00
                0x00000001                ASSERT ((__cy_stack_limit >= __cy_heap_limit), region RAM overflowed with stack)

.cyloadermeta
 *(.cyloadermeta)

.cyloadablemeta
 *(.cyloadablemeta)

.cyconfigecc    0x80000000      0x5b8
 *(.cyconfigecc)
 .cyconfigecc   0x80000000      0x5b8 .\CortexM3\ARM_GCC_473\Debug\cymetadata.o
                0x80000000                cy_meta_configecc

.cycustnvl      0x90000000        0x4
 *(.cycustnvl)
 .cycustnvl     0x90000000        0x4 .\CortexM3\ARM_GCC_473\Debug\cymetadata.o
                0x90000000                cy_meta_custnvl

.cywolatch      0x90100000        0x4
 *(.cywolatch)
 .cywolatch     0x90100000        0x4 .\CortexM3\ARM_GCC_473\Debug\cymetadata.o
                0x90100000                cy_meta_wonvl

.cyeeprom       0x90200000        0x0
 *(.cyeeprom)
                0x00000001                ASSERT ((. <= ((0x90200000 + ee_offset) + ee_size)), .cyeeprom data will not fit in EEPROM)

.cyflashprotect
                0x90400000      0x100
 *(.cyflashprotect)
 .cyflashprotect
                0x90400000      0x100 .\CortexM3\ARM_GCC_473\Debug\cymetadata.o
                0x90400000                cy_meta_flashprotect

.cymeta         0x90500000        0xc
 *(.cymeta)
 .cymeta        0x90500000        0xc .\CortexM3\ARM_GCC_473\Debug\cymetadata.o
                0x90500000                cy_metadata

.rel.dyn        0x00002f18        0x0 load address 0x9050000c
 .rel.iplt      0x00000000        0x0 c:/program files (x86)/cypress/psoc creator/3.0/psoc creator/import/gnu_cs/arm/4.7.3/bin/../lib/gcc/arm-none-eabi/4.7.3/armv7-m/crtbegin.o

.stab
 *(.stab)

.stabstr
 *(.stabstr)

.debug
 *(.debug)

.line
 *(.line)

.debug_srcinfo
 *(.debug_srcinfo)

.debug_sfnames
 *(.debug_sfnames)

.debug_aranges  0x00000000      0xb60
 *(.debug_aranges)
 .debug_aranges
                0x00000000       0x20 .\CortexM3\ARM_GCC_473\Debug\main.o
 .debug_aranges
                0x00000020       0x20 .\CortexM3\ARM_GCC_473\Debug\calibrate.o
 .debug_aranges
                0x00000040       0x18 .\CortexM3\ARM_GCC_473\Debug\cymetadata.o
 .debug_aranges
                0x00000058       0x40 .\CortexM3\ARM_GCC_473\Debug\Cm3Start.o
 .debug_aranges
                0x00000098       0x60 .\CortexM3\ARM_GCC_473\Debug\Node-Elephant.a(cyfitter_cfg.o)
 .debug_aranges
                0x000000f8       0x58 .\CortexM3\ARM_GCC_473\Debug\Node-Elephant.a(EEPROM.o)
 .debug_aranges
                0x00000150       0x98 .\CortexM3\ARM_GCC_473\Debug\Node-Elephant.a(LCD.o)
 .debug_aranges
                0x000001e8       0xc0 .\CortexM3\ARM_GCC_473\Debug\Node-Elephant.a(ADC_SAR.o)
 .debug_aranges
                0x000002a8       0x20 .\CortexM3\ARM_GCC_473\Debug\Node-Elephant.a(ADC_SAR_INT.o)
 .debug_aranges
                0x000002c8       0xa8 .\CortexM3\ARM_GCC_473\Debug\Node-Elephant.a(ADC_SAR_SAR.o)
 .debug_aranges
                0x00000370       0x28 .\CortexM3\ARM_GCC_473\Debug\Node-Elephant.a(ADC_SAR_TempBuf_dma.o)
 .debug_aranges
                0x00000398       0x28 .\CortexM3\ARM_GCC_473\Debug\Node-Elephant.a(ADC_SAR_FinalBuf_dma.o)
 .debug_aranges
                0x000003c0       0x80 .\CortexM3\ARM_GCC_473\Debug\Node-Elephant.a(ADC_SAR_IRQ.o)
 .debug_aranges
                0x00000440       0x20 .\CortexM3\ARM_GCC_473\Debug\Node-Elephant.a(CyBootAsmGnu.o)
 .debug_aranges
                0x00000460       0xd8 .\CortexM3\ARM_GCC_473\Debug\Node-Elephant.a(CyDmac.o)
 .debug_aranges
                0x00000538       0x78 .\CortexM3\ARM_GCC_473\Debug\Node-Elephant.a(CyFlash.o)
 .debug_aranges
                0x000005b0      0x218 .\CortexM3\ARM_GCC_473\Debug\Node-Elephant.a(CyLib.o)
 .debug_aranges
                0x000007c8       0x90 .\CortexM3\ARM_GCC_473\Debug\Node-Elephant.a(cyPm.o)
 .debug_aranges
                0x00000858       0x68 .\CortexM3\ARM_GCC_473\Debug\Node-Elephant.a(CySpc.o)
 .debug_aranges
                0x000008c0       0x38 .\CortexM3\ARM_GCC_473\Debug\Node-Elephant.a(Button.o)
 .debug_aranges
                0x000008f8       0x90 .\CortexM3\ARM_GCC_473\Debug\Node-Elephant.a(Timer.o)
 .debug_aranges
                0x00000988       0x80 .\CortexM3\ARM_GCC_473\Debug\Node-Elephant.a(isr.o)
 .debug_aranges
                0x00000a08       0x70 .\CortexM3\ARM_GCC_473\Debug\Node-Elephant.a(Filter.o)
 .debug_aranges
                0x00000a78       0x28 .\CortexM3\ARM_GCC_473\Debug\Node-Elephant.a(Filter_PVT.o)
 .debug_aranges
                0x00000aa0       0x18 .\CortexM3\ARM_GCC_473\Debug\Node-Elephant.a(Filter_RAM_Data.o)
 .debug_aranges
                0x00000ab8       0x80 .\CortexM3\ARM_GCC_473\Debug\Node-Elephant.a(isr_filter.o)
 .debug_aranges
                0x00000b38       0x28 .\CortexM3\ARM_GCC_473\Debug\Node-Elephant.a(DMA_dma.o)

.debug_pubnames
 *(.debug_pubnames)

.debug_info     0x00000000     0x5416
 *(.debug_info .gnu.linkonce.wi.*)
 .debug_info    0x00000000      0x184 .\CortexM3\ARM_GCC_473\Debug\main.o
 .debug_info    0x00000184      0x1d3 .\CortexM3\ARM_GCC_473\Debug\calibrate.o
 .debug_info    0x00000357      0x140 .\CortexM3\ARM_GCC_473\Debug\cymetadata.o
 .debug_info    0x00000497      0x2ea .\CortexM3\ARM_GCC_473\Debug\Cm3Start.o
 .debug_info    0x00000781      0x3de .\CortexM3\ARM_GCC_473\Debug\Node-Elephant.a(cyfitter_cfg.o)
 .debug_info    0x00000b5f      0x283 .\CortexM3\ARM_GCC_473\Debug\Node-Elephant.a(EEPROM.o)
 .debug_info    0x00000de2      0x408 .\CortexM3\ARM_GCC_473\Debug\Node-Elephant.a(LCD.o)
 .debug_info    0x000011ea      0x4d9 .\CortexM3\ARM_GCC_473\Debug\Node-Elephant.a(ADC_SAR.o)
 .debug_info    0x000016c3       0xa2 .\CortexM3\ARM_GCC_473\Debug\Node-Elephant.a(ADC_SAR_INT.o)
 .debug_info    0x00001765      0x4b4 .\CortexM3\ARM_GCC_473\Debug\Node-Elephant.a(ADC_SAR_SAR.o)
 .debug_info    0x00001c19      0x121 .\CortexM3\ARM_GCC_473\Debug\Node-Elephant.a(ADC_SAR_TempBuf_dma.o)
 .debug_info    0x00001d3a      0x121 .\CortexM3\ARM_GCC_473\Debug\Node-Elephant.a(ADC_SAR_FinalBuf_dma.o)
 .debug_info    0x00001e5b      0x278 .\CortexM3\ARM_GCC_473\Debug\Node-Elephant.a(ADC_SAR_IRQ.o)
 .debug_info    0x000020d3       0xa4 .\CortexM3\ARM_GCC_473\Debug\Node-Elephant.a(CyBootAsmGnu.o)
 .debug_info    0x00002177      0x93a .\CortexM3\ARM_GCC_473\Debug\Node-Elephant.a(CyDmac.o)
 .debug_info    0x00002ab1      0x354 .\CortexM3\ARM_GCC_473\Debug\Node-Elephant.a(CyFlash.o)
 .debug_info    0x00002e05      0xcd7 .\CortexM3\ARM_GCC_473\Debug\Node-Elephant.a(CyLib.o)
 .debug_info    0x00003adc      0x5c3 .\CortexM3\ARM_GCC_473\Debug\Node-Elephant.a(cyPm.o)
 .debug_info    0x0000409f      0x3d9 .\CortexM3\ARM_GCC_473\Debug\Node-Elephant.a(CySpc.o)
 .debug_info    0x00004478      0x134 .\CortexM3\ARM_GCC_473\Debug\Node-Elephant.a(Button.o)
 .debug_info    0x000045ac      0x2a0 .\CortexM3\ARM_GCC_473\Debug\Node-Elephant.a(Timer.o)
 .debug_info    0x0000484c      0x28a .\CortexM3\ARM_GCC_473\Debug\Node-Elephant.a(isr.o)
 .debug_info    0x00004ad6      0x371 .\CortexM3\ARM_GCC_473\Debug\Node-Elephant.a(Filter.o)
 .debug_info    0x00004e47       0xf5 .\CortexM3\ARM_GCC_473\Debug\Node-Elephant.a(Filter_PVT.o)
 .debug_info    0x00004f3c      0x12f .\CortexM3\ARM_GCC_473\Debug\Node-Elephant.a(Filter_RAM_Data.o)
 .debug_info    0x0000506b      0x28a .\CortexM3\ARM_GCC_473\Debug\Node-Elephant.a(isr_filter.o)
 .debug_info    0x000052f5      0x121 .\CortexM3\ARM_GCC_473\Debug\Node-Elephant.a(DMA_dma.o)

.debug_abbrev   0x00000000     0x1afc
 *(.debug_abbrev)
 .debug_abbrev  0x00000000       0x8b .\CortexM3\ARM_GCC_473\Debug\main.o
 .debug_abbrev  0x0000008b       0xa4 .\CortexM3\ARM_GCC_473\Debug\calibrate.o
 .debug_abbrev  0x0000012f       0x77 .\CortexM3\ARM_GCC_473\Debug\cymetadata.o
 .debug_abbrev  0x000001a6      0x175 .\CortexM3\ARM_GCC_473\Debug\Cm3Start.o
 .debug_abbrev  0x0000031b      0x19f .\CortexM3\ARM_GCC_473\Debug\Node-Elephant.a(cyfitter_cfg.o)
 .debug_abbrev  0x000004ba       0xff .\CortexM3\ARM_GCC_473\Debug\Node-Elephant.a(EEPROM.o)
 .debug_abbrev  0x000005b9      0x122 .\CortexM3\ARM_GCC_473\Debug\Node-Elephant.a(LCD.o)
 .debug_abbrev  0x000006db      0x173 .\CortexM3\ARM_GCC_473\Debug\Node-Elephant.a(ADC_SAR.o)
 .debug_abbrev  0x0000084e       0x44 .\CortexM3\ARM_GCC_473\Debug\Node-Elephant.a(ADC_SAR_INT.o)
 .debug_abbrev  0x00000892      0x175 .\CortexM3\ARM_GCC_473\Debug\Node-Elephant.a(ADC_SAR_SAR.o)
 .debug_abbrev  0x00000a07       0x8d .\CortexM3\ARM_GCC_473\Debug\Node-Elephant.a(ADC_SAR_TempBuf_dma.o)
 .debug_abbrev  0x00000a94       0x8d .\CortexM3\ARM_GCC_473\Debug\Node-Elephant.a(ADC_SAR_FinalBuf_dma.o)
 .debug_abbrev  0x00000b21      0x12d .\CortexM3\ARM_GCC_473\Debug\Node-Elephant.a(ADC_SAR_IRQ.o)
 .debug_abbrev  0x00000c4e       0x14 .\CortexM3\ARM_GCC_473\Debug\Node-Elephant.a(CyBootAsmGnu.o)
 .debug_abbrev  0x00000c62      0x189 .\CortexM3\ARM_GCC_473\Debug\Node-Elephant.a(CyDmac.o)
 .debug_abbrev  0x00000deb      0x172 .\CortexM3\ARM_GCC_473\Debug\Node-Elephant.a(CyFlash.o)
 .debug_abbrev  0x00000f5d      0x207 .\CortexM3\ARM_GCC_473\Debug\Node-Elephant.a(CyLib.o)
 .debug_abbrev  0x00001164      0x170 .\CortexM3\ARM_GCC_473\Debug\Node-Elephant.a(cyPm.o)
 .debug_abbrev  0x000012d4      0x15f .\CortexM3\ARM_GCC_473\Debug\Node-Elephant.a(CySpc.o)
 .debug_abbrev  0x00001433       0x92 .\CortexM3\ARM_GCC_473\Debug\Node-Elephant.a(Button.o)
 .debug_abbrev  0x000014c5      0x11d .\CortexM3\ARM_GCC_473\Debug\Node-Elephant.a(Timer.o)
 .debug_abbrev  0x000015e2      0x126 .\CortexM3\ARM_GCC_473\Debug\Node-Elephant.a(isr.o)
 .debug_abbrev  0x00001708      0x142 .\CortexM3\ARM_GCC_473\Debug\Node-Elephant.a(Filter.o)
 .debug_abbrev  0x0000184a       0x81 .\CortexM3\ARM_GCC_473\Debug\Node-Elephant.a(Filter_PVT.o)
 .debug_abbrev  0x000018cb       0x66 .\CortexM3\ARM_GCC_473\Debug\Node-Elephant.a(Filter_RAM_Data.o)
 .debug_abbrev  0x00001931      0x13e .\CortexM3\ARM_GCC_473\Debug\Node-Elephant.a(isr_filter.o)
 .debug_abbrev  0x00001a6f       0x8d .\CortexM3\ARM_GCC_473\Debug\Node-Elephant.a(DMA_dma.o)

.debug_line     0x00000000     0x2a50
 *(.debug_line)
 .debug_line    0x00000000      0x135 .\CortexM3\ARM_GCC_473\Debug\main.o
 .debug_line    0x00000135      0x1ef .\CortexM3\ARM_GCC_473\Debug\calibrate.o
 .debug_line    0x00000324       0x53 .\CortexM3\ARM_GCC_473\Debug\cymetadata.o
 .debug_line    0x00000377      0x1af .\CortexM3\ARM_GCC_473\Debug\Cm3Start.o
 .debug_line    0x00000526      0x208 .\CortexM3\ARM_GCC_473\Debug\Node-Elephant.a(cyfitter_cfg.o)
 .debug_line    0x0000072e      0x1a3 .\CortexM3\ARM_GCC_473\Debug\Node-Elephant.a(EEPROM.o)
 .debug_line    0x000008d1      0x214 .\CortexM3\ARM_GCC_473\Debug\Node-Elephant.a(LCD.o)
 .debug_line    0x00000ae5      0x240 .\CortexM3\ARM_GCC_473\Debug\Node-Elephant.a(ADC_SAR.o)
 .debug_line    0x00000d25       0x59 .\CortexM3\ARM_GCC_473\Debug\Node-Elephant.a(ADC_SAR_INT.o)
 .debug_line    0x00000d7e      0x205 .\CortexM3\ARM_GCC_473\Debug\Node-Elephant.a(ADC_SAR_SAR.o)
 .debug_line    0x00000f83       0x85 .\CortexM3\ARM_GCC_473\Debug\Node-Elephant.a(ADC_SAR_TempBuf_dma.o)
 .debug_line    0x00001008       0x86 .\CortexM3\ARM_GCC_473\Debug\Node-Elephant.a(ADC_SAR_FinalBuf_dma.o)
 .debug_line    0x0000108e      0x146 .\CortexM3\ARM_GCC_473\Debug\Node-Elephant.a(ADC_SAR_IRQ.o)
 .debug_line    0x000011d4       0x68 .\CortexM3\ARM_GCC_473\Debug\Node-Elephant.a(CyBootAsmGnu.o)
 .debug_line    0x0000123c      0x2bc .\CortexM3\ARM_GCC_473\Debug\Node-Elephant.a(CyDmac.o)
 .debug_line    0x000014f8      0x1a9 .\CortexM3\ARM_GCC_473\Debug\Node-Elephant.a(CyFlash.o)
 .debug_line    0x000016a1      0x73b .\CortexM3\ARM_GCC_473\Debug\Node-Elephant.a(CyLib.o)
 .debug_line    0x00001ddc      0x370 .\CortexM3\ARM_GCC_473\Debug\Node-Elephant.a(cyPm.o)
 .debug_line    0x0000214c      0x1a7 .\CortexM3\ARM_GCC_473\Debug\Node-Elephant.a(CySpc.o)
 .debug_line    0x000022f3       0x98 .\CortexM3\ARM_GCC_473\Debug\Node-Elephant.a(Button.o)
 .debug_line    0x0000238b      0x174 .\CortexM3\ARM_GCC_473\Debug\Node-Elephant.a(Timer.o)
 .debug_line    0x000024ff      0x150 .\CortexM3\ARM_GCC_473\Debug\Node-Elephant.a(isr.o)
 .debug_line    0x0000264f      0x160 .\CortexM3\ARM_GCC_473\Debug\Node-Elephant.a(Filter.o)
 .debug_line    0x000027af       0x78 .\CortexM3\ARM_GCC_473\Debug\Node-Elephant.a(Filter_PVT.o)
 .debug_line    0x00002827       0x58 .\CortexM3\ARM_GCC_473\Debug\Node-Elephant.a(Filter_RAM_Data.o)
 .debug_line    0x0000287f      0x158 .\CortexM3\ARM_GCC_473\Debug\Node-Elephant.a(isr_filter.o)
 .debug_line    0x000029d7       0x79 .\CortexM3\ARM_GCC_473\Debug\Node-Elephant.a(DMA_dma.o)

.debug_frame    0x00000000     0x2b08
 *(.debug_frame)
 .debug_frame   0x00000000       0x30 .\CortexM3\ARM_GCC_473\Debug\main.o
 .debug_frame   0x00000030       0x38 .\CortexM3\ARM_GCC_473\Debug\calibrate.o
 .debug_frame   0x00000068       0xa4 .\CortexM3\ARM_GCC_473\Debug\Cm3Start.o
 .debug_frame   0x0000010c      0x120 .\CortexM3\ARM_GCC_473\Debug\Node-Elephant.a(cyfitter_cfg.o)
 .debug_frame   0x0000022c      0x104 .\CortexM3\ARM_GCC_473\Debug\Node-Elephant.a(EEPROM.o)
 .debug_frame   0x00000330      0x200 .\CortexM3\ARM_GCC_473\Debug\Node-Elephant.a(LCD.o)
 .debug_frame   0x00000530      0x280 .\CortexM3\ARM_GCC_473\Debug\Node-Elephant.a(ADC_SAR.o)
 .debug_frame   0x000007b0       0x2c .\CortexM3\ARM_GCC_473\Debug\Node-Elephant.a(ADC_SAR_INT.o)
 .debug_frame   0x000007dc      0x22c .\CortexM3\ARM_GCC_473\Debug\Node-Elephant.a(ADC_SAR_SAR.o)
 .debug_frame   0x00000a08       0x4c .\CortexM3\ARM_GCC_473\Debug\Node-Elephant.a(ADC_SAR_TempBuf_dma.o)
 .debug_frame   0x00000a54       0x4c .\CortexM3\ARM_GCC_473\Debug\Node-Elephant.a(ADC_SAR_FinalBuf_dma.o)
 .debug_frame   0x00000aa0      0x180 .\CortexM3\ARM_GCC_473\Debug\Node-Elephant.a(ADC_SAR_IRQ.o)
 .debug_frame   0x00000c20      0x2c0 .\CortexM3\ARM_GCC_473\Debug\Node-Elephant.a(CyDmac.o)
 .debug_frame   0x00000ee0      0x178 .\CortexM3\ARM_GCC_473\Debug\Node-Elephant.a(CyFlash.o)
 .debug_frame   0x00001058      0x778 .\CortexM3\ARM_GCC_473\Debug\Node-Elephant.a(CyLib.o)
 .debug_frame   0x000017d0      0x1d0 .\CortexM3\ARM_GCC_473\Debug\Node-Elephant.a(cyPm.o)
 .debug_frame   0x000019a0      0x13c .\CortexM3\ARM_GCC_473\Debug\Node-Elephant.a(CySpc.o)
 .debug_frame   0x00001adc       0x80 .\CortexM3\ARM_GCC_473\Debug\Node-Elephant.a(Button.o)
 .debug_frame   0x00001b5c      0x1b8 .\CortexM3\ARM_GCC_473\Debug\Node-Elephant.a(Timer.o)
 .debug_frame   0x00001d14      0x180 .\CortexM3\ARM_GCC_473\Debug\Node-Elephant.a(isr.o)
 .debug_frame   0x00001e94      0x150 .\CortexM3\ARM_GCC_473\Debug\Node-Elephant.a(Filter.o)
 .debug_frame   0x00001fe4       0x48 .\CortexM3\ARM_GCC_473\Debug\Node-Elephant.a(Filter_PVT.o)
 .debug_frame   0x0000202c      0x180 .\CortexM3\ARM_GCC_473\Debug\Node-Elephant.a(isr_filter.o)
 .debug_frame   0x000021ac       0x4c .\CortexM3\ARM_GCC_473\Debug\Node-Elephant.a(DMA_dma.o)
 .debug_frame   0x000021f8       0x50 c:/program files (x86)/cypress/psoc creator/3.0/psoc creator/import/gnu_cs/arm/4.7.3/bin/../lib/gcc/arm-none-eabi/4.7.3/armv7-m\libgcc.a(bpabi.o)
 .debug_frame   0x00002248       0x34 c:/program files (x86)/cypress/psoc creator/3.0/psoc creator/import/gnu_cs/arm/4.7.3/bin/../lib/gcc/arm-none-eabi/4.7.3/armv7-m\libgcc.a(_divdi3.o)
 .debug_frame   0x0000227c       0x34 c:/program files (x86)/cypress/psoc creator/3.0/psoc creator/import/gnu_cs/arm/4.7.3/bin/../lib/gcc/arm-none-eabi/4.7.3/armv7-m\libgcc.a(_udivdi3.o)
 .debug_frame   0x000022b0       0x34 c:/program files (x86)/cypress/psoc creator/3.0/psoc creator/import/gnu_cs/arm/4.7.3/bin/../lib/gcc/arm-none-eabi/4.7.3/../../../../arm-none-eabi/lib/armv7-m\libg.a(lib_a-__atexit.o)
 .debug_frame   0x000022e4       0x28 c:/program files (x86)/cypress/psoc creator/3.0/psoc creator/import/gnu_cs/arm/4.7.3/bin/../lib/gcc/arm-none-eabi/4.7.3/../../../../arm-none-eabi/lib/armv7-m\libg.a(lib_a-exit.o)
 .debug_frame   0x0000230c       0x2c c:/program files (x86)/cypress/psoc creator/3.0/psoc creator/import/gnu_cs/arm/4.7.3/bin/../lib/gcc/arm-none-eabi/4.7.3/../../../../arm-none-eabi/lib/armv7-m\libg.a(lib_a-fini.o)
 .debug_frame   0x00002338       0x30 c:/program files (x86)/cypress/psoc creator/3.0/psoc creator/import/gnu_cs/arm/4.7.3/bin/../lib/gcc/arm-none-eabi/4.7.3/../../../../arm-none-eabi/lib/armv7-m\libg.a(lib_a-init.o)
 .debug_frame   0x00002368       0x30 c:/program files (x86)/cypress/psoc creator/3.0/psoc creator/import/gnu_cs/arm/4.7.3/bin/../lib/gcc/arm-none-eabi/4.7.3/../../../../arm-none-eabi/lib/armv7-m\libg.a(lib_a-memcpy.o)
 .debug_frame   0x00002398       0x2c c:/program files (x86)/cypress/psoc creator/3.0/psoc creator/import/gnu_cs/arm/4.7.3/bin/../lib/gcc/arm-none-eabi/4.7.3/../../../../arm-none-eabi/lib/armv7-m\libg.a(lib_a-memset.o)
 .debug_frame   0x000023c4       0x64 c:/program files (x86)/cypress/psoc creator/3.0/psoc creator/import/gnu_cs/arm/4.7.3/bin/../lib/gcc/arm-none-eabi/4.7.3/../../../../arm-none-eabi/lib/armv7-m\libg.a(lib_a-sprintf.o)
 .debug_frame   0x00002428       0x3c c:/program files (x86)/cypress/psoc creator/3.0/psoc creator/import/gnu_cs/arm/4.7.3/bin/../lib/gcc/arm-none-eabi/4.7.3/../../../../arm-none-eabi/lib/armv7-m\libg.a(lib_a-svfprintf.o)
 .debug_frame   0x00002464       0x48 c:/program files (x86)/cypress/psoc creator/3.0/psoc creator/import/gnu_cs/arm/4.7.3/bin/../lib/gcc/arm-none-eabi/4.7.3/../../../../arm-none-eabi/lib/armv7-m\libg.a(lib_a-__call_atexit.o)
 .debug_frame   0x000024ac       0x20 c:/program files (x86)/cypress/psoc creator/3.0/psoc creator/import/gnu_cs/arm/4.7.3/bin/../lib/gcc/arm-none-eabi/4.7.3/../../../../arm-none-eabi/lib/armv7-m\libg.a(lib_a-atexit.o)
 .debug_frame   0x000024cc       0x64 c:/program files (x86)/cypress/psoc creator/3.0/psoc creator/import/gnu_cs/arm/4.7.3/bin/../lib/gcc/arm-none-eabi/4.7.3/../../../../arm-none-eabi/lib/armv7-m\libg.a(lib_a-dtoa.o)
 .debug_frame   0x00002530       0xa0 c:/program files (x86)/cypress/psoc creator/3.0/psoc creator/import/gnu_cs/arm/4.7.3/bin/../lib/gcc/arm-none-eabi/4.7.3/../../../../arm-none-eabi/lib/armv7-m\libg.a(lib_a-locale.o)
 .debug_frame   0x000025d0       0x38 c:/program files (x86)/cypress/psoc creator/3.0/psoc creator/import/gnu_cs/arm/4.7.3/bin/../lib/gcc/arm-none-eabi/4.7.3/../../../../arm-none-eabi/lib/armv7-m\libg.a(lib_a-mallocr.o)
 .debug_frame   0x00002608       0x2c c:/program files (x86)/cypress/psoc creator/3.0/psoc creator/import/gnu_cs/arm/4.7.3/bin/../lib/gcc/arm-none-eabi/4.7.3/../../../../arm-none-eabi/lib/armv7-m\libg.a(lib_a-memchr.o)
 .debug_frame   0x00002634       0x30 c:/program files (x86)/cypress/psoc creator/3.0/psoc creator/import/gnu_cs/arm/4.7.3/bin/../lib/gcc/arm-none-eabi/4.7.3/../../../../arm-none-eabi/lib/armv7-m\libg.a(lib_a-mlock.o)
 .debug_frame   0x00002664      0x238 c:/program files (x86)/cypress/psoc creator/3.0/psoc creator/import/gnu_cs/arm/4.7.3/bin/../lib/gcc/arm-none-eabi/4.7.3/../../../../arm-none-eabi/lib/armv7-m\libg.a(lib_a-mprec.o)
 .debug_frame   0x0000289c       0x20 c:/program files (x86)/cypress/psoc creator/3.0/psoc creator/import/gnu_cs/arm/4.7.3/bin/../lib/gcc/arm-none-eabi/4.7.3/../../../../arm-none-eabi/lib/armv7-m\libg.a(lib_a-s_fpclassify.o)
 .debug_frame   0x000028bc       0x2c c:/program files (x86)/cypress/psoc creator/3.0/psoc creator/import/gnu_cs/arm/4.7.3/bin/../lib/gcc/arm-none-eabi/4.7.3/../../../../arm-none-eabi/lib/armv7-m\libg.a(lib_a-sbrkr.o)
 .debug_frame   0x000028e8       0x30 c:/program files (x86)/cypress/psoc creator/3.0/psoc creator/import/gnu_cs/arm/4.7.3/bin/../lib/gcc/arm-none-eabi/4.7.3/../../../../arm-none-eabi/lib/armv7-m\libg.a(lib_a-strcmp.o)
 .debug_frame   0x00002918       0x20 c:/program files (x86)/cypress/psoc creator/3.0/psoc creator/import/gnu_cs/arm/4.7.3/bin/../lib/gcc/arm-none-eabi/4.7.3/../../../../arm-none-eabi/lib/armv7-m\libg.a(lib_a-strlen.o)
 .debug_frame   0x00002938       0x64 c:/program files (x86)/cypress/psoc creator/3.0/psoc creator/import/gnu_cs/arm/4.7.3/bin/../lib/gcc/arm-none-eabi/4.7.3/../../../../arm-none-eabi/lib/armv7-m\libg.a(lib_a-svfiprintf.o)
 .debug_frame   0x0000299c       0x28 c:/program files (x86)/cypress/psoc creator/3.0/psoc creator/import/gnu_cs/arm/4.7.3/bin/../lib/gcc/arm-none-eabi/4.7.3/../../../../arm-none-eabi/lib/armv7-m\libg.a(lib_a-callocr.o)
 .debug_frame   0x000029c4       0x50 c:/program files (x86)/cypress/psoc creator/3.0/psoc creator/import/gnu_cs/arm/4.7.3/bin/../lib/gcc/arm-none-eabi/4.7.3/../../../../arm-none-eabi/lib/armv7-m\libg.a(lib_a-freer.o)
 .debug_frame   0x00002a14       0x30 c:/program files (x86)/cypress/psoc creator/3.0/psoc creator/import/gnu_cs/arm/4.7.3/bin/../lib/gcc/arm-none-eabi/4.7.3/../../../../arm-none-eabi/lib/armv7-m\libg.a(lib_a-memmove.o)
 .debug_frame   0x00002a44       0x38 c:/program files (x86)/cypress/psoc creator/3.0/psoc creator/import/gnu_cs/arm/4.7.3/bin/../lib/gcc/arm-none-eabi/4.7.3/../../../../arm-none-eabi/lib/armv7-m\libg.a(lib_a-reallocr.o)
 .debug_frame   0x00002a7c       0x6c c:/program files (x86)/cypress/psoc creator/3.0/psoc creator/import/gnu_cs/arm/4.7.3/bin/../lib/gcc/arm-none-eabi/4.7.3/../../../../arm-none-eabi/lib/armv7-m\libg.a(lib_a-reent.o)
 .debug_frame   0x00002ae8       0x20 c:/program files (x86)/cypress/psoc creator/3.0/psoc creator/import/gnu_cs/arm/4.7.3/bin/../lib/gcc/arm-none-eabi/4.7.3/../../../../arm-none-eabi/lib/armv7-m\libnosys.a(sbrk.o)

.debug_str      0x00000000     0x234e
 *(.debug_str)
 .debug_str     0x00000000      0x19a .\CortexM3\ARM_GCC_473\Debug\main.o
                                0x1d3 (size before relaxing)
 .debug_str     0x0000019a       0x6c .\CortexM3\ARM_GCC_473\Debug\calibrate.o
                                0x1cf (size before relaxing)
 .debug_str     0x00000206       0x77 .\CortexM3\ARM_GCC_473\Debug\cymetadata.o
                                0x1b9 (size before relaxing)
 .debug_str     0x0000027d      0x10d .\CortexM3\ARM_GCC_473\Debug\Cm3Start.o
                                0x275 (size before relaxing)
 .debug_str     0x0000038a      0x150 .\CortexM3\ARM_GCC_473\Debug\Node-Elephant.a(cyfitter_cfg.o)
                                0x2c6 (size before relaxing)
 .debug_str     0x000004da       0xc7 .\CortexM3\ARM_GCC_473\Debug\Node-Elephant.a(EEPROM.o)
                                0x23e (size before relaxing)
 .debug_str     0x000005a1      0x173 .\CortexM3\ARM_GCC_473\Debug\Node-Elephant.a(LCD.o)
                                0x2d4 (size before relaxing)
 .debug_str     0x00000714      0x2d7 .\CortexM3\ARM_GCC_473\Debug\Node-Elephant.a(ADC_SAR.o)
                                0x44c (size before relaxing)
 .debug_str     0x000009eb       0x33 .\CortexM3\ARM_GCC_473\Debug\Node-Elephant.a(ADC_SAR_INT.o)
                                0x16f (size before relaxing)
 .debug_str     0x00000a1e      0x23c .\CortexM3\ARM_GCC_473\Debug\Node-Elephant.a(ADC_SAR_SAR.o)
                                0x423 (size before relaxing)
 .debug_str     0x00000c5a       0xbd .\CortexM3\ARM_GCC_473\Debug\Node-Elephant.a(ADC_SAR_TempBuf_dma.o)
                                0x206 (size before relaxing)
 .debug_str     0x00000d17       0x86 .\CortexM3\ARM_GCC_473\Debug\Node-Elephant.a(ADC_SAR_FinalBuf_dma.o)
                                0x20a (size before relaxing)
 .debug_str     0x00000d9d      0x154 .\CortexM3\ARM_GCC_473\Debug\Node-Elephant.a(ADC_SAR_IRQ.o)
                                0x2bd (size before relaxing)
 .debug_str     0x00000ef1      0x318 .\CortexM3\ARM_GCC_473\Debug\Node-Elephant.a(CyDmac.o)
                                0x4e0 (size before relaxing)
 .debug_str     0x00001209      0x114 .\CortexM3\ARM_GCC_473\Debug\Node-Elephant.a(CyFlash.o)
                                0x2b0 (size before relaxing)
 .debug_str     0x0000131d      0x5f1 .\CortexM3\ARM_GCC_473\Debug\Node-Elephant.a(CyLib.o)
                                0x7db (size before relaxing)
 .debug_str     0x0000190e      0x371 .\CortexM3\ARM_GCC_473\Debug\Node-Elephant.a(cyPm.o)
                                0x4ea (size before relaxing)
 .debug_str     0x00001c7f       0xf1 .\CortexM3\ARM_GCC_473\Debug\Node-Elephant.a(CySpc.o)
                                0x28c (size before relaxing)
 .debug_str     0x00001d70       0x6d .\CortexM3\ARM_GCC_473\Debug\Node-Elephant.a(Button.o)
                                0x1b6 (size before relaxing)
 .debug_str     0x00001ddd      0x175 .\CortexM3\ARM_GCC_473\Debug\Node-Elephant.a(Timer.o)
                                0x2d1 (size before relaxing)
 .debug_str     0x00001f52       0xcc .\CortexM3\ARM_GCC_473\Debug\Node-Elephant.a(isr.o)
                                0x259 (size before relaxing)
 .debug_str     0x0000201e      0x121 .\CortexM3\ARM_GCC_473\Debug\Node-Elephant.a(Filter.o)
                                0x290 (size before relaxing)
 .debug_str     0x0000213f       0x57 .\CortexM3\ARM_GCC_473\Debug\Node-Elephant.a(Filter_PVT.o)
                                0x19e (size before relaxing)
 .debug_str     0x00002196       0x2b .\CortexM3\ARM_GCC_473\Debug\Node-Elephant.a(Filter_RAM_Data.o)
                                0x1af (size before relaxing)
 .debug_str     0x000021c1      0x13b .\CortexM3\ARM_GCC_473\Debug\Node-Elephant.a(isr_filter.o)
                                0x2bc (size before relaxing)
 .debug_str     0x000022fc       0x52 .\CortexM3\ARM_GCC_473\Debug\Node-Elephant.a(DMA_dma.o)
                                0x1d6 (size before relaxing)

.debug_loc      0x00000000     0x3896
 *(.debug_loc)
 .debug_loc     0x00000000       0x38 .\CortexM3\ARM_GCC_473\Debug\main.o
 .debug_loc     0x00000038       0x3a .\CortexM3\ARM_GCC_473\Debug\calibrate.o
 .debug_loc     0x00000072      0x100 .\CortexM3\ARM_GCC_473\Debug\Cm3Start.o
 .debug_loc     0x00000172      0x1f8 .\CortexM3\ARM_GCC_473\Debug\Node-Elephant.a(cyfitter_cfg.o)
 .debug_loc     0x0000036a      0x19c .\CortexM3\ARM_GCC_473\Debug\Node-Elephant.a(EEPROM.o)
 .debug_loc     0x00000506      0x350 .\CortexM3\ARM_GCC_473\Debug\Node-Elephant.a(LCD.o)
 .debug_loc     0x00000856      0x420 .\CortexM3\ARM_GCC_473\Debug\Node-Elephant.a(ADC_SAR.o)
 .debug_loc     0x00000c76       0x2c .\CortexM3\ARM_GCC_473\Debug\Node-Elephant.a(ADC_SAR_INT.o)
 .debug_loc     0x00000ca2      0x3b4 .\CortexM3\ARM_GCC_473\Debug\Node-Elephant.a(ADC_SAR_SAR.o)
 .debug_loc     0x00001056       0x64 .\CortexM3\ARM_GCC_473\Debug\Node-Elephant.a(ADC_SAR_TempBuf_dma.o)
 .debug_loc     0x000010ba       0x64 .\CortexM3\ARM_GCC_473\Debug\Node-Elephant.a(ADC_SAR_FinalBuf_dma.o)
 .debug_loc     0x0000111e      0x278 .\CortexM3\ARM_GCC_473\Debug\Node-Elephant.a(ADC_SAR_IRQ.o)
 .debug_loc     0x00001396      0x51c .\CortexM3\ARM_GCC_473\Debug\Node-Elephant.a(CyDmac.o)
 .debug_loc     0x000018b2      0x258 .\CortexM3\ARM_GCC_473\Debug\Node-Elephant.a(CyFlash.o)
 .debug_loc     0x00001b0a      0xce0 .\CortexM3\ARM_GCC_473\Debug\Node-Elephant.a(CyLib.o)
 .debug_loc     0x000027ea      0x2e8 .\CortexM3\ARM_GCC_473\Debug\Node-Elephant.a(cyPm.o)
 .debug_loc     0x00002ad2      0x230 .\CortexM3\ARM_GCC_473\Debug\Node-Elephant.a(CySpc.o)
 .debug_loc     0x00002d02       0xc8 .\CortexM3\ARM_GCC_473\Debug\Node-Elephant.a(Button.o)
 .debug_loc     0x00002dca      0x2d0 .\CortexM3\ARM_GCC_473\Debug\Node-Elephant.a(Timer.o)
 .debug_loc     0x0000309a      0x278 .\CortexM3\ARM_GCC_473\Debug\Node-Elephant.a(isr.o)
 .debug_loc     0x00003312      0x238 .\CortexM3\ARM_GCC_473\Debug\Node-Elephant.a(Filter.o)
 .debug_loc     0x0000354a       0x70 .\CortexM3\ARM_GCC_473\Debug\Node-Elephant.a(Filter_PVT.o)
 .debug_loc     0x000035ba      0x278 .\CortexM3\ARM_GCC_473\Debug\Node-Elephant.a(isr_filter.o)
 .debug_loc     0x00003832       0x64 .\CortexM3\ARM_GCC_473\Debug\Node-Elephant.a(DMA_dma.o)

.debug_macinfo
 *(.debug_macinfo)

.debug_ranges   0x00000000      0x990
 *(.debug_ranges)
 .debug_ranges  0x00000000       0x10 .\CortexM3\ARM_GCC_473\Debug\main.o
 .debug_ranges  0x00000010       0x10 .\CortexM3\ARM_GCC_473\Debug\calibrate.o
 .debug_ranges  0x00000020       0x30 .\CortexM3\ARM_GCC_473\Debug\Cm3Start.o
 .debug_ranges  0x00000050       0x50 .\CortexM3\ARM_GCC_473\Debug\Node-Elephant.a(cyfitter_cfg.o)
 .debug_ranges  0x000000a0       0x48 .\CortexM3\ARM_GCC_473\Debug\Node-Elephant.a(EEPROM.o)
 .debug_ranges  0x000000e8       0x88 .\CortexM3\ARM_GCC_473\Debug\Node-Elephant.a(LCD.o)
 .debug_ranges  0x00000170       0xb0 .\CortexM3\ARM_GCC_473\Debug\Node-Elephant.a(ADC_SAR.o)
 .debug_ranges  0x00000220       0x10 .\CortexM3\ARM_GCC_473\Debug\Node-Elephant.a(ADC_SAR_INT.o)
 .debug_ranges  0x00000230       0x98 .\CortexM3\ARM_GCC_473\Debug\Node-Elephant.a(ADC_SAR_SAR.o)
 .debug_ranges  0x000002c8       0x18 .\CortexM3\ARM_GCC_473\Debug\Node-Elephant.a(ADC_SAR_TempBuf_dma.o)
 .debug_ranges  0x000002e0       0x18 .\CortexM3\ARM_GCC_473\Debug\Node-Elephant.a(ADC_SAR_FinalBuf_dma.o)
 .debug_ranges  0x000002f8       0x70 .\CortexM3\ARM_GCC_473\Debug\Node-Elephant.a(ADC_SAR_IRQ.o)
 .debug_ranges  0x00000368       0xc8 .\CortexM3\ARM_GCC_473\Debug\Node-Elephant.a(CyDmac.o)
 .debug_ranges  0x00000430       0x68 .\CortexM3\ARM_GCC_473\Debug\Node-Elephant.a(CyFlash.o)
 .debug_ranges  0x00000498      0x208 .\CortexM3\ARM_GCC_473\Debug\Node-Elephant.a(CyLib.o)
 .debug_ranges  0x000006a0       0x80 .\CortexM3\ARM_GCC_473\Debug\Node-Elephant.a(cyPm.o)
 .debug_ranges  0x00000720       0x58 .\CortexM3\ARM_GCC_473\Debug\Node-Elephant.a(CySpc.o)
 .debug_ranges  0x00000778       0x28 .\CortexM3\ARM_GCC_473\Debug\Node-Elephant.a(Button.o)
 .debug_ranges  0x000007a0       0x80 .\CortexM3\ARM_GCC_473\Debug\Node-Elephant.a(Timer.o)
 .debug_ranges  0x00000820       0x70 .\CortexM3\ARM_GCC_473\Debug\Node-Elephant.a(isr.o)
 .debug_ranges  0x00000890       0x60 .\CortexM3\ARM_GCC_473\Debug\Node-Elephant.a(Filter.o)
 .debug_ranges  0x000008f0       0x18 .\CortexM3\ARM_GCC_473\Debug\Node-Elephant.a(Filter_PVT.o)
 .debug_ranges  0x00000908       0x70 .\CortexM3\ARM_GCC_473\Debug\Node-Elephant.a(isr_filter.o)
 .debug_ranges  0x00000978       0x18 .\CortexM3\ARM_GCC_473\Debug\Node-Elephant.a(DMA_dma.o)

.comment        0x00000000       0x70
 .comment       0x00000000       0x70 .\CortexM3\ARM_GCC_473\Debug\main.o
                                 0x71 (size before relaxing)
 .comment       0x00000000       0x71 .\CortexM3\ARM_GCC_473\Debug\calibrate.o
 .comment       0x00000000       0x71 .\CortexM3\ARM_GCC_473\Debug\cymetadata.o
 .comment       0x00000000       0x71 .\CortexM3\ARM_GCC_473\Debug\Cm3Start.o
 .comment       0x00000000       0x71 .\CortexM3\ARM_GCC_473\Debug\Node-Elephant.a(cyfitter_cfg.o)
 .comment       0x00000000       0x71 .\CortexM3\ARM_GCC_473\Debug\Node-Elephant.a(EEPROM.o)
 .comment       0x00000000       0x71 .\CortexM3\ARM_GCC_473\Debug\Node-Elephant.a(LCD.o)
 .comment       0x00000000       0x71 .\CortexM3\ARM_GCC_473\Debug\Node-Elephant.a(ADC_SAR.o)
 .comment       0x00000000       0x71 .\CortexM3\ARM_GCC_473\Debug\Node-Elephant.a(ADC_SAR_INT.o)
 .comment       0x00000000       0x71 .\CortexM3\ARM_GCC_473\Debug\Node-Elephant.a(ADC_SAR_SAR.o)
 .comment       0x00000000       0x71 .\CortexM3\ARM_GCC_473\Debug\Node-Elephant.a(ADC_SAR_TempBuf_dma.o)
 .comment       0x00000000       0x71 .\CortexM3\ARM_GCC_473\Debug\Node-Elephant.a(ADC_SAR_FinalBuf_dma.o)
 .comment       0x00000000       0x71 .\CortexM3\ARM_GCC_473\Debug\Node-Elephant.a(ADC_SAR_IRQ.o)
 .comment       0x00000000       0x71 .\CortexM3\ARM_GCC_473\Debug\Node-Elephant.a(CyDmac.o)
 .comment       0x00000000       0x71 .\CortexM3\ARM_GCC_473\Debug\Node-Elephant.a(CyFlash.o)
 .comment       0x00000000       0x71 .\CortexM3\ARM_GCC_473\Debug\Node-Elephant.a(CyLib.o)
 .comment       0x00000000       0x71 .\CortexM3\ARM_GCC_473\Debug\Node-Elephant.a(cyPm.o)
 .comment       0x00000000       0x71 .\CortexM3\ARM_GCC_473\Debug\Node-Elephant.a(CySpc.o)
 .comment       0x00000000       0x71 .\CortexM3\ARM_GCC_473\Debug\Node-Elephant.a(Button.o)
 .comment       0x00000000       0x71 .\CortexM3\ARM_GCC_473\Debug\Node-Elephant.a(Timer.o)
 .comment       0x00000000       0x71 .\CortexM3\ARM_GCC_473\Debug\Node-Elephant.a(isr.o)
 .comment       0x00000000       0x71 .\CortexM3\ARM_GCC_473\Debug\Node-Elephant.a(Filter.o)
 .comment       0x00000000       0x71 .\CortexM3\ARM_GCC_473\Debug\Node-Elephant.a(Filter_PVT.o)
 .comment       0x00000000       0x71 .\CortexM3\ARM_GCC_473\Debug\Node-Elephant.a(Filter_RAM_Data.o)
 .comment       0x00000000       0x71 .\CortexM3\ARM_GCC_473\Debug\Node-Elephant.a(isr_filter.o)
 .comment       0x00000000       0x71 .\CortexM3\ARM_GCC_473\Debug\Node-Elephant.a(DMA_dma.o)

.debug_weaknames
 *(.debug_weaknames)

.debug_funcnames
 *(.debug_funcnames)

.debug_typenames
 *(.debug_typenames)

.debug_varnames
 *(.debug_varnames)

.note.gnu.arm.ident
 *(.note.gnu.arm.ident)

.ARM.attributes
                0x00000000       0x29
 *(.ARM.attributes)
 .ARM.attributes
                0x00000000       0x1d c:/program files (x86)/cypress/psoc creator/3.0/psoc creator/import/gnu_cs/arm/4.7.3/bin/../lib/gcc/arm-none-eabi/4.7.3/armv7-m/crti.o
 .ARM.attributes
                0x0000001d       0x2d c:/program files (x86)/cypress/psoc creator/3.0/psoc creator/import/gnu_cs/arm/4.7.3/bin/../lib/gcc/arm-none-eabi/4.7.3/armv7-m/crtbegin.o
 .ARM.attributes
                0x0000004a       0x1b c:/program files (x86)/cypress/psoc creator/3.0/psoc creator/import/gnu_cs/arm/4.7.3/bin/../lib/gcc/arm-none-eabi/4.7.3/../../../../arm-none-eabi/lib/armv7-m/crt0.o
 .ARM.attributes
                0x00000065       0x33 .\CortexM3\ARM_GCC_473\Debug\main.o
 .ARM.attributes
                0x00000098       0x33 .\CortexM3\ARM_GCC_473\Debug\calibrate.o
 .ARM.attributes
                0x000000cb       0x33 .\CortexM3\ARM_GCC_473\Debug\cymetadata.o
 .ARM.attributes
                0x000000fe       0x33 .\CortexM3\ARM_GCC_473\Debug\Cm3Start.o
 .ARM.attributes
                0x00000131       0x33 .\CortexM3\ARM_GCC_473\Debug\Node-Elephant.a(cyfitter_cfg.o)
 .ARM.attributes
                0x00000164       0x33 .\CortexM3\ARM_GCC_473\Debug\Node-Elephant.a(EEPROM.o)
 .ARM.attributes
                0x00000197       0x33 .\CortexM3\ARM_GCC_473\Debug\Node-Elephant.a(LCD.o)
 .ARM.attributes
                0x000001ca       0x33 .\CortexM3\ARM_GCC_473\Debug\Node-Elephant.a(ADC_SAR.o)
 .ARM.attributes
                0x000001fd       0x33 .\CortexM3\ARM_GCC_473\Debug\Node-Elephant.a(ADC_SAR_INT.o)
 .ARM.attributes
                0x00000230       0x33 .\CortexM3\ARM_GCC_473\Debug\Node-Elephant.a(ADC_SAR_SAR.o)
 .ARM.attributes
                0x00000263       0x33 .\CortexM3\ARM_GCC_473\Debug\Node-Elephant.a(ADC_SAR_TempBuf_dma.o)
 .ARM.attributes
                0x00000296       0x33 .\CortexM3\ARM_GCC_473\Debug\Node-Elephant.a(ADC_SAR_FinalBuf_dma.o)
 .ARM.attributes
                0x000002c9       0x33 .\CortexM3\ARM_GCC_473\Debug\Node-Elephant.a(ADC_SAR_IRQ.o)
 .ARM.attributes
                0x000002fc       0x21 .\CortexM3\ARM_GCC_473\Debug\Node-Elephant.a(CyBootAsmGnu.o)
 .ARM.attributes
                0x0000031d       0x33 .\CortexM3\ARM_GCC_473\Debug\Node-Elephant.a(CyDmac.o)
 .ARM.attributes
                0x00000350       0x33 .\CortexM3\ARM_GCC_473\Debug\Node-Elephant.a(CyFlash.o)
 .ARM.attributes
                0x00000383       0x33 .\CortexM3\ARM_GCC_473\Debug\Node-Elephant.a(CyLib.o)
 .ARM.attributes
                0x000003b6       0x33 .\CortexM3\ARM_GCC_473\Debug\Node-Elephant.a(cyPm.o)
 .ARM.attributes
                0x000003e9       0x33 .\CortexM3\ARM_GCC_473\Debug\Node-Elephant.a(CySpc.o)
 .ARM.attributes
                0x0000041c       0x33 .\CortexM3\ARM_GCC_473\Debug\Node-Elephant.a(Button.o)
 .ARM.attributes
                0x0000044f       0x33 .\CortexM3\ARM_GCC_473\Debug\Node-Elephant.a(Timer.o)
 .ARM.attributes
                0x00000482       0x33 .\CortexM3\ARM_GCC_473\Debug\Node-Elephant.a(isr.o)
 .ARM.attributes
                0x000004b5       0x33 .\CortexM3\ARM_GCC_473\Debug\Node-Elephant.a(Filter.o)
 .ARM.attributes
                0x000004e8       0x33 .\CortexM3\ARM_GCC_473\Debug\Node-Elephant.a(Filter_PVT.o)
 .ARM.attributes
                0x0000051b       0x33 .\CortexM3\ARM_GCC_473\Debug\Node-Elephant.a(Filter_RAM_Data.o)
 .ARM.attributes
                0x0000054e       0x33 .\CortexM3\ARM_GCC_473\Debug\Node-Elephant.a(isr_filter.o)
 .ARM.attributes
                0x00000581       0x33 .\CortexM3\ARM_GCC_473\Debug\Node-Elephant.a(DMA_dma.o)
 .ARM.attributes
                0x000005b4       0x1d c:/program files (x86)/cypress/psoc creator/3.0/psoc creator/import/gnu_cs/arm/4.7.3/bin/../lib/gcc/arm-none-eabi/4.7.3/armv7-m\libgcc.a(_arm_addsubdf3.o)
 .ARM.attributes
                0x000005d1       0x1d c:/program files (x86)/cypress/psoc creator/3.0/psoc creator/import/gnu_cs/arm/4.7.3/bin/../lib/gcc/arm-none-eabi/4.7.3/armv7-m\libgcc.a(_arm_addsubsf3.o)
 .ARM.attributes
                0x000005ee       0x1d c:/program files (x86)/cypress/psoc creator/3.0/psoc creator/import/gnu_cs/arm/4.7.3/bin/../lib/gcc/arm-none-eabi/4.7.3/armv7-m\libgcc.a(_arm_muldivsf3.o)
 .ARM.attributes
                0x0000060b       0x1d c:/program files (x86)/cypress/psoc creator/3.0/psoc creator/import/gnu_cs/arm/4.7.3/bin/../lib/gcc/arm-none-eabi/4.7.3/armv7-m\libgcc.a(_aeabi_ldivmod.o)
 .ARM.attributes
                0x00000628       0x2d c:/program files (x86)/cypress/psoc creator/3.0/psoc creator/import/gnu_cs/arm/4.7.3/bin/../lib/gcc/arm-none-eabi/4.7.3/armv7-m\libgcc.a(bpabi.o)
 .ARM.attributes
                0x00000655       0x1d c:/program files (x86)/cypress/psoc creator/3.0/psoc creator/import/gnu_cs/arm/4.7.3/bin/../lib/gcc/arm-none-eabi/4.7.3/armv7-m\libgcc.a(_dvmd_tls.o)
 .ARM.attributes
                0x00000672       0x2d c:/program files (x86)/cypress/psoc creator/3.0/psoc creator/import/gnu_cs/arm/4.7.3/bin/../lib/gcc/arm-none-eabi/4.7.3/armv7-m\libgcc.a(_divdi3.o)
 .ARM.attributes
                0x0000069f       0x2d c:/program files (x86)/cypress/psoc creator/3.0/psoc creator/import/gnu_cs/arm/4.7.3/bin/../lib/gcc/arm-none-eabi/4.7.3/armv7-m\libgcc.a(_udivdi3.o)
 .ARM.attributes
                0x000006cc       0x2d c:/program files (x86)/cypress/psoc creator/3.0/psoc creator/import/gnu_cs/arm/4.7.3/bin/../lib/gcc/arm-none-eabi/4.7.3/../../../../arm-none-eabi/lib/armv7-m\libg.a(lib_a-__atexit.o)
 .ARM.attributes
                0x000006f9       0x2d c:/program files (x86)/cypress/psoc creator/3.0/psoc creator/import/gnu_cs/arm/4.7.3/bin/../lib/gcc/arm-none-eabi/4.7.3/../../../../arm-none-eabi/lib/armv7-m\libg.a(lib_a-exit.o)
 .ARM.attributes
                0x00000726       0x2d c:/program files (x86)/cypress/psoc creator/3.0/psoc creator/import/gnu_cs/arm/4.7.3/bin/../lib/gcc/arm-none-eabi/4.7.3/../../../../arm-none-eabi/lib/armv7-m\libg.a(lib_a-fini.o)
 .ARM.attributes
                0x00000753       0x2d c:/program files (x86)/cypress/psoc creator/3.0/psoc creator/import/gnu_cs/arm/4.7.3/bin/../lib/gcc/arm-none-eabi/4.7.3/../../../../arm-none-eabi/lib/armv7-m\libg.a(lib_a-impure.o)
 .ARM.attributes
                0x00000780       0x2d c:/program files (x86)/cypress/psoc creator/3.0/psoc creator/import/gnu_cs/arm/4.7.3/bin/../lib/gcc/arm-none-eabi/4.7.3/../../../../arm-none-eabi/lib/armv7-m\libg.a(lib_a-init.o)
 .ARM.attributes
                0x000007ad       0x2d c:/program files (x86)/cypress/psoc creator/3.0/psoc creator/import/gnu_cs/arm/4.7.3/bin/../lib/gcc/arm-none-eabi/4.7.3/../../../../arm-none-eabi/lib/armv7-m\libg.a(lib_a-memcpy.o)
 .ARM.attributes
                0x000007da       0x2d c:/program files (x86)/cypress/psoc creator/3.0/psoc creator/import/gnu_cs/arm/4.7.3/bin/../lib/gcc/arm-none-eabi/4.7.3/../../../../arm-none-eabi/lib/armv7-m\libg.a(lib_a-memset.o)
 .ARM.attributes
                0x00000807       0x2d c:/program files (x86)/cypress/psoc creator/3.0/psoc creator/import/gnu_cs/arm/4.7.3/bin/../lib/gcc/arm-none-eabi/4.7.3/../../../../arm-none-eabi/lib/armv7-m\libg.a(lib_a-sprintf.o)
 .ARM.attributes
                0x00000834       0x2d c:/program files (x86)/cypress/psoc creator/3.0/psoc creator/import/gnu_cs/arm/4.7.3/bin/../lib/gcc/arm-none-eabi/4.7.3/../../../../arm-none-eabi/lib/armv7-m\libg.a(lib_a-svfprintf.o)
 .ARM.attributes
                0x00000861       0x2d c:/program files (x86)/cypress/psoc creator/3.0/psoc creator/import/gnu_cs/arm/4.7.3/bin/../lib/gcc/arm-none-eabi/4.7.3/../../../../arm-none-eabi/lib/armv7-m\libg.a(lib_a-__call_atexit.o)
 .ARM.attributes
                0x0000088e       0x2d c:/program files (x86)/cypress/psoc creator/3.0/psoc creator/import/gnu_cs/arm/4.7.3/bin/../lib/gcc/arm-none-eabi/4.7.3/../../../../arm-none-eabi/lib/armv7-m\libg.a(lib_a-atexit.o)
 .ARM.attributes
                0x000008bb       0x2d c:/program files (x86)/cypress/psoc creator/3.0/psoc creator/import/gnu_cs/arm/4.7.3/bin/../lib/gcc/arm-none-eabi/4.7.3/../../../../arm-none-eabi/lib/armv7-m\libg.a(lib_a-dtoa.o)
 .ARM.attributes
                0x000008e8       0x2d c:/program files (x86)/cypress/psoc creator/3.0/psoc creator/import/gnu_cs/arm/4.7.3/bin/../lib/gcc/arm-none-eabi/4.7.3/../../../../arm-none-eabi/lib/armv7-m\libg.a(lib_a-locale.o)
 .ARM.attributes
                0x00000915       0x2d c:/program files (x86)/cypress/psoc creator/3.0/psoc creator/import/gnu_cs/arm/4.7.3/bin/../lib/gcc/arm-none-eabi/4.7.3/../../../../arm-none-eabi/lib/armv7-m\libg.a(lib_a-mallocr.o)
 .ARM.attributes
                0x00000942       0x2d c:/program files (x86)/cypress/psoc creator/3.0/psoc creator/import/gnu_cs/arm/4.7.3/bin/../lib/gcc/arm-none-eabi/4.7.3/../../../../arm-none-eabi/lib/armv7-m\libg.a(lib_a-memchr.o)
 .ARM.attributes
                0x0000096f       0x2d c:/program files (x86)/cypress/psoc creator/3.0/psoc creator/import/gnu_cs/arm/4.7.3/bin/../lib/gcc/arm-none-eabi/4.7.3/../../../../arm-none-eabi/lib/armv7-m\libg.a(lib_a-mlock.o)
 .ARM.attributes
                0x0000099c       0x2d c:/program files (x86)/cypress/psoc creator/3.0/psoc creator/import/gnu_cs/arm/4.7.3/bin/../lib/gcc/arm-none-eabi/4.7.3/../../../../arm-none-eabi/lib/armv7-m\libg.a(lib_a-mprec.o)
 .ARM.attributes
                0x000009c9       0x2d c:/program files (x86)/cypress/psoc creator/3.0/psoc creator/import/gnu_cs/arm/4.7.3/bin/../lib/gcc/arm-none-eabi/4.7.3/../../../../arm-none-eabi/lib/armv7-m\libg.a(lib_a-s_fpclassify.o)
 .ARM.attributes
                0x000009f6       0x2d c:/program files (x86)/cypress/psoc creator/3.0/psoc creator/import/gnu_cs/arm/4.7.3/bin/../lib/gcc/arm-none-eabi/4.7.3/../../../../arm-none-eabi/lib/armv7-m\libg.a(lib_a-sbrkr.o)
 .ARM.attributes
                0x00000a23       0x2d c:/program files (x86)/cypress/psoc creator/3.0/psoc creator/import/gnu_cs/arm/4.7.3/bin/../lib/gcc/arm-none-eabi/4.7.3/../../../../arm-none-eabi/lib/armv7-m\libg.a(lib_a-strcmp.o)
 .ARM.attributes
                0x00000a50       0x2d c:/program files (x86)/cypress/psoc creator/3.0/psoc creator/import/gnu_cs/arm/4.7.3/bin/../lib/gcc/arm-none-eabi/4.7.3/../../../../arm-none-eabi/lib/armv7-m\libg.a(lib_a-strlen.o)
 .ARM.attributes
                0x00000a7d       0x2d c:/program files (x86)/cypress/psoc creator/3.0/psoc creator/import/gnu_cs/arm/4.7.3/bin/../lib/gcc/arm-none-eabi/4.7.3/../../../../arm-none-eabi/lib/armv7-m\libg.a(lib_a-svfiprintf.o)
 .ARM.attributes
                0x00000aaa       0x2d c:/program files (x86)/cypress/psoc creator/3.0/psoc creator/import/gnu_cs/arm/4.7.3/bin/../lib/gcc/arm-none-eabi/4.7.3/../../../../arm-none-eabi/lib/armv7-m\libg.a(lib_a-callocr.o)
 .ARM.attributes
                0x00000ad7       0x2d c:/program files (x86)/cypress/psoc creator/3.0/psoc creator/import/gnu_cs/arm/4.7.3/bin/../lib/gcc/arm-none-eabi/4.7.3/../../../../arm-none-eabi/lib/armv7-m\libg.a(lib_a-freer.o)
 .ARM.attributes
                0x00000b04       0x2d c:/program files (x86)/cypress/psoc creator/3.0/psoc creator/import/gnu_cs/arm/4.7.3/bin/../lib/gcc/arm-none-eabi/4.7.3/../../../../arm-none-eabi/lib/armv7-m\libg.a(lib_a-memmove.o)
 .ARM.attributes
                0x00000b31       0x2d c:/program files (x86)/cypress/psoc creator/3.0/psoc creator/import/gnu_cs/arm/4.7.3/bin/../lib/gcc/arm-none-eabi/4.7.3/../../../../arm-none-eabi/lib/armv7-m\libg.a(lib_a-reallocr.o)
 .ARM.attributes
                0x00000b5e       0x2d c:/program files (x86)/cypress/psoc creator/3.0/psoc creator/import/gnu_cs/arm/4.7.3/bin/../lib/gcc/arm-none-eabi/4.7.3/../../../../arm-none-eabi/lib/armv7-m\libg.a(lib_a-reent.o)
 .ARM.attributes
                0x00000b8b       0x1d c:/program files (x86)/cypress/psoc creator/3.0/psoc creator/import/gnu_cs/arm/4.7.3/bin/../lib/gcc/arm-none-eabi/4.7.3/armv7-m\libgcc.a(_arm_muldivdf3.o)
 .ARM.attributes
                0x00000ba8       0x1d c:/program files (x86)/cypress/psoc creator/3.0/psoc creator/import/gnu_cs/arm/4.7.3/bin/../lib/gcc/arm-none-eabi/4.7.3/armv7-m\libgcc.a(_arm_cmpdf2.o)
 .ARM.attributes
                0x00000bc5       0x1d c:/program files (x86)/cypress/psoc creator/3.0/psoc creator/import/gnu_cs/arm/4.7.3/bin/../lib/gcc/arm-none-eabi/4.7.3/armv7-m\libgcc.a(_arm_fixdfsi.o)
 .ARM.attributes
                0x00000be2       0x1d c:/program files (x86)/cypress/psoc creator/3.0/psoc creator/import/gnu_cs/arm/4.7.3/bin/../lib/gcc/arm-none-eabi/4.7.3/armv7-m\libgcc.a(_aeabi_uldivmod.o)
 .ARM.attributes
                0x00000bff       0x2d c:/program files (x86)/cypress/psoc creator/3.0/psoc creator/import/gnu_cs/arm/4.7.3/bin/../lib/gcc/arm-none-eabi/4.7.3/armv7-m/crtend.o
 .ARM.attributes
                0x00000c2c       0x1d c:/program files (x86)/cypress/psoc creator/3.0/psoc creator/import/gnu_cs/arm/4.7.3/bin/../lib/gcc/arm-none-eabi/4.7.3/armv7-m/crtn.o
 .ARM.attributes
                0x00000c49       0x2d c:/program files (x86)/cypress/psoc creator/3.0/psoc creator/import/gnu_cs/arm/4.7.3/bin/../lib/gcc/arm-none-eabi/4.7.3/../../../../arm-none-eabi/lib/armv7-m\libnosys.a(sbrk.o)

/DISCARD/
 *(.note.GNU-stack)
OUTPUT(.\CortexM3\ARM_GCC_473\Debug\Node-Elephant.elf elf32-littlearm)
